05-08 02:41:48.628 I/OMXMaster( 1682): makeComponentInstance(OMX.google.amrwb.encoder) in omx@1.0-service process
05-08 02:41:48.650 I/OMXClient( 1677): IOmx service obtained
05-08 02:41:48.651 I/OMXMaster( 1682): makeComponentInstance(OMX.google.flac.encoder) in omx@1.0-service process
05-08 02:41:48.684 I/OMXClient( 1677): IOmx service obtained
05-08 02:41:48.685 I/OMXMaster( 1682): makeComponentInstance(OMX.google.h264.decoder) in omx@1.0-service process
05-08 02:41:48.696 D/PackageManager( 1875): Instant App installer not found with android.intent.action.INSTALL_INSTANT_APP_PACKAGE
05-08 02:41:48.696 D/PackageManager( 1875): Clear ephemeral installer activity
05-08 02:41:48.697 I/SystemConfig( 2188): Adding association: com.google.android.as <- com.android.providers.telephony
05-08 02:41:48.699 I/SystemConfig( 2188): Adding association: com.google.android.as <- com.android.providers.contacts
05-08 02:41:48.699 I/SystemConfig( 2188): Adding association: com.google.android.as <- com.google.android.gms
05-08 02:41:48.700 I/SystemConfig( 2188): Adding association: com.google.android.as <- com.google.android.gsf
05-08 02:41:48.700 I/SystemConfig( 2188): Adding association: com.google.android.as <- com.google.android.apps.nexuslauncher
05-08 02:41:48.700 I/SystemConfig( 2188): Adding association: com.google.android.as <- com.google.android.googlequicksearchbox
05-08 02:41:48.700 I/SystemConfig( 2188): Adding association: com.google.android.as <- com.android.providers.media
05-08 02:41:48.700 I/SystemConfig( 2188): Adding association: com.google.android.as <- com.android.systemui.navbarhint
05-08 02:41:48.700 I/SystemConfig( 2188): Adding association: com.google.android.as <- com.android.systemui
05-08 02:41:48.720 E/OMXNodeInstance( 1682): getExtensionIndex(0xecd13980:google.h264.decoder, OMX.google.android.index.configureVideoTunnelMode) ERROR: UnsupportedIndex(0x8000101a)
05-08 02:41:48.721 D/MediaCodecInfo( 1677): detail feature-tunneled-playback wasn't present to remove
05-08 02:41:48.728 E/OMXNodeInstance( 1682): getExtensionIndex(0xecd13980:google.h264.decoder, OMX.google.android.index.enableAndroidNativeBuffers) ERROR: UnsupportedIndex(0x8000101a)
05-08 02:41:48.729 W/SystemConfig( 2188): No directory /product_services/etc/sysconfig, skipping
05-08 02:41:48.729 W/SystemConfig( 2188): No directory /product_services/etc/permissions, skipping
05-08 02:41:48.738 D/SystemUIBootTiming( 2092): StartServicescom.android.systemui.keyguard.KeyguardViewMediator took to complete: 235ms
05-08 02:41:48.739 I/OMXClient( 1677): IOmx service obtained
05-08 02:41:48.740 I/OMXMaster( 1682): makeComponentInstance(OMX.google.h263.decoder) in omx@1.0-service process
05-08 02:41:48.758 D/SystemUIBootTiming( 2092): StartServicescom.android.systemui.recents.Recents took to complete: 21ms
05-08 02:41:48.760 I/vol.Events( 2092): writeEvent collection_started
05-08 02:41:48.762 E/OMXNodeInstance( 1682): getExtensionIndex(0xecd13980:google.h263.decoder, OMX.google.android.index.configureVideoTunnelMode) ERROR: UnsupportedIndex(0x8000101a)
05-08 02:41:48.770 D/MediaCodecInfo( 1677): detail feature-tunneled-playback wasn't present to remove
05-08 02:41:48.771 E/OMXNodeInstance( 1682): getExtensionIndex(0xecd13980:google.h263.decoder, OMX.google.android.index.enableAndroidNativeBuffers) ERROR: UnsupportedIndex(0x8000101a)
05-08 02:41:48.777 I/OMXClient( 1677): IOmx service obtained
05-08 02:41:48.777 I/OMXMaster( 1682): makeComponentInstance(OMX.google.hevc.decoder) in omx@1.0-service process
05-08 02:41:48.779 I/SystemConfig( 2072): Adding association: com.google.android.as <- com.android.providers.telephony
05-08 02:41:48.780 I/SystemConfig( 2072): Adding association: com.google.android.as <- com.android.providers.contacts
05-08 02:41:48.781 I/SystemConfig( 2072): Adding association: com.google.android.as <- com.google.android.gms
05-08 02:41:48.781 I/SystemConfig( 2072): Adding association: com.google.android.as <- com.google.android.gsf
05-08 02:41:48.781 I/SystemConfig( 2072): Adding association: com.google.android.as <- com.google.android.apps.nexuslauncher
05-08 02:41:48.794 I/SystemConfig( 2072): Adding association: com.google.android.as <- com.google.android.googlequicksearchbox
05-08 02:41:48.794 I/SystemConfig( 2072): Adding association: com.google.android.as <- com.android.providers.media
05-08 02:41:48.794 I/SystemConfig( 2072): Adding association: com.google.android.as <- com.android.systemui.navbarhint
05-08 02:41:48.794 I/SystemConfig( 2072): Adding association: com.google.android.as <- com.android.systemui
05-08 02:41:48.807 W/SystemConfig( 2072): No directory /product_services/etc/sysconfig, skipping
05-08 02:41:48.808 W/SystemConfig( 2072): No directory /product_services/etc/permissions, skipping
05-08 02:41:48.832 E/OMXNodeInstance( 1682): getExtensionIndex(0xecd13980:google.hevc.decoder, OMX.google.android.index.configureVideoTunnelMode) ERROR: UnsupportedIndex(0x8000101a)
05-08 02:41:48.832 D/MediaCodecInfo( 1677): detail feature-tunneled-playback wasn't present to remove
05-08 02:41:48.832 E/OMXNodeInstance( 1682): getExtensionIndex(0xecd13980:google.hevc.decoder, OMX.google.android.index.enableAndroidNativeBuffers) ERROR: UnsupportedIndex(0x8000101a)
05-08 02:41:48.840 I/OMXClient( 1677): IOmx service obtained
05-08 02:41:48.840 I/OMXMaster( 1682): makeComponentInstance(OMX.google.mpeg4.decoder) in omx@1.0-service process
05-08 02:41:48.840 E/OMXNodeInstance( 1682): getExtensionIndex(0xecd13980:google.mpeg4.decoder, OMX.google.android.index.configureVideoTunnelMode) ERROR: UnsupportedIndex(0x8000101a)
05-08 02:41:48.841 D/MediaCodecInfo( 1677): detail feature-tunneled-playback wasn't present to remove
05-08 02:41:48.841 E/OMXNodeInstance( 1682): getExtensionIndex(0xecd13980:google.mpeg4.decoder, OMX.google.android.index.enableAndroidNativeBuffers) ERROR: UnsupportedIndex(0x8000101a)
05-08 02:41:48.870 I/OMXClient( 1677): IOmx service obtained
05-08 02:41:48.870 I/OMXMaster( 1682): makeComponentInstance(OMX.google.vp8.decoder) in omx@1.0-service process
05-08 02:41:48.885 I/RoleUserState( 1875): Wrote roles.xml successfully
05-08 02:41:48.885 E/OMXNodeInstance( 1682): getExtensionIndex(0xecd13980:google.vp8.decoder, OMX.google.android.index.configureVideoTunnelMode) ERROR: UnsupportedIndex(0x8000101a)
05-08 02:41:48.885 D/MediaCodecInfo( 1677): detail feature-tunneled-playback wasn't present to remove
05-08 02:41:48.886 E/OMXNodeInstance( 1682): getExtensionIndex(0xecd13980:google.vp8.decoder, OMX.google.android.index.enableAndroidNativeBuffers) ERROR: UnsupportedIndex(0x8000101a)
05-08 02:41:48.888 I/OMXClient( 1677): IOmx service obtained
05-08 02:41:48.888 I/OMXMaster( 1682): makeComponentInstance(OMX.google.vp9.decoder) in omx@1.0-service process
05-08 02:41:48.889 E/OMXNodeInstance( 1682): getExtensionIndex(0xecd13980:google.vp9.decoder, OMX.google.android.index.configureVideoTunnelMode) ERROR: UnsupportedIndex(0x8000101a)
05-08 02:41:48.889 D/MediaCodecInfo( 1677): detail feature-tunneled-playback wasn't present to remove
05-08 02:41:48.889 E/OMXNodeInstance( 1682): getExtensionIndex(0xecd13980:google.vp9.decoder, OMX.google.android.index.enableAndroidNativeBuffers) ERROR: UnsupportedIndex(0x8000101a)
05-08 02:41:48.891 I/OMXClient( 1677): IOmx service obtained
05-08 02:41:48.892 I/OMXMaster( 1682): makeComponentInstance(OMX.google.h264.encoder) in omx@1.0-service process
05-08 02:41:48.910 W/OMXUtils( 1677): do not know color format 0x7f000789 = 2130708361
05-08 02:41:48.915 I/OMXClient( 1677): IOmx service obtained
05-08 02:41:48.915 I/OMXMaster( 1682): makeComponentInstance(OMX.google.h263.encoder) in omx@1.0-service process
05-08 02:41:48.926 I/SoftMPEG4Encoder( 1682): Construct SoftMPEG4Encoder
05-08 02:41:48.927 W/OMXUtils( 1677): do not know color format 0x7f000789 = 2130708361
05-08 02:41:48.927 E/OMXNodeInstance( 1682): getConfig(0xecd13980:google.h263.encoder, ConfigAndroidIntraRefresh(0x6f60000a)) ERROR: Undefined(0x80001001)
05-08 02:41:48.927 E/OMXNodeInstance( 1682): getParameter(0xecd13980:google.h263.encoder, ParamVideoIntraRefresh(0x6000006)) ERROR: UnsupportedIndex(0x8000101a)
05-08 02:41:48.928 D/MediaCodecInfo( 1677): detail feature-frame-parsing wasn't present to remove
05-08 02:41:48.931 I/OMXClient( 1677): IOmx service obtained
05-08 02:41:48.931 I/OMXMaster( 1682): makeComponentInstance(OMX.google.mpeg4.encoder) in omx@1.0-service process
05-08 02:41:48.932 I/SoftMPEG4Encoder( 1682): Construct SoftMPEG4Encoder
05-08 02:41:48.932 W/OMXUtils( 1677): do not know color format 0x7f000789 = 2130708361
05-08 02:41:48.932 E/OMXNodeInstance( 1682): getConfig(0xecd13980:google.mpeg4.encoder, ConfigAndroidIntraRefresh(0x6f60000a)) ERROR: Undefined(0x80001001)
05-08 02:41:48.932 E/OMXNodeInstance( 1682): getParameter(0xecd13980:google.mpeg4.encoder, ParamVideoIntraRefresh(0x6000006)) ERROR: UnsupportedIndex(0x8000101a)
05-08 02:41:48.932 D/MediaCodecInfo( 1677): detail feature-frame-parsing wasn't present to remove
05-08 02:41:48.937 I/OMXClient( 1677): IOmx service obtained
05-08 02:41:48.937 I/OMXMaster( 1682): makeComponentInstance(OMX.google.vp8.encoder) in omx@1.0-service process
05-08 02:41:48.937 I/PackageManager( 1875): Replacing preferred activity com.google.android.apps.messaging/.ui.conversation.LaunchConversationActivity for user 0:
05-08 02:41:48.937 I/PackageManager( 1875):   Action: "android.intent.action.SENDTO"
05-08 02:41:48.937 I/PackageManager( 1875):   Category: "android.intent.category.DEFAULT"
05-08 02:41:48.937 I/PackageManager( 1875):   Scheme: "sms"
05-08 02:41:48.941 W/OMXUtils( 1677): do not know color format 0x7f000789 = 2130708361
05-08 02:41:48.941 E/OMXNodeInstance( 1682): getConfig(0xecd13980:google.vp8.encoder, ConfigAndroidIntraRefresh(0x6f60000a)) ERROR: Undefined(0x80001001)
05-08 02:41:48.941 E/OMXNodeInstance( 1682): getParameter(0xecd13980:google.vp8.encoder, ParamVideoIntraRefresh(0x6000006)) ERROR: UnsupportedIndex(0x8000101a)
05-08 02:41:48.941 D/MediaCodecInfo( 1677): detail feature-frame-parsing wasn't present to remove
05-08 02:41:48.943 I/PackageManager( 1875):   Action: "android.intent.action.SENDTO"
05-08 02:41:48.944 I/PackageManager( 1875):   Category: "android.intent.category.DEFAULT"
05-08 02:41:48.944 I/PackageManager( 1875):   Scheme: "smsto"
05-08 02:41:48.949 D/MediaCodecList( 1677): ignored a null builder
05-08 02:41:48.953 I/chatty  ( 1875): uid=1000(system) Binder:1875_4 identical 2 lines
05-08 02:41:48.953 I/PackageManager( 1875):   Action: "android.intent.action.SENDTO"
05-08 02:41:48.957 I/PackageManager( 1875):   Category: "android.intent.category.DEFAULT"
05-08 02:41:48.957 I/OMXClient( 1875): IOmx service obtained
05-08 02:41:48.957 I/PackageManager( 1875):   Scheme: "mms"
05-08 02:41:48.957 I/OMXMaster( 1682): makeComponentInstance(OMX.google.vorbis.decoder) in omx@1.0-service process
05-08 02:41:48.958 E/OMXNodeInstance( 1682): getConfig(0xecd13980:google.vorbis.decoder, ConfigAndroidVendorExtension(0x6f100004)) ERROR: Undefined(0x80001001)
05-08 02:41:48.958 I/OMXClient( 2092): IOmx service obtained
05-08 02:41:48.958 I/OMXMaster( 1682): makeComponentInstance(OMX.google.vorbis.decoder) in omx@1.0-service process
05-08 02:41:48.960 E/OMXNodeInstance( 1682): getConfig(0xecd13a40:google.vorbis.decoder, ConfigAndroidVendorExtension(0x6f100004)) ERROR: Undefined(0x80001001)
05-08 02:41:48.965 I/PackageManager( 1875): Replacing preferred activity com.google.android.apps.messaging/.ui.conversation.LaunchConversationActivity for user 0:
05-08 02:41:48.965 I/PackageManager( 1875):   Action: "android.intent.action.SENDTO"
05-08 02:41:48.965 I/PackageManager( 1875):   Category: "android.intent.category.DEFAULT"
05-08 02:41:48.966 I/PackageManager( 1875):   Scheme: "mmsto"
05-08 02:41:49.016 I/RoleControllerServiceImpl( 2188): Adding package as default/fallback role holder, package: com.google.android.dialer, role: android.app.role.DIALER
05-08 02:41:49.061 I/OMXClient( 1875): IOmx service obtained
05-08 02:41:49.061 I/OMXMaster( 1682): makeComponentInstance(OMX.google.vorbis.decoder) in omx@1.0-service process
05-08 02:41:49.061 E/OMXNodeInstance( 1682): getConfig(0xecd13980:google.vorbis.decoder, ConfigAndroidVendorExtension(0x6f100004)) ERROR: Undefined(0x80001001)
05-08 02:41:49.095 I/PackageManager( 1875): Replacing preferred activity com.google.android.dialer/com.google.android.apps.dialer.main.GoogleMainActivity for user 0:
05-08 02:41:49.096 I/PackageManager( 1875):   Action: "android.intent.action.DIAL"
05-08 02:41:49.096 I/PackageManager( 1875):   Category: "android.intent.category.DEFAULT"
05-08 02:41:49.096 I/PackageManager( 1875):   Scheme: "tel"
05-08 02:41:49.097 I/vol.Events( 2092): writeEvent level_changed STREAM_VOICE_CALL 1
05-08 02:41:49.100 I/vol.Events( 2092): writeEvent level_changed STREAM_SYSTEM 5
05-08 02:41:49.102 I/vol.Events( 2092): writeEvent level_changed STREAM_RING 5
05-08 02:41:49.103 I/vol.Events( 2092): writeEvent level_changed STREAM_MUSIC 5
05-08 02:41:49.106 D/SystemUIBootTiming( 2092): StartServicescom.android.systemui.volume.VolumeUI took to complete: 347ms
05-08 02:41:49.112 I/RoleControllerServiceImpl( 2188): Adding package as default/fallback role holder, package: com.google.android.setupwizard, role: android.app.role.HOME
05-08 02:41:49.112 I/vol.Events( 2092): writeEvent level_changed STREAM_ALARM 6
05-08 02:41:49.113 I/vol.Events( 2092): writeEvent level_changed STREAM_BLUETOOTH_SCO 7
05-08 02:41:49.118 I/vol.Events( 2092): writeEvent zen_mode_config_changed [disallowAlarms=false disallowMedia=false disallowSystem=true disallowRinger=false]
05-08 02:41:49.120 I/PackageManager( 1875): Replacing preferred activity com.google.android.setupwizard/.SetupWizardActivity for user 0:
05-08 02:41:49.120 I/PackageManager( 1875):   Action: "android.intent.action.MAIN"
05-08 02:41:49.120 I/PackageManager( 1875):   Category: "android.intent.category.HOME"
05-08 02:41:49.120 I/PackageManager( 1875):   Category: "android.intent.category.DEFAULT"
05-08 02:41:49.121 I/PackageManager( 1875): Result set changed, dropping preferred activity for Intent { act=android.intent.action.MAIN cat=[android.intent.category.HOME,android.intent.category.DEFAULT] } type null
05-08 02:41:49.156 W/AssistantRoleBehavior( 2188): Package com.google.android.googlequicksearchbox not qualified for android.app.role.ASSISTANT due to missing service and missing activity
05-08 02:41:49.157 W/ExclusiveDefaultHolderMixin( 2188): Default holder does not qualify for the role, config: config_defaultAssistant, package: com.google.android.googlequicksearchbox
05-08 02:41:49.164 I/RoleControllerServiceImpl( 2188): Adding package as default/fallback role holder, package: com.google.android.apps.safetyhub, role: android.app.role.EMERGENCY
05-08 02:41:49.167 W/ExclusiveDefaultHolderMixin( 2188): Default holder does not qualify for the role, config: config_defaultBrowser, package: com.android.chrome
05-08 02:41:49.169 I/OMXClient( 2092): IOmx service obtained
05-08 02:41:49.169 I/OMXMaster( 1682): makeComponentInstance(OMX.google.vorbis.decoder) in omx@1.0-service process
05-08 02:41:49.177 E/OMXNodeInstance( 1682): getConfig(0xecd13a40:google.vorbis.decoder, ConfigAndroidVendorExtension(0x6f100004)) ERROR: Undefined(0x80001001)
05-08 02:41:49.199 D/incidentd( 1670): WorkDirectory::getReports
05-08 02:41:49.225 E/SurfaceFlinger( 1646): ro.sf.lcd_density must be defined as a build property
05-08 02:41:49.230 D/OpenGLRenderer( 2092): Skia GL Pipeline
05-08 02:41:49.251 D/SystemUIBootTiming( 2092): StartServicescom.android.systemui.stackdivider.Divider took to complete: 146ms
05-08 02:41:49.258 I/OMXClient( 1875): IOmx service obtained
05-08 02:41:49.260 I/OMXMaster( 1682): makeComponentInstance(OMX.google.vorbis.decoder) in omx@1.0-service process
05-08 02:41:49.269 E/OMXNodeInstance( 1682): getConfig(0xecd13980:google.vorbis.decoder, ConfigAndroidVendorExtension(0x6f100004)) ERROR: Undefined(0x80001001)
05-08 02:41:49.312 I/OMXClient( 2092): IOmx service obtained
05-08 02:41:49.312 I/OMXMaster( 1682): makeComponentInstance(OMX.google.vorbis.decoder) in omx@1.0-service process
05-08 02:41:49.314 E/OMXNodeInstance( 1682): getConfig(0xecd136e0:google.vorbis.decoder, ConfigAndroidVendorExtension(0x6f100004)) ERROR: Undefined(0x80001001)
05-08 02:41:49.324 V/WifiManager( 2092): registerTrafficStateCallback: callback=com.android.systemui.statusbar.policy.WifiSignalController$WifiTrafficStateCallback@d8b83a, handler=null
05-08 02:41:49.331 D/ConnectivityService( 1875): requestNetwork for uid/pid:10106/2092 NetworkRequest [ TRACK_DEFAULT id=12, [ Capabilities: INTERNET&NOT_RESTRICTED&TRUSTED Uid: 10106] ]
05-08 02:41:49.348 I/OMXClient( 1875): IOmx service obtained
05-08 02:41:49.348 I/OMXMaster( 1682): makeComponentInstance(OMX.google.vorbis.decoder) in omx@1.0-service process
05-08 02:41:49.350 E/OMXNodeInstance( 1682): getConfig(0xecd13860:google.vorbis.decoder, ConfigAndroidVendorExtension(0x6f100004)) ERROR: Undefined(0x80001001)
05-08 02:41:49.372 I/RoleUserState( 1875): Wrote roles.xml successfully
05-08 02:41:49.374 E/ActivityThread( 2092): Failed to find provider info for com.google.android.apps.turbo.estimated_time_remaining
05-08 02:41:49.471 D/StatusBar( 2092): disable<e i a s b h r c s > disable2<q i n >
05-08 02:41:49.472 I/StatusBarManagerService( 1875): registerStatusBar bar=com.android.internal.statusbar.IStatusBar$Stub$Proxy@b392b52
05-08 02:41:49.515 I/OMXClient( 1875): IOmx service obtained
05-08 02:41:49.515 I/OMXMaster( 1682): makeComponentInstance(OMX.google.vorbis.decoder) in omx@1.0-service process
05-08 02:41:49.518 E/OMXNodeInstance( 1682): getConfig(0xecd13920:google.vorbis.decoder, ConfigAndroidVendorExtension(0x6f100004)) ERROR: Undefined(0x80001001)
05-08 02:41:49.647 E/ActivityThread( 2072): Failed to find provider info for com.google.android.gsf.gservices
05-08 02:41:49.673 I/OMXClient( 1875): IOmx service obtained
05-08 02:41:49.673 I/OMXMaster( 1682): makeComponentInstance(OMX.google.vorbis.decoder) in omx@1.0-service process
05-08 02:41:49.674 E/OMXNodeInstance( 1682): getConfig(0xecd13920:google.vorbis.decoder, ConfigAndroidVendorExtension(0x6f100004)) ERROR: Undefined(0x80001001)
05-08 02:41:49.737 I/CameraManagerGlobal( 2092): Connecting to camera service
05-08 02:41:49.810 I/chatty  ( 2072): uid=10099 com.google.android.gms.persistent identical 16 lines
05-08 02:41:49.810 E/ActivityThread( 2072): Failed to find provider info for com.google.android.gsf.gservices
05-08 02:41:49.862 W/SystemServiceManager( 1875): Service com.android.server.role.RoleManagerService took 1634 ms in onStartUser 
05-08 02:41:49.883 D/StatusBar( 2092): mUserSetupObserver - DeviceProvisionedListener called for user 0
05-08 02:41:49.885 D/StatusBar( 2092): mUserSetupObserver - DeviceProvisionedListener called for user 0
05-08 02:41:49.902 D/OpenGLRenderer( 2092): profile bars disabled
05-08 02:41:49.902 D/OpenGLRenderer( 2092): ambientRatio = 1.50
05-08 02:41:49.955 E/BluetoothAdapter( 2092): Bluetooth binder is null
05-08 02:41:49.969 W/TelecomManager( 2092): Telecom Service not found.
05-08 02:41:49.976 V/WifiManager( 2092): registerSoftApCallback: callback=com.android.systemui.statusbar.policy.HotspotControllerImpl@37857d, handler=Handler (android.os.Handler) {dfe1c72}
05-08 02:41:49.986 I/SecurityController( 2092): failed to get CA certs
05-08 02:41:49.986 I/SecurityController( 2092): java.lang.AssertionError: could not bind to KeyChainService
05-08 02:41:49.986 I/SecurityController( 2092): 	at android.security.KeyChain.bindAsUser(KeyChain.java:814)
05-08 02:41:49.986 I/SecurityController( 2092): 	at com.android.systemui.statusbar.policy.SecurityControllerImpl$CACertLoader.doInBackground(SecurityControllerImpl.java:415)
05-08 02:41:49.986 I/SecurityController( 2092): 	at com.android.systemui.statusbar.policy.SecurityControllerImpl$CACertLoader.doInBackground(SecurityControllerImpl.java:411)
05-08 02:41:49.986 I/SecurityController( 2092): 	at android.os.AsyncTask$3.call(AsyncTask.java:378)
05-08 02:41:49.986 I/SecurityController( 2092): 	at java.util.concurrent.FutureTask.run(FutureTask.java:266)
05-08 02:41:49.986 I/SecurityController( 2092): 	at android.os.AsyncTask$SerialExecutor$1.run(AsyncTask.java:289)
05-08 02:41:49.986 I/SecurityController( 2092): 	at java.util.concurrent.ThreadPoolExecutor.runWorker(ThreadPoolExecutor.java:1167)
05-08 02:41:49.986 I/SecurityController( 2092): 	at java.util.concurrent.ThreadPoolExecutor$Worker.run(ThreadPoolExecutor.java:641)
05-08 02:41:49.986 I/SecurityController( 2092): 	at java.lang.Thread.run(Thread.java:919)
05-08 02:41:49.986 I/KeyguardBouncer( 2092): KeyguardBouncer.hide (b/113914868): destroyView=true
05-08 02:41:49.990 D/KeyguardViewMediator( 2092): adjustStatusBarLocked (b/113914868): flags=0mShowing=false mStatusBarManager=android.app.StatusBarManager@6c18c58 mOccluded=false isSecure=false force=false
05-08 02:41:49.991 D/StatusBarManagerService( 1875): disabledlocked (b/113914868): displayId=0, net1=0, mDisabled1=0, token=android.os.BinderProxy@ecbfbe0, mDisableRecords=1 => {     ([0] userId=0 what1=0x00000000 what2=0x00000000 pkg=com.android.systemui token=android.os.BinderProxy@ecbfbe0),  }
05-08 02:41:50.008 D/SystemUIBootTiming( 2092): StartServicescom.android.systemui.SystemBars took to complete: 756ms
05-08 02:41:50.010 D/StorageNotification( 2092): Notifying about private volume: VolumeInfo{private}:
05-08 02:41:50.010 D/StorageNotification( 2092):     type=PRIVATE diskId=null partGuid=null mountFlags=0 mountUserId=-10000 
05-08 02:41:50.010 D/StorageNotification( 2092):     state=MOUNTED 
05-08 02:41:50.010 D/StorageNotification( 2092):     fsType=null fsUuid=null fsLabel=null 
05-08 02:41:50.010 D/StorageNotification( 2092):     path=/data internalPath=null 
05-08 02:41:50.012 D/SystemUIBootTiming( 2092): StartServicescom.android.systemui.usb.StorageNotification took to complete: 5ms
05-08 02:41:50.015 D/SystemUIBootTiming( 2092): StartServicescom.android.systemui.power.PowerUI took to complete: 3ms
05-08 02:41:50.016 D/SystemUIBootTiming( 2092): StartServicescom.android.systemui.media.RingtonePlayer took to complete: 0ms
05-08 02:41:50.017 D/SystemUIBootTiming( 2092): StartServicescom.android.systemui.keyboard.KeyboardUI took to complete: 0ms
05-08 02:41:50.019 E/ActivityThread( 2092): Failed to find provider info for com.android.contacts
05-08 02:41:50.056 D/SystemUIBootTiming( 2092): StartServicescom.android.systemui.pip.PipUI took to complete: 39ms
05-08 02:41:50.058 D/SystemUIBootTiming( 2092): StartServicescom.android.systemui.shortcut.ShortcutKeyDispatcher took to complete: 2ms
05-08 02:41:50.089 D/SystemUIBootTiming( 2092): StartServicescom.google.android.systemui.GoogleServices took to complete: 31ms
05-08 02:41:50.090 V/GarbageMonitor( 2092): Now tracking processes: 2092 
05-08 02:41:50.090 D/SystemUIBootTiming( 2092): StartServicescom.android.systemui.util.leak.GarbageMonitor$Service took to complete: 1ms
05-08 02:41:50.091 D/SystemUIBootTiming( 2092): StartServicescom.android.systemui.LatencyTester took to complete: 0ms
05-08 02:41:50.103 I/RuntimePermissionsUpgradeController( 2188): Grandfathering SMS and CallLog permissions
05-08 02:41:50.109 W/PackageManager( 1875): Cannot whitelist unknown permission: com.google.android.launcher.permission.CONTENT_REDIRECT
05-08 02:41:50.109 W/PackageManager( 1875): Cannot whitelist unknown permission: com.google.android.voicesearch.SHORTCUTS_ACCESS
05-08 02:41:50.109 W/PackageManager( 1875): Cannot whitelist unknown permission: com.google.android.voicesearch.ACCESS_SETTINGS
05-08 02:41:50.109 W/PackageManager( 1875): Cannot whitelist unknown permission: com.android.browser.permission.PRELOAD
05-08 02:41:50.109 D/SystemUIBootTiming( 2092): StartServicescom.android.systemui.globalactions.GlobalActionsComponent took to complete: 19ms
05-08 02:41:50.109 W/PackageManager( 1875): Cannot whitelist unknown permission: com.google.android.ears.permission.WRITE
05-08 02:41:50.109 W/PackageManager( 1875): Cannot whitelist unknown permission: com.google.googlenav.friend.permission.OPT_IN
05-08 02:41:50.110 W/PackageManager( 1875): Cannot whitelist unknown permission: com.google.android.apps.maps.permission.TIMELINE_POST_VISIT_BADGE
05-08 02:41:50.110 W/PackageManager( 1875): Cannot whitelist unknown permission: com.google.android.apps.googlevoice.permission.AUTO_SEND
05-08 02:41:50.110 W/PackageManager( 1875): Cannot whitelist unknown permission: com.google.android.hangouts.START_HANGOUT
05-08 02:41:50.110 W/PackageManager( 1875): Cannot whitelist unknown permission: com.android.chrome.PRERENDER_URL
05-08 02:41:50.111 W/PackageManager( 1875): Cannot whitelist unknown permission: com.google.android.launcher.permission.CONTENT_REDIRECT
05-08 02:41:50.112 W/PackageManager( 1875): Cannot whitelist unknown permission: com.google.android.voicesearch.SHORTCUTS_ACCESS
05-08 02:41:50.112 W/PackageManager( 1875): Cannot whitelist unknown permission: com.google.android.voicesearch.ACCESS_SETTINGS
05-08 02:41:50.112 W/PackageManager( 1875): Cannot whitelist unknown permission: com.android.browser.permission.PRELOAD
05-08 02:41:50.113 W/PackageManager( 1875): Cannot whitelist unknown permission: com.google.android.ears.permission.WRITE
05-08 02:41:50.113 W/PackageManager( 1875): Cannot whitelist unknown permission: com.google.googlenav.friend.permission.OPT_IN
05-08 02:41:50.113 W/PackageManager( 1875): Cannot whitelist unknown permission: com.google.android.apps.maps.permission.TIMELINE_POST_VISIT_BADGE
05-08 02:41:50.114 W/PackageManager( 1875): Cannot whitelist unknown permission: com.google.android.apps.googlevoice.permission.AUTO_SEND
05-08 02:41:50.114 W/PackageManager( 1875): Cannot whitelist unknown permission: com.google.android.hangouts.START_HANGOUT
05-08 02:41:50.114 W/PackageManager( 1875): Cannot whitelist unknown permission: com.android.chrome.PRERENDER_URL
05-08 02:41:50.116 W/PackageManager( 1875): Cannot whitelist unknown permission: com.google.android.launcher.permission.CONTENT_REDIRECT
05-08 02:41:50.116 W/PackageManager( 1875): Cannot whitelist unknown permission: com.google.android.voicesearch.SHORTCUTS_ACCESS
05-08 02:41:50.116 W/PackageManager( 1875): Cannot whitelist unknown permission: com.google.android.voicesearch.ACCESS_SETTINGS
05-08 02:41:50.116 W/PackageManager( 1875): Cannot whitelist unknown permission: com.android.browser.permission.PRELOAD
05-08 02:41:50.116 W/PackageManager( 1875): Cannot whitelist unknown permission: com.google.android.ears.permission.WRITE
05-08 02:41:50.116 W/PackageManager( 1875): Cannot whitelist unknown permission: com.google.googlenav.friend.permission.OPT_IN
05-08 02:41:50.116 W/PackageManager( 1875): Cannot whitelist unknown permission: com.google.android.apps.maps.permission.TIMELINE_POST_VISIT_BADGE
05-08 02:41:50.116 W/PackageManager( 1875): Cannot whitelist unknown permission: com.google.android.apps.googlevoice.permission.AUTO_SEND
05-08 02:41:50.116 W/PackageManager( 1875): Cannot whitelist unknown permission: com.google.android.hangouts.START_HANGOUT
05-08 02:41:50.116 W/PackageManager( 1875): Cannot whitelist unknown permission: com.android.chrome.PRERENDER_URL
05-08 02:41:50.120 D/SystemUIBootTiming( 2092): StartServicescom.android.systemui.ScreenDecorations took to complete: 10ms
05-08 02:41:50.121 W/PackageManager( 1875): Cannot whitelist unknown permission: com.google.android.ims.providers.ACCESS_DATA
05-08 02:41:50.121 W/PackageManager( 1875): Cannot whitelist unknown permission: com.google.android.ims.LOG_ACCESS
05-08 02:41:50.121 W/PackageManager( 1875): Cannot whitelist unknown permission: com.cequint.ecid.CALLER_ID_EXTERNAL_LOOKUP_SMS
05-08 02:41:50.121 W/PackageManager( 1875): Cannot whitelist unknown permission: com.sec.android.provider.badge.permission.READ
05-08 02:41:50.121 W/PackageManager( 1875): Cannot whitelist unknown permission: com.sec.android.provider.badge.permission.WRITE
05-08 02:41:50.121 W/PackageManager( 1875): Cannot whitelist unknown permission: com.htc.launcher.permission.READ_SETTINGS
05-08 02:41:50.122 W/PackageManager( 1875): Cannot whitelist unknown permission: com.htc.launcher.permission.UPDATE_SHORTCUT
05-08 02:41:50.122 W/PackageManager( 1875): Cannot whitelist unknown permission: com.sonyericsson.home.permission.BROADCAST_BADGE
05-08 02:41:50.122 W/PackageManager( 1875): Cannot whitelist unknown permission: com.sonymobile.home.permission.PROVIDER_INSERT_BADGE
05-08 02:41:50.122 W/PackageManager( 1875): Cannot whitelist unknown permission: com.anddoes.launcher.permission.UPDATE_COUNT
05-08 02:41:50.122 W/PackageManager( 1875): Cannot whitelist unknown permission: com.majeur.launcher.permission.UPDATE_BADGE
05-08 02:41:50.122 W/PackageManager( 1875): Cannot whitelist unknown permission: com.huawei.android.launcher.permission.CHANGE_BADGE
05-08 02:41:50.122 W/PackageManager( 1875): Cannot whitelist unknown permission: com.huawei.android.launcher.permission.READ_SETTINGS
05-08 02:41:50.122 W/PackageManager( 1875): Cannot whitelist unknown permission: com.huawei.android.launcher.permission.WRITE_SETTINGS
05-08 02:41:50.122 W/PackageManager( 1875): Cannot whitelist unknown permission: android.permission.READ_APP_BADGE
05-08 02:41:50.122 W/PackageManager( 1875): Cannot whitelist unknown permission: com.oppo.launcher.permission.READ_SETTINGS
05-08 02:41:50.122 W/PackageManager( 1875): Cannot whitelist unknown permission: com.oppo.launcher.permission.WRITE_SETTINGS
05-08 02:41:50.122 I/PackageManager( 1875): Un-granting permission com.google.android.setupwizard.READ_DEVICE_ORIGIN from package com.google.android.apps.messaging (protectionLevel=18 flags=0x38cbbe45)
05-08 02:41:50.122 I/RoleUserState( 1875): Wrote roles.xml successfully
05-08 02:41:50.123 D/SystemUIBootTiming( 2092): StartServicescom.android.systemui.biometrics.BiometricDialogImpl took to complete: 3ms
05-08 02:41:50.123 W/PackageManager( 1875): Cannot whitelist unknown permission: com.google.android.ims.providers.ACCESS_DATA
05-08 02:41:50.123 W/PackageManager( 1875): Cannot whitelist unknown permission: com.google.android.ims.LOG_ACCESS
05-08 02:41:50.124 W/PackageManager( 1875): Cannot whitelist unknown permission: com.cequint.ecid.CALLER_ID_EXTERNAL_LOOKUP_SMS
05-08 02:41:50.124 W/PackageManager( 1875): Cannot whitelist unknown permission: com.sec.android.provider.badge.permission.READ
05-08 02:41:50.124 W/PackageManager( 1875): Cannot whitelist unknown permission: com.sec.android.provider.badge.permission.WRITE
05-08 02:41:50.124 W/PackageManager( 1875): Cannot whitelist unknown permission: com.htc.launcher.permission.READ_SETTINGS
05-08 02:41:50.124 W/PackageManager( 1875): Cannot whitelist unknown permission: com.htc.launcher.permission.UPDATE_SHORTCUT
05-08 02:41:50.124 W/PackageManager( 1875): Cannot whitelist unknown permission: com.sonyericsson.home.permission.BROADCAST_BADGE
05-08 02:41:50.124 W/PackageManager( 1875): Cannot whitelist unknown permission: com.sonymobile.home.permission.PROVIDER_INSERT_BADGE
05-08 02:41:50.124 W/PackageManager( 1875): Cannot whitelist unknown permission: com.anddoes.launcher.permission.UPDATE_COUNT
05-08 02:41:50.124 W/PackageManager( 1875): Cannot whitelist unknown permission: com.majeur.launcher.permission.UPDATE_BADGE
05-08 02:41:50.124 W/PackageManager( 1875): Cannot whitelist unknown permission: com.huawei.android.launcher.permission.CHANGE_BADGE
05-08 02:41:50.125 W/PackageManager( 1875): Cannot whitelist unknown permission: com.huawei.android.launcher.permission.READ_SETTINGS
05-08 02:41:50.125 W/PackageManager( 1875): Cannot whitelist unknown permission: com.huawei.android.launcher.permission.WRITE_SETTINGS
05-08 02:41:50.125 W/PackageManager( 1875): Cannot whitelist unknown permission: android.permission.READ_APP_BADGE
05-08 02:41:50.125 W/PackageManager( 1875): Cannot whitelist unknown permission: com.oppo.launcher.permission.READ_SETTINGS
05-08 02:41:50.125 W/PackageManager( 1875): Cannot whitelist unknown permission: com.oppo.launcher.permission.WRITE_SETTINGS
05-08 02:41:50.125 I/PackageManager( 1875): Un-granting permission com.google.android.setupwizard.READ_DEVICE_ORIGIN from package com.google.android.apps.messaging (protectionLevel=18 flags=0x38cbbe45)
05-08 02:41:50.140 W/PackageManager( 1875): Cannot whitelist unknown permission: com.google.android.ims.providers.ACCESS_DATA
05-08 02:41:50.140 W/PackageManager( 1875): Cannot whitelist unknown permission: com.google.android.ims.LOG_ACCESS
05-08 02:41:50.140 W/PackageManager( 1875): Cannot whitelist unknown permission: com.cequint.ecid.CALLER_ID_EXTERNAL_LOOKUP_SMS
05-08 02:41:50.140 W/PackageManager( 1875): Cannot whitelist unknown permission: com.sec.android.provider.badge.permission.READ
05-08 02:41:50.140 W/PackageManager( 1875): Cannot whitelist unknown permission: com.sec.android.provider.badge.permission.WRITE
05-08 02:41:50.140 W/PackageManager( 1875): Cannot whitelist unknown permission: com.htc.launcher.permission.READ_SETTINGS
05-08 02:41:50.140 W/PackageManager( 1875): Cannot whitelist unknown permission: com.htc.launcher.permission.UPDATE_SHORTCUT
05-08 02:41:50.140 W/PackageManager( 1875): Cannot whitelist unknown permission: com.sonyericsson.home.permission.BROADCAST_BADGE
05-08 02:41:50.140 W/PackageManager( 1875): Cannot whitelist unknown permission: com.sonymobile.home.permission.PROVIDER_INSERT_BADGE
05-08 02:41:50.140 W/PackageManager( 1875): Cannot whitelist unknown permission: com.anddoes.launcher.permission.UPDATE_COUNT
05-08 02:41:50.141 W/PackageManager( 1875): Cannot whitelist unknown permission: com.majeur.launcher.permission.UPDATE_BADGE
05-08 02:41:50.141 W/PackageManager( 1875): Cannot whitelist unknown permission: com.huawei.android.launcher.permission.CHANGE_BADGE
05-08 02:41:50.141 W/PackageManager( 1875): Cannot whitelist unknown permission: com.huawei.android.launcher.permission.READ_SETTINGS
05-08 02:41:50.141 W/PackageManager( 1875): Cannot whitelist unknown permission: com.huawei.android.launcher.permission.WRITE_SETTINGS
05-08 02:41:50.141 D/SystemUIBootTiming( 2092): StartServicescom.android.systemui.SliceBroadcastRelayHandler took to complete: 18ms
05-08 02:41:50.141 W/PackageManager( 1875): Cannot whitelist unknown permission: android.permission.READ_APP_BADGE
05-08 02:41:50.141 W/PackageManager( 1875): Cannot whitelist unknown permission: com.oppo.launcher.permission.READ_SETTINGS
05-08 02:41:50.144 W/PackageManager( 1875): Cannot whitelist unknown permission: com.oppo.launcher.permission.WRITE_SETTINGS
05-08 02:41:50.144 I/PackageManager( 1875): Un-granting permission com.google.android.setupwizard.READ_DEVICE_ORIGIN from package com.google.android.apps.messaging (protectionLevel=18 flags=0x38cbbe45)
05-08 02:41:50.145 D/SystemUIBootTiming( 2092): StartServicescom.android.systemui.SizeCompatModeActivityController took to complete: 3ms
05-08 02:41:50.145 W/PackageManager( 1875): Cannot whitelist unknown permission: com.google.android.ims.providers.ACCESS_DATA
05-08 02:41:50.145 W/PackageManager( 1875): Cannot whitelist unknown permission: com.google.android.ims.LOG_ACCESS
05-08 02:41:50.145 W/PackageManager( 1875): Cannot whitelist unknown permission: com.cequint.ecid.CALLER_ID_EXTERNAL_LOOKUP_SMS
05-08 02:41:50.145 W/PackageManager( 1875): Cannot whitelist unknown permission: com.sec.android.provider.badge.permission.READ
05-08 02:41:50.145 W/PackageManager( 1875): Cannot whitelist unknown permission: com.sec.android.provider.badge.permission.WRITE
05-08 02:41:50.145 W/PackageManager( 1875): Cannot whitelist unknown permission: com.htc.launcher.permission.READ_SETTINGS
05-08 02:41:50.146 W/PackageManager( 1875): Cannot whitelist unknown permission: com.htc.launcher.permission.UPDATE_SHORTCUT
05-08 02:41:50.146 W/PackageManager( 1875): Cannot whitelist unknown permission: com.sonyericsson.home.permission.BROADCAST_BADGE
05-08 02:41:50.146 W/PackageManager( 1875): Cannot whitelist unknown permission: com.sonymobile.home.permission.PROVIDER_INSERT_BADGE
05-08 02:41:50.146 W/PackageManager( 1875): Cannot whitelist unknown permission: com.anddoes.launcher.permission.UPDATE_COUNT
05-08 02:41:50.146 W/PackageManager( 1875): Cannot whitelist unknown permission: com.majeur.launcher.permission.UPDATE_BADGE
05-08 02:41:50.146 W/PackageManager( 1875): Cannot whitelist unknown permission: com.huawei.android.launcher.permission.CHANGE_BADGE
05-08 02:41:50.146 W/PackageManager( 1875): Cannot whitelist unknown permission: com.huawei.android.launcher.permission.READ_SETTINGS
05-08 02:41:50.146 W/PackageManager( 1875): Cannot whitelist unknown permission: com.huawei.android.launcher.permission.WRITE_SETTINGS
05-08 02:41:50.146 W/PackageManager( 1875): Cannot whitelist unknown permission: android.permission.READ_APP_BADGE
05-08 02:41:50.146 W/PackageManager( 1875): Cannot whitelist unknown permission: com.oppo.launcher.permission.READ_SETTINGS
05-08 02:41:50.146 W/PackageManager( 1875): Cannot whitelist unknown permission: com.oppo.launcher.permission.WRITE_SETTINGS
05-08 02:41:50.146 I/PackageManager( 1875): Un-granting permission com.google.android.setupwizard.READ_DEVICE_ORIGIN from package com.google.android.apps.messaging (protectionLevel=18 flags=0x38cbbe45)
05-08 02:41:50.147 E/memtrack( 1875): Couldn't load memtrack module
05-08 02:41:50.148 D/SystemUIBootTiming( 2092): StartServicescom.android.systemui.statusbar.notification.InstantAppNotifier took to complete: 3ms
05-08 02:41:50.149 D/InterruptionStateProvider( 2092): heads up is enabled
05-08 02:41:50.149 W/android.os.Debug( 1875): failed to get memory consumption info: -1
05-08 02:41:50.152 D/ProtoStore( 2092): no cached data
05-08 02:41:50.152 D/ProtoStore( 2092): no cached data
05-08 02:41:50.154 D/StatusBar( 2092): disable<e i a s b h r c s > disable2<q i n >
05-08 02:41:50.154 D/SystemUIBootTiming( 2092): StartServices took to complete: 1696ms
05-08 02:41:50.155 W/PackageManager( 1875): Cannot whitelist unknown permission: com.google.android.ims.providers.ACCESS_DATA
05-08 02:41:50.155 W/PackageManager( 1875): Cannot whitelist unknown permission: com.google.android.ims.LOG_ACCESS
05-08 02:41:50.155 W/PackageManager( 1875): Cannot whitelist unknown permission: com.cequint.ecid.CALLER_ID_EXTERNAL_LOOKUP_SMS
05-08 02:41:50.155 W/PackageManager( 1875): Cannot whitelist unknown permission: com.sec.android.provider.badge.permission.READ
05-08 02:41:50.156 W/PackageManager( 1875): Cannot whitelist unknown permission: com.sec.android.provider.badge.permission.WRITE
05-08 02:41:50.156 W/PackageManager( 1875): Cannot whitelist unknown permission: com.htc.launcher.permission.READ_SETTINGS
05-08 02:41:50.157 W/PackageManager( 1875): Cannot whitelist unknown permission: com.htc.launcher.permission.UPDATE_SHORTCUT
05-08 02:41:50.157 W/PackageManager( 1875): Cannot whitelist unknown permission: com.sonyericsson.home.permission.BROADCAST_BADGE
05-08 02:41:50.157 W/PackageManager( 1875): Cannot whitelist unknown permission: com.sonymobile.home.permission.PROVIDER_INSERT_BADGE
05-08 02:41:50.157 W/PackageManager( 1875): Cannot whitelist unknown permission: com.anddoes.launcher.permission.UPDATE_COUNT
05-08 02:41:50.157 W/PackageManager( 1875): Cannot whitelist unknown permission: com.majeur.launcher.permission.UPDATE_BADGE
05-08 02:41:50.158 W/PackageManager( 1875): Cannot whitelist unknown permission: com.huawei.android.launcher.permission.CHANGE_BADGE
05-08 02:41:50.159 W/PackageManager( 1875): Cannot whitelist unknown permission: com.huawei.android.launcher.permission.READ_SETTINGS
05-08 02:41:50.159 W/PackageManager( 1875): Cannot whitelist unknown permission: com.huawei.android.launcher.permission.WRITE_SETTINGS
05-08 02:41:50.159 W/PackageManager( 1875): Cannot whitelist unknown permission: android.permission.READ_APP_BADGE
05-08 02:41:50.159 W/PackageManager( 1875): Cannot whitelist unknown permission: com.oppo.launcher.permission.READ_SETTINGS
05-08 02:41:50.159 W/PackageManager( 1875): Cannot whitelist unknown permission: com.oppo.launcher.permission.WRITE_SETTINGS
05-08 02:41:50.159 I/PackageManager( 1875): Un-granting permission com.google.android.setupwizard.READ_DEVICE_ORIGIN from package com.google.android.apps.messaging (protectionLevel=18 flags=0x38cbbe45)
05-08 02:41:50.164 W/PackageManager( 1875): Cannot whitelist unknown permission: com.android.vending.TOS_ACKED
05-08 02:41:50.164 W/PackageManager( 1875): Cannot whitelist unknown permission: com.android.vending.setup.PLAY_SETUP_SERVICE
05-08 02:41:50.164 I/PackageManager( 1875): Un-granting permission android.permission.MANAGE_DEVICE_ADMINS from package com.google.android.setupwizard (protectionLevel=2 flags=0x38c83e05)
05-08 02:41:50.165 W/PackageManager( 1875): Cannot whitelist unknown permission: com.sec.android.provider.badge.permission.READ
05-08 02:41:50.165 W/PackageManager( 1875): Cannot whitelist unknown permission: com.sec.android.provider.badge.permission.WRITE
05-08 02:41:50.166 W/PackageManager( 1875): Cannot whitelist unknown permission: com.htc.launcher.permission.READ_SETTINGS
05-08 02:41:50.166 W/PackageManager( 1875): Cannot whitelist unknown permission: com.htc.launcher.permission.UPDATE_SHORTCUT
05-08 02:41:50.166 W/PackageManager( 1875): Cannot whitelist unknown permission: com.sonyericsson.home.permission.BROADCAST_BADGE
05-08 02:41:50.166 W/PackageManager( 1875): Cannot whitelist unknown permission: com.sonymobile.home.permission.PROVIDER_INSERT_BADGE
05-08 02:41:50.166 W/PackageManager( 1875): Cannot whitelist unknown permission: com.anddoes.launcher.permission.UPDATE_COUNT
05-08 02:41:50.166 W/PackageManager( 1875): Cannot whitelist unknown permission: com.majeur.launcher.permission.UPDATE_BADGE
05-08 02:41:50.166 W/PackageManager( 1875): Cannot whitelist unknown permission: com.huawei.android.launcher.permission.CHANGE_BADGE
05-08 02:41:50.166 W/PackageManager( 1875): Cannot whitelist unknown permission: com.huawei.android.launcher.permission.READ_SETTINGS
05-08 02:41:50.166 W/PackageManager( 1875): Cannot whitelist unknown permission: com.huawei.android.launcher.permission.WRITE_SETTINGS
05-08 02:41:50.166 W/PackageManager( 1875): Cannot whitelist unknown permission: android.permission.READ_APP_BADGE
05-08 02:41:50.166 W/PackageManager( 1875): Cannot whitelist unknown permission: com.oppo.launcher.permission.READ_SETTINGS
05-08 02:41:50.166 W/PackageManager( 1875): Cannot whitelist unknown permission: com.oppo.launcher.permission.WRITE_SETTINGS
05-08 02:41:50.166 W/PackageManager( 1875): Cannot whitelist unknown permission: com.motorola.android.permission.USERPREFERREDSIM
05-08 02:41:50.167 W/PackageManager( 1875): Cannot whitelist unknown permission: com.cequint.ecid.CALLER_ID_LOOKUP
05-08 02:41:50.167 W/PackageManager( 1875): Cannot whitelist unknown permission: com.motorola.incallui.permission.INCOMING_CALL_VISIBILITY_CHANGED
05-08 02:41:50.169 W/PackageManager( 1875): Cannot whitelist unknown permission: com.sec.android.provider.badge.permission.READ
05-08 02:41:50.169 W/PackageManager( 1875): Cannot whitelist unknown permission: com.sec.android.provider.badge.permission.WRITE
05-08 02:41:50.169 W/PackageManager( 1875): Cannot whitelist unknown permission: com.htc.launcher.permission.READ_SETTINGS
05-08 02:41:50.169 W/PackageManager( 1875): Cannot whitelist unknown permission: com.htc.launcher.permission.UPDATE_SHORTCUT
05-08 02:41:50.169 W/PackageManager( 1875): Cannot whitelist unknown permission: com.sonyericsson.home.permission.BROADCAST_BADGE
05-08 02:41:50.169 W/PackageManager( 1875): Cannot whitelist unknown permission: com.sonymobile.home.permission.PROVIDER_INSERT_BADGE
05-08 02:41:50.169 W/PackageManager( 1875): Cannot whitelist unknown permission: com.anddoes.launcher.permission.UPDATE_COUNT
05-08 02:41:50.169 W/PackageManager( 1875): Cannot whitelist unknown permission: com.majeur.launcher.permission.UPDATE_BADGE
05-08 02:41:50.169 W/PackageManager( 1875): Cannot whitelist unknown permission: com.huawei.android.launcher.permission.CHANGE_BADGE
05-08 02:41:50.169 W/PackageManager( 1875): Cannot whitelist unknown permission: com.huawei.android.launcher.permission.READ_SETTINGS
05-08 02:41:50.169 W/PackageManager( 1875): Cannot whitelist unknown permission: com.huawei.android.launcher.permission.WRITE_SETTINGS
05-08 02:41:50.170 W/PackageManager( 1875): Cannot whitelist unknown permission: android.permission.READ_APP_BADGE
05-08 02:41:50.170 W/PackageManager( 1875): Cannot whitelist unknown permission: com.oppo.launcher.permission.READ_SETTINGS
05-08 02:41:50.170 W/PackageManager( 1875): Cannot whitelist unknown permission: com.oppo.launcher.permission.WRITE_SETTINGS
05-08 02:41:50.170 W/PackageManager( 1875): Cannot whitelist unknown permission: com.motorola.android.permission.USERPREFERREDSIM
05-08 02:41:50.170 W/PackageManager( 1875): Cannot whitelist unknown permission: com.cequint.ecid.CALLER_ID_LOOKUP
05-08 02:41:50.170 W/PackageManager( 1875): Cannot whitelist unknown permission: com.motorola.incallui.permission.INCOMING_CALL_VISIBILITY_CHANGED
05-08 02:41:50.173 W/PackageManager( 1875): Cannot whitelist unknown permission: com.sec.android.provider.badge.permission.READ
05-08 02:41:50.173 W/PackageManager( 1875): Cannot whitelist unknown permission: com.sec.android.provider.badge.permission.WRITE
05-08 02:41:50.173 W/PackageManager( 1875): Cannot whitelist unknown permission: com.htc.launcher.permission.READ_SETTINGS
05-08 02:41:50.173 W/PackageManager( 1875): Cannot whitelist unknown permission: com.htc.launcher.permission.UPDATE_SHORTCUT
05-08 02:41:50.173 W/PackageManager( 1875): Cannot whitelist unknown permission: com.sonyericsson.home.permission.BROADCAST_BADGE
05-08 02:41:50.173 W/PackageManager( 1875): Cannot whitelist unknown permission: com.sonymobile.home.permission.PROVIDER_INSERT_BADGE
05-08 02:41:50.173 W/PackageManager( 1875): Cannot whitelist unknown permission: com.anddoes.launcher.permission.UPDATE_COUNT
05-08 02:41:50.173 W/PackageManager( 1875): Cannot whitelist unknown permission: com.majeur.launcher.permission.UPDATE_BADGE
05-08 02:41:50.173 W/PackageManager( 1875): Cannot whitelist unknown permission: com.huawei.android.launcher.permission.CHANGE_BADGE
05-08 02:41:50.173 W/PackageManager( 1875): Cannot whitelist unknown permission: com.huawei.android.launcher.permission.READ_SETTINGS
05-08 02:41:50.173 W/PackageManager( 1875): Cannot whitelist unknown permission: com.huawei.android.launcher.permission.WRITE_SETTINGS
05-08 02:41:50.174 W/PackageManager( 1875): Cannot whitelist unknown permission: android.permission.READ_APP_BADGE
05-08 02:41:50.174 W/PackageManager( 1875): Cannot whitelist unknown permission: com.oppo.launcher.permission.READ_SETTINGS
05-08 02:41:50.174 W/PackageManager( 1875): Cannot whitelist unknown permission: com.oppo.launcher.permission.WRITE_SETTINGS
05-08 02:41:50.174 W/PackageManager( 1875): Cannot whitelist unknown permission: com.motorola.android.permission.USERPREFERREDSIM
05-08 02:41:50.174 W/PackageManager( 1875): Cannot whitelist unknown permission: com.cequint.ecid.CALLER_ID_LOOKUP
05-08 02:41:50.174 W/PackageManager( 1875): Cannot whitelist unknown permission: com.motorola.incallui.permission.INCOMING_CALL_VISIBILITY_CHANGED
05-08 02:41:50.176 W/PackageManager( 1875): Cannot whitelist unknown permission: com.sec.android.provider.badge.permission.READ
05-08 02:41:50.177 W/PackageManager( 1875): Cannot whitelist unknown permission: com.sec.android.provider.badge.permission.WRITE
05-08 02:41:50.177 W/PackageManager( 1875): Cannot whitelist unknown permission: com.htc.launcher.permission.READ_SETTINGS
05-08 02:41:50.177 W/PackageManager( 1875): Cannot whitelist unknown permission: com.htc.launcher.permission.UPDATE_SHORTCUT
05-08 02:41:50.177 W/PackageManager( 1875): Cannot whitelist unknown permission: com.sonyericsson.home.permission.BROADCAST_BADGE
05-08 02:41:50.177 W/PackageManager( 1875): Cannot whitelist unknown permission: com.sonymobile.home.permission.PROVIDER_INSERT_BADGE
05-08 02:41:50.177 W/PackageManager( 1875): Cannot whitelist unknown permission: com.anddoes.launcher.permission.UPDATE_COUNT
05-08 02:41:50.177 W/PackageManager( 1875): Cannot whitelist unknown permission: com.majeur.launcher.permission.UPDATE_BADGE
05-08 02:41:50.177 W/PackageManager( 1875): Cannot whitelist unknown permission: com.huawei.android.launcher.permission.CHANGE_BADGE
05-08 02:41:50.177 W/PackageManager( 1875): Cannot whitelist unknown permission: com.huawei.android.launcher.permission.READ_SETTINGS
05-08 02:41:50.177 W/PackageManager( 1875): Cannot whitelist unknown permission: com.huawei.android.launcher.permission.WRITE_SETTINGS
05-08 02:41:50.177 W/PackageManager( 1875): Cannot whitelist unknown permission: android.permission.READ_APP_BADGE
05-08 02:41:50.177 W/PackageManager( 1875): Cannot whitelist unknown permission: com.oppo.launcher.permission.READ_SETTINGS
05-08 02:41:50.177 W/PackageManager( 1875): Cannot whitelist unknown permission: com.oppo.launcher.permission.WRITE_SETTINGS
05-08 02:41:50.177 W/PackageManager( 1875): Cannot whitelist unknown permission: com.motorola.android.permission.USERPREFERREDSIM
05-08 02:41:50.178 W/PackageManager( 1875): Cannot whitelist unknown permission: com.cequint.ecid.CALLER_ID_LOOKUP
05-08 02:41:50.178 W/PackageManager( 1875): Cannot whitelist unknown permission: com.motorola.incallui.permission.INCOMING_CALL_VISIBILITY_CHANGED
05-08 02:41:50.195 D/Tonal   ( 2092): Tonal Palette - index: 10. Main color: ffe590b7
05-08 02:41:50.195 D/Tonal   ( 2092): Colors: ff060104, ff1b0613, ff2f0b23, ff481135, ff671850, ff861f5d, ffa42773, ffbe4d91, ffd85a9e, ffde73aa, ffe590b7, ffefb9d1, fff5d6e5
05-08 02:41:50.195 D/Tonal   ( 2092): Gradients: 
05-08 02:41:50.195 D/Tonal   ( 2092): 	Normal GradientColors(ffe590b7, ffe590b7)
05-08 02:41:50.195 D/Tonal   ( 2092): 	Dark GradientColors(ff481135, ff481135)
05-08 02:41:50.195 D/Tonal   ( 2092): 	Extra dark: GradientColors(ff2f0b23, ff2f0b23)
