05-08 02:41:40.993 I/PackageManager( 1875): Un-granting permission android.permission.KILL_UID from package com.google.android.permissioncontroller (protectionLevel=258 flags=0x20483e05)
05-08 02:41:40.993 I/PackageManager( 1875): Un-granting permission android.permission.MANAGE_APP_OPS_RESTRICTIONS from package com.google.android.permissioncontroller (protectionLevel=258 flags=0x20483e05)
05-08 02:41:40.993 I/PackageManager( 1875): Un-granting permission android.permission.HIDE_NON_SYSTEM_OVERLAY_WINDOWS from package com.google.android.permissioncontroller (protectionLevel=258 flags=0x20483e05)
05-08 02:41:40.993 I/PackageManager( 1875): Un-granting permission android.permission.MANAGE_ROLE_HOLDERS from package com.google.android.permissioncontroller (protectionLevel=258 flags=0x20483e05)
05-08 02:41:40.993 I/PackageManager( 1875): Un-granting permission android.permission.OBSERVE_ROLE_HOLDERS from package com.google.android.permissioncontroller (protectionLevel=258 flags=0x20483e05)
05-08 02:41:40.993 I/PackageManager( 1875): Un-granting permission android.permission.SET_PREFERRED_APPLICATIONS from package com.google.android.permissioncontroller (protectionLevel=770 flags=0x20483e05)
05-08 02:41:40.993 I/PackageManager( 1875): Un-granting permission android.permission.ACCESS_SHARED_LIBRARIES from package com.google.android.permissioncontroller (protectionLevel=258 flags=0x20483e05)
05-08 02:41:40.993 I/PackageManager( 1875): Un-granting permission android.permission.ACCESS_INSTANT_APPS from package com.google.android.permissioncontroller (protectionLevel=131842 flags=0x20483e05)
05-08 02:41:40.993 I/PackageManager( 1875): Un-granting permission android.permission.OPEN_ACCESSIBILITY_DETAILS_SETTINGS from package com.google.android.permissioncontroller (protectionLevel=258 flags=0x20483e05)
05-08 02:41:40.994 I/PackageManager( 1875): Un-granting permission android.permission.MANAGE_DEVICE_ADMINS from package com.google.android.setupwizard (protectionLevel=2 flags=0x38c83e05)
05-08 02:41:40.994 I/PackageManager( 1875): Un-granting permission android.permission.REQUEST_INSTALL_PACKAGES from package com.google.android.apps.docs (protectionLevel=66 flags=0x384bbe45)
05-08 02:41:40.995 I/PackageManager( 1875): Un-granting permission android.permission.INTERACT_ACROSS_USERS from package com.google.android.syncadapters.contacts (protectionLevel=50 flags=0x20083e45)
05-08 02:41:40.995 I/PackageManager( 1875): Un-granting permission android.permission.REQUEST_INSTALL_PACKAGES from package com.android.chrome (protectionLevel=66 flags=0xa04bbe45)
05-08 02:41:40.995 I/PackageManager( 1875): Un-granting permission com.google.android.apps.now.CURRENT_ACCOUNT_ACCESS from package com.android.chrome (protectionLevel=2 flags=0xa04bbe45)
05-08 02:41:40.995 I/PackageManager( 1875): Un-granting permission android.permission.HIDE_NON_SYSTEM_OVERLAY_WINDOWS from package com.google.android.packageinstaller (protectionLevel=258 flags=0x30483e45)
05-08 02:41:40.995 I/PackageManager( 1875): Un-granting permission android.permission.MANAGE_APP_OPS_MODES from package com.google.android.packageinstaller (protectionLevel=770 flags=0x30483e45)
05-08 02:41:40.996 I/PackageManager( 1875): Un-granting permission android.permission.INTERACT_ACROSS_USERS_FULL from package com.google.android.packageinstaller (protectionLevel=258 flags=0x30483e45)
05-08 02:41:40.996 I/PackageManager( 1875): Un-granting permission android.permission.CAPTURE_VIDEO_OUTPUT from package com.google.android.gms (protectionLevel=2 flags=0xb04abe45)
05-08 02:41:40.996 I/PackageManager( 1875): Un-granting permission android.permission.MANAGE_DEVICE_ADMINS from package com.google.android.gms (protectionLevel=2 flags=0xb04abe45)
05-08 02:41:40.996 I/PackageManager( 1875): Un-granting permission android.permission.MANAGE_ACTIVITY_STACKS from package com.google.android.gms (protectionLevel=2 flags=0xb04abe45)
05-08 02:41:40.996 I/PackageManager( 1875): Un-granting permission android.permission.CAPTURE_SECURE_VIDEO_OUTPUT from package com.google.android.gms (protectionLevel=2 flags=0xb04abe45)
05-08 02:41:40.997 I/PackageManager( 1875): Un-granting permission com.google.android.googleapps.permission.GOOGLE_AUTH from package com.google.android.videos (protectionLevel=2 flags=0x385bbe45)
05-08 02:41:40.997 I/PackageManager( 1875): Un-granting permission android.permission.WRITE_MEDIA_STORAGE from package com.google.android.apps.photos (protectionLevel=18 flags=0x3859be45)
05-08 02:41:40.998 I/PackageManager( 1875): Un-granting permission android.permission.WRITE_DEVICE_CONFIG from package com.google.android.settings.intelligence (protectionLevel=524290 flags=0x3048be45)
05-08 02:41:41.000 I/PackageManager( 1875): Un-granting permission android.permission.NETWORK_BYPASS_PRIVATE_DNS from package com.android.captiveportallogin (protectionLevel=2 flags=0x3848be45)
05-08 02:41:41.008 W/PackageManager( 1875): Unknown package com.google.android.apps.docs.editors.docs in sysconfig <app-link>
05-08 02:41:41.008 W/PackageManager( 1875): Unknown package com.google.android.apps.docs.editors.sheets in sysconfig <app-link>
05-08 02:41:41.008 W/PackageManager( 1875): Unknown package com.google.android.apps.docs.editors.slides in sysconfig <app-link>
05-08 02:41:41.008 W/PackageManager( 1875): Sysconfig <app-link> package 'com.android.vending' does not handle web links
05-08 02:41:41.009 W/PackageManager( 1875): Unknown package com.google.android.apps.plus in sysconfig <app-link>
05-08 02:41:41.009 W/PackageManager( 1875): Unknown package com.google.android.apps.tycho in sysconfig <app-link>
05-08 02:41:41.009 W/PackageManager( 1875): Unknown package com.google.android.talk in sysconfig <app-link>
05-08 02:41:41.012 V/PackageManager( 1875): reconcileAppsData for null u0 0x1 migrateAppData=true
05-08 02:41:41.013 I/SELinux ( 1671): SELinux: Loaded file_contexts
05-08 02:41:41.059 V/PackageManager( 1875): reconcileAppsData finished 21 packages
05-08 02:41:41.061 D/SystemServerInitThreadPool( 1875): Started executing prepareAppData
05-08 02:41:41.062 D/SystemServerTimingAsync( 1875): AppDataFixup took to complete: 0ms
05-08 02:41:41.085 I/SELinux ( 1875): SELinux: Loaded file_contexts
05-08 02:41:41.090 I/ServiceManager( 1679): Waiting for service 'package_native' on '/dev/binder'...
05-08 02:41:41.091 E/PackageManager( 1875): There should probably be a verifier, but, none were found
05-08 02:41:41.092 V/PackageManager( 1875): Ephemeral resolver found; pkg: com.google.android.gms, info:ResolveInfo{b53854 com.google.android.gms/.chimera.PersistentBoundBrokerService m=0x108000}
05-08 02:41:41.092 D/PackageManager( 1875): Set ephemeral resolver: Pair{ComponentInfo{com.google.android.gms/com.google.android.gms.chimera.PersistentBoundBrokerService} android.intent.action.RESOLVE_INSTANT_APP_PACKAGE}
05-08 02:41:41.092 D/PackageManager( 1875): Instant App installer not found with android.intent.action.INSTALL_INSTANT_APP_PACKAGE
05-08 02:41:41.092 D/PackageManager( 1875): Clear ephemeral installer activity
05-08 02:41:41.127 I/system_server( 1875): Explicit concurrent copying GC freed 36479(1920KB) AllocSpace objects, 5(228KB) LOS objects, 42% free, 5414KB/9475KB, paused 503us total 32.220ms
05-08 02:41:41.128 D/SystemServerTiming( 1875): StartPackageManagerService took to complete: 2681ms
05-08 02:41:41.128 I/SystemServer( 1875): StartOtaDexOptService
05-08 02:41:41.128 D/OTADexopt( 1875): No upgrade, skipping A/B artifacts check.
05-08 02:41:41.128 D/SystemServerTiming( 1875): StartOtaDexOptService took to complete: 0ms
05-08 02:41:41.129 I/SystemServer( 1875): StartUserManagerService
05-08 02:41:41.129 I/SystemServiceManager( 1875): Starting com.android.server.pm.UserManagerService$LifeCycle
05-08 02:41:41.129 D/SystemServerTiming( 1875): StartUserManagerService took to complete: 1ms
05-08 02:41:41.129 I/SystemServer( 1875): InitAttributerCache
05-08 02:41:41.130 W/Binder:1671_1( 1671): type=1400 audit(0.0:81): avc: denied { write } for name="tasks" dev="tmpfs" ino=7629 scontext=u:r:installd:s0 tcontext=u:object_r:device:s0 tclass=file permissive=0
05-08 02:41:41.130 D/SystemServerTiming( 1875): InitAttributerCache took to complete: 0ms
05-08 02:41:41.130 I/SystemServer( 1875): SetSystemProcess
05-08 02:41:41.135 I/lowmemorykiller( 1642): lmkd data connection established
05-08 02:41:41.137 D/SystemServerTiming( 1875): SetSystemProcess took to complete: 7ms
05-08 02:41:41.137 I/SystemServer( 1875): StartOverlayManagerService
05-08 02:41:41.146 I/        ( 1667): Waiting for sensor privacy service
05-08 02:41:41.150 W/Binder:1671_2( 1671): type=1400 audit(0.0:82): avc: denied { write } for name="tasks" dev="tmpfs" ino=7629 scontext=u:r:installd:s0 tcontext=u:object_r:device:s0 tclass=file permissive=0
05-08 02:41:41.155 I/        ( 1640): Waiting for sensor privacy service
05-08 02:41:41.260 I/chatty  ( 1671): uid=0(root) Binder:1671_2 expire 2 lines
05-08 02:41:41.260 W/Binder:1671_7( 1671): type=1400 audit(0.0:85): avc: denied { write } for name="tasks" dev="tmpfs" ino=7629 scontext=u:r:installd:s0 tcontext=u:object_r:device:s0 tclass=file permissive=0
05-08 02:41:41.349 E/OverlayManager( 1875): Failed to set default overlay 'com.google.android.theme.pixel' for user 0
05-08 02:41:41.349 E/OverlayManager( 1875): com.android.server.om.OverlayManagerSettings$BadKeyException: Bad key mPackageName=com.google.android.theme.pixel mUserId=0
05-08 02:41:41.349 E/OverlayManager( 1875): 	at com.android.server.om.OverlayManagerSettings.getOverlayInfo(OverlayManagerSettings.java:114)
05-08 02:41:41.349 E/OverlayManager( 1875): 	at com.android.server.om.OverlayManagerServiceImpl.updateOverlaysForUser(OverlayManagerServiceImpl.java:227)
05-08 02:41:41.349 E/OverlayManager( 1875): 	at com.android.server.om.OverlayManagerService.onSwitchUser(OverlayManagerService.java:296)
05-08 02:41:41.349 E/OverlayManager( 1875): 	at com.android.server.om.OverlayManagerService.<init>(OverlayManagerService.java:257)
05-08 02:41:41.349 E/OverlayManager( 1875): 	at com.android.server.SystemServer.startBootstrapServices(SystemServer.java:774)
05-08 02:41:41.349 E/OverlayManager( 1875): 	at com.android.server.SystemServer.run(SystemServer.java:510)
05-08 02:41:41.349 E/OverlayManager( 1875): 	at com.android.server.SystemServer.main(SystemServer.java:349)
05-08 02:41:41.349 E/OverlayManager( 1875): 	at java.lang.reflect.Method.invoke(Native Method)
05-08 02:41:41.349 E/OverlayManager( 1875): 	at com.android.internal.os.RuntimeInit$MethodAndArgsCaller.run(RuntimeInit.java:492)
05-08 02:41:41.349 E/OverlayManager( 1875): 	at com.android.internal.os.ZygoteInit.main(ZygoteInit.java:903)
05-08 02:41:41.351 D/SystemServerTiming( 1875): StartOverlayManagerService took to complete: 214ms
05-08 02:41:41.351 I/SystemServer( 1875): StartSensorPrivacyService
05-08 02:41:41.352 D/SystemServerTiming( 1875): StartSensorPrivacyService took to complete: 1ms
05-08 02:41:41.352 I/SystemServer( 1875): StartBatteryService
05-08 02:41:41.352 I/SystemServiceManager( 1875): Starting com.android.server.BatteryService
05-08 02:41:41.352 D/SystemServerInitThreadPool( 1875): Started executing StartSensorService
05-08 02:41:41.353 D/SensorService( 1875): nuSensorService starting...
05-08 02:41:41.355 I/hwservicemanager( 1514): getTransport: Cannot find entry android.hardware.sensors@2.0::ISensors/default in either framework or device manifest.
05-08 02:41:41.356 I/android_os_HwBinder( 1875): HwBinder: Starting thread pool for getting: android.hardware.health@2.0::IHealth/default
05-08 02:41:41.358 E/SensorService( 1875): Reported power 0.000000 not deemed sane, clamping to 0.001000
05-08 02:41:41.358 I/SensorService( 1875): Generated new HMAC key.
05-08 02:41:41.359 D/SensorService( 1875): nuSensorService thread starting...
05-08 02:41:41.363 D/SystemServerTimingAsync( 1875): StartSensorService took to complete: 11ms
05-08 02:41:41.364 D/SystemServerInitThreadPool( 1875): Finished executing StartSensorService
05-08 02:41:41.365 I/ServiceManagement( 1667): Registered android.frameworks.cameraservice.service@2.0::ICameraService/default (start delay of 6891ms)
05-08 02:41:41.365 E/BluetoothAdapter( 1875): Bluetooth binder is null
05-08 02:41:41.365 E/BatteryExternalStatsWorker( 1875): no controller energy info supplied for telephony
05-08 02:41:41.366 E/KernelCpuUidFreqTimeReader( 1875): Failed to read /proc/uid_time_in_state: java.nio.file.NoSuchFileException: /proc/uid_time_in_state
05-08 02:41:41.366 W/KernelCpuProcStringReader( 1875): File not found. It's normal if not implemented: /proc/uid_time_in_state
05-08 02:41:41.366 W/KernelCpuProcStringReader( 1875): File not found. It's normal if not implemented: /proc/uid_concurrent_active_time
05-08 02:41:41.366 W/KernelCpuProcStringReader( 1875): File not found. It's normal if not implemented: /proc/uid_concurrent_policy_time
05-08 02:41:41.367 E/KernelCpuSpeedReader( 1875): Failed to read cpu-freq: /sys/devices/system/cpu/cpu0/cpufreq/stats/time_in_state: open failed: ENOENT (No such file or directory)
05-08 02:41:41.370 I/BatteryStatsImpl( 1875): Resetting battery stats: level=100 status=4 dischargeLevel=100 lowAmount=0 highAmount=0
05-08 02:41:41.371 I/android_os_HwBinder( 1875): HwBinder: Starting thread pool for getting: android.hidl.manager@1.0::IServiceManager/default
05-08 02:41:41.373 I/HealthServiceWrapper( 1875): health: HealthServiceWrapper listening to instance default
05-08 02:41:41.373 I/BatteryService( 1875): health: Waited 0ms and received the update.
05-08 02:41:41.374 D/SystemServerTiming( 1875): StartBatteryService took to complete: 22ms
05-08 02:41:41.374 I/SystemServer( 1875): StartUsageService
05-08 02:41:41.374 I/SystemServiceManager( 1875): Starting com.android.server.usage.UsageStatsService
05-08 02:41:41.375 I/hwservicemanager( 1514): getTransport: Cannot find entry android.hardware.soundtrigger@2.0::ISoundTriggerHw/default in either framework or device manifest.
05-08 02:41:41.375 E/SoundTriggerHwService( 1640): could not read implementation properties
05-08 02:41:41.377 I/android_os_HwBinder( 1875): HwBinder: Starting thread pool for getting: android.hardware.health@2.0::IHealth/default
05-08 02:41:41.390 D/SensorService( 1875): new thread SensorEventAckReceiver
05-08 02:41:41.392 E/KernelCpuUidFreqTimeReader( 1875): Failed to read /proc/uid_time_in_state: java.nio.file.NoSuchFileException: /proc/uid_time_in_state
05-08 02:41:41.392 E/KernelCpuSpeedReader( 1875): Failed to read cpu-freq: /sys/devices/system/cpu/cpu0/cpufreq/stats/time_in_state: open failed: ENOENT (No such file or directory)
05-08 02:41:41.394 E/KernelCpuUidFreqTimeReader( 1875): Failed to read /proc/uid_time_in_state: java.nio.file.NoSuchFileException: /proc/uid_time_in_state
05-08 02:41:41.394 E/KernelCpuSpeedReader( 1875): Failed to read cpu-freq: /sys/devices/system/cpu/cpu0/cpufreq/stats/time_in_state: open failed: ENOENT (No such file or directory)
05-08 02:41:41.404 I/UsageStatsDatabase( 1875): Upgrading from version 0 to 4
05-08 02:41:41.404 I/UsageStatsDatabase( 1875): Deleting all usage stats files
05-08 02:41:41.405 D/UsageStatsDatabase( 1875): Found 0 stat files for interval 0
05-08 02:41:41.405 D/UsageStatsDatabase( 1875): Found 0 stat files for interval 1
05-08 02:41:41.405 D/UsageStatsDatabase( 1875): Found 0 stat files for interval 2
05-08 02:41:41.405 D/UsageStatsDatabase( 1875): Found 0 stat files for interval 3
05-08 02:41:41.408 I/UsageStatsService( 1875): User[0] Rollover scheduled @ 2019-05-09 02:41:41(1557369701401)
05-08 02:41:41.409 D/SystemServerTiming( 1875): StartUsageService took to complete: 35ms
05-08 02:41:41.410 I/SystemServer( 1875): StartWebViewUpdateService
05-08 02:41:41.410 I/SystemServiceManager( 1875): Starting com.android.server.webkit.WebViewUpdateService
05-08 02:41:41.413 D/SystemServerTiming( 1875): StartWebViewUpdateService took to complete: 4ms
05-08 02:41:41.413 I/SystemServer( 1875): StartCachedDeviceStateService
05-08 02:41:41.414 I/SystemServiceManager( 1875): Starting com.android.server.CachedDeviceStateService
05-08 02:41:41.414 D/SystemServerTiming( 1875): StartCachedDeviceStateService took to complete: 0ms
05-08 02:41:41.414 I/SystemServer( 1875): StartBinderCallsStatsService
05-08 02:41:41.414 I/SystemServiceManager( 1875): Starting com.android.server.BinderCallsStatsService$LifeCycle
05-08 02:41:41.414 D/SystemServerTiming( 1875): StartBinderCallsStatsService took to complete: 0ms
05-08 02:41:41.415 I/SystemServer( 1875): StartLooperStatsService
05-08 02:41:41.415 I/SystemServiceManager( 1875): Starting com.android.server.LooperStatsService$Lifecycle
05-08 02:41:41.416 D/SystemServerTiming( 1875): StartLooperStatsService took to complete: 1ms
05-08 02:41:41.416 I/SystemServer( 1875): StartRollbackManagerService
05-08 02:41:41.416 I/SystemServiceManager( 1875): Starting com.android.server.rollback.RollbackManagerService
05-08 02:41:41.419 D/installd( 1671): Found quota mount /dev/block/vdc at /data
05-08 02:41:41.420 V/PackageWatchdog( 1875): Earliest package time is 9223372036854775807
05-08 02:41:41.421 I/PackageWatchdog( 1875): No monitored packages, ending package cleanup
05-08 02:41:41.422 D/SystemServerTiming( 1875): StartRollbackManagerService took to complete: 6ms
05-08 02:41:41.422 I/SystemServer( 1875): StartBugreportManagerService
05-08 02:41:41.422 I/SystemServiceManager( 1875): Starting com.android.server.os.BugreportManagerService
05-08 02:41:41.423 D/SystemServerTiming( 1875): StartBugreportManagerService took to complete: 0ms
05-08 02:41:41.423 I/SystemServer( 1875): GpuService
05-08 02:41:41.423 I/SystemServiceManager( 1875): Starting com.android.server.gpu.GpuService
05-08 02:41:41.423 D/SystemServerTiming( 1875): GpuService took to complete: 1ms
05-08 02:41:41.424 I/SystemServer( 1875): StartKeyAttestationApplicationIdProviderService
05-08 02:41:41.424 D/SystemServerInitThreadPool( 1875): Started executing SecondaryZygotePreload
05-08 02:41:41.424 I/SystemServer( 1875): SecondaryZygotePreload
05-08 02:41:41.425 D/SystemServerTiming( 1875): StartKeyAttestationApplicationIdProviderService took to complete: 0ms
05-08 02:41:41.425 I/SystemServer( 1875): StartKeyChainSystemService
05-08 02:41:41.425 I/SystemServiceManager( 1875): Starting com.android.server.security.KeyChainSystemService
05-08 02:41:41.425 D/SystemServerTiming( 1875): StartKeyChainSystemService took to complete: 1ms
05-08 02:41:41.425 I/SystemServer( 1875): StartSchedulingPolicyService
05-08 02:41:41.425 D/SystemServerInitThreadPool( 1875): Started executing SchedulingPolicyService.<init>
05-08 02:41:41.426 D/SystemServerTiming( 1875): StartSchedulingPolicyService took to complete: 0ms
05-08 02:41:41.426 I/SystemServer( 1875): StartTelecomLoaderService
05-08 02:41:41.426 I/SystemServiceManager( 1875): Starting com.android.server.telecom.TelecomLoaderService
05-08 02:41:41.427 I/SchedulingPolicyService( 1875): Moving 1682 back to group default
05-08 02:41:41.428 D/SystemServerInitThreadPool( 1875): Finished executing SchedulingPolicyService.<init>
05-08 02:41:41.428 D/SystemServerTiming( 1875): StartTelecomLoaderService took to complete: 2ms
05-08 02:41:41.428 I/SystemServer( 1875): StartTelephonyRegistry
05-08 02:41:41.430 D/SystemServerTiming( 1875): StartTelephonyRegistry took to complete: 1ms
05-08 02:41:41.430 I/SystemServer( 1875): StartEntropyMixer
05-08 02:41:41.430 W/EntropyMixer( 1875): No existing entropy file -- first boot?
05-08 02:41:41.432 W/ProcessCpuTracker( 1875): Skipping unknown process pid 1980
05-08 02:41:41.443 I/EntropyMixer( 1875): Added HW RNG output to entropy pool
05-08 02:41:41.443 I/EntropyMixer( 1875): Writing entropy...
05-08 02:41:41.443 E/SystemServer( 1875): Unable to preload default resources
05-08 02:41:41.443 D/SystemServerTimingAsync( 1875): SecondaryZygotePreload took to complete: 19ms
05-08 02:41:41.446 D/SystemServerInitThreadPool( 1875): Finished executing SecondaryZygotePreload
05-08 02:41:41.449 D/SystemServerTiming( 1875): StartEntropyMixer took to complete: 20ms
05-08 02:41:41.449 I/SystemServer( 1875): StartAccountManagerService
05-08 02:41:41.450 I/SystemServiceManager( 1875): Starting com.android.server.accounts.AccountManagerService$Lifecycle
05-08 02:41:41.452 D/SystemServerTiming( 1875): StartAccountManagerService took to complete: 3ms
05-08 02:41:41.452 I/SystemServer( 1875): StartContentService
05-08 02:41:41.453 I/SystemServiceManager( 1875): Starting com.android.server.content.ContentService$Lifecycle
05-08 02:41:41.456 D/SystemServerTiming( 1875): StartContentService took to complete: 4ms
05-08 02:41:41.456 I/SystemServer( 1875): InstallSystemProviders
05-08 02:41:41.464 I/system_server( 1875): The ClassLoaderContext is a special shared library.
05-08 02:41:41.522 D/SystemServerTimingAsync( 1875): AppDataPrepare took to complete: 460ms
05-08 02:41:41.522 I/PackageManager( 1875): Deferred reconcileAppsData finished 140 packages
05-08 02:41:41.522 D/SystemServerInitThreadPool( 1875): Finished executing prepareAppData
05-08 02:41:41.536 I/SettingsState( 1875): No settings state /data/system/users/0/settings_system.xml
05-08 02:41:41.541 I/SettingsState( 1875): No settings state /data/system/users/0/settings_secure.xml
05-08 02:41:41.544 D/SettingsProvider( 1875): Generated and saved new ANDROID_ID [89ded20c8897ecf7] for user 0
05-08 02:41:41.547 I/SettingsState( 1875): No settings state /data/system/users/0/settings_global.xml
05-08 02:41:41.557 D/SettingsProvider( 1875): Setting [com.google.android.gms/.autofill.service.AutofillService] as Autofill Service for user 0
05-08 02:41:41.570 I/SettingsState( 1875): No settings state /data/system/users/0/settings_config.xml
05-08 02:41:41.570 I/SettingsState( 1875): No settings state /data/system/users/0/settings_ssaid.xml
05-08 02:41:41.574 D/SystemServerTiming( 1875): InstallSystemProviders took to complete: 117ms
05-08 02:41:41.574 I/SystemServer( 1875): StartDropBoxManager
05-08 02:41:41.574 I/SystemServiceManager( 1875): Starting com.android.server.DropBoxManagerService
05-08 02:41:41.575 D/SystemServerTiming( 1875): StartDropBoxManager took to complete: 0ms
05-08 02:41:41.575 I/SystemServer( 1875): StartVibratorService
05-08 02:41:41.576 I/hwservicemanager( 1514): getTransport: Cannot find entry android.hardware.vibrator@1.0::IVibrator/default in either framework or device manifest.
05-08 02:41:41.576 I/hwservicemanager( 1514): getTransport: Cannot find entry android.hardware.vibrator@1.0::IVibrator/default in either framework or device manifest.
05-08 02:41:41.576 E/VibratorService( 1875): vibratorOff command failed (1).
05-08 02:41:41.576 I/hwservicemanager( 1514): getTransport: Cannot find entry android.hardware.vibrator@1.0::IVibrator/default in either framework or device manifest.
05-08 02:41:41.577 I/hwservicemanager( 1514): getTransport: Cannot find entry android.hardware.vibrator@1.3::IVibrator/default in either framework or device manifest.
05-08 02:41:41.578 D/SystemServerTiming( 1875): StartVibratorService took to complete: 3ms
05-08 02:41:41.578 I/SystemServer( 1875): StartDynamicSystemService
05-08 02:41:41.579 D/SystemServerTiming( 1875): StartDynamicSystemService took to complete: 1ms
05-08 02:41:41.579 I/SystemServer( 1875): StartConsumerIrService
05-08 02:41:41.582 I/hwservicemanager( 1514): getTransport: Cannot find entry android.hardware.ir@1.0::IConsumerIr/default in either framework or device manifest.
05-08 02:41:41.583 D/SystemServerTiming( 1875): StartConsumerIrService took to complete: 3ms
05-08 02:41:41.583 I/SystemServer( 1875): StartAlarmManagerService
05-08 02:41:41.583 D/AlarmManagerService( 1875): Kernel timezone updated to 0 minutes west of GMT
05-08 02:41:41.585 D/SystemServerTiming( 1875): StartAlarmManagerService took to complete: 2ms
05-08 02:41:41.585 I/SystemServer( 1875): InitWatchdog
05-08 02:41:41.585 D/SystemServerTiming( 1875): InitWatchdog took to complete: 0ms
05-08 02:41:41.585 I/SystemServer( 1875): StartInputManagerService
05-08 02:41:41.585 I/InputManager( 1875): Initializing input manager, mUseDevInputEventForAudioJack=true
05-08 02:41:41.586 I/InputClassifier( 1875): Deep press feature enabled.
05-08 02:41:41.586 I/hwservicemanager( 1514): getTransport: Cannot find entry android.hardware.input.classifier@1.0::IInputClassifier/default in either framework or device manifest.
05-08 02:41:41.586 I/InputClassifier( 1875): Could not obtain InputClassifier HAL
05-08 02:41:41.587 D/SystemServerTiming( 1875): StartInputManagerService took to complete: 2ms
05-08 02:41:41.587 I/SystemServer( 1875): StartWindowManagerService
05-08 02:41:41.592 I/WindowManager( 1875): No existing display settings, starting empty
05-08 02:41:41.595 I/WindowTracing( 1875): Setting window tracing log level to 1
05-08 02:41:41.595 I/WindowTracing( 1875): Setting window tracing buffer capacity to 2097152bytes
05-08 02:41:41.601 D/SystemServerTiming( 1875): StartWindowManagerService took to complete: 13ms
05-08 02:41:41.601 I/SystemServer( 1875): SetWindowManagerService
05-08 02:41:41.602 I/DropBoxManagerService( 1875): add tag=system_server_strictmode isTagEnabled=true flags=0x2
05-08 02:41:41.605 I/DropBoxManagerService( 1875): add tag=system_server_strictmode isTagEnabled=true flags=0x2
05-08 02:41:41.630 D/SystemServerTiming( 1875): SetWindowManagerService took to complete: 30ms
05-08 02:41:41.630 I/SystemServer( 1875): WindowManagerServiceOnInitReady
05-08 02:41:41.635 W/ShortcutManager( 1875): Unable to add bookmark: com.google.android.talk/com.google.android.talk.SigningInActivity
05-08 02:41:41.635 W/ShortcutManager( 1875): android.content.pm.PackageManager$NameNotFoundException: ComponentInfo{com.google.android.talk/com.google.android.talk.SigningInActivity}
05-08 02:41:41.635 W/ShortcutManager( 1875): 	at android.app.ApplicationPackageManager.getActivityInfo(ApplicationPackageManager.java:456)
05-08 02:41:41.635 W/ShortcutManager( 1875): 	at com.android.server.policy.ShortcutManager.loadShortcuts(ShortcutManager.java:142)
05-08 02:41:41.635 W/ShortcutManager( 1875): 	at com.android.server.policy.ShortcutManager.<init>(ShortcutManager.java:62)
05-08 02:41:41.635 W/ShortcutManager( 1875): 	at com.android.server.policy.PhoneWindowManager.init(PhoneWindowManager.java:1756)
05-08 02:41:41.635 W/ShortcutManager( 1875): 	at com.android.server.wm.WindowManagerService$5.run(WindowManagerService.java:980)
05-08 02:41:41.635 W/ShortcutManager( 1875): 	at android.os.Handler$BlockingRunnable.run(Handler.java:906)
05-08 02:41:41.635 W/ShortcutManager( 1875): 	at android.os.Handler.handleCallback(Handler.java:883)
05-08 02:41:41.635 W/ShortcutManager( 1875): 	at android.os.Handler.dispatchMessage(Handler.java:100)
05-08 02:41:41.635 W/ShortcutManager( 1875): 	at android.os.Looper.loop(Looper.java:214)
05-08 02:41:41.635 W/ShortcutManager( 1875): 	at android.os.HandlerThread.run(HandlerThread.java:67)
05-08 02:41:41.635 W/ShortcutManager( 1875): 	at com.android.server.ServiceThread.run(ServiceThread.java:44)
05-08 02:41:41.635 W/ShortcutManager( 1875): 	at com.android.server.UiThread.run(UiThread.java:43)
05-08 02:41:41.640 D/SystemServerTiming( 1875): WindowManagerServiceOnInitReady took to complete: 9ms
05-08 02:41:41.640 I/SystemServer( 1875): StartInputManager
05-08 02:41:41.640 D/SystemServerInitThreadPool( 1875): Started executing StartHidlServices
05-08 02:41:41.641 I/ServiceManagement( 1875): Registered android.frameworks.sensorservice@1.0::ISensorManager/default (start delay of 3907ms)
05-08 02:41:41.641 I/InputManager( 1875): Starting input manager
05-08 02:41:41.641 I/ServiceManagement( 1875): Registered android.frameworks.schedulerservice@1.0::ISchedulingPolicyService/default (start delay of 3908ms)
05-08 02:41:41.641 D/SystemServerTimingAsync( 1875): StartHidlServices took to complete: 1ms
05-08 02:41:41.642 D/SystemServerInitThreadPool( 1875): Finished executing StartHidlServices
05-08 02:41:41.642 D/SystemServerTiming( 1875): StartInputManager took to complete: 2ms
05-08 02:41:41.642 I/SystemServer( 1875): DisplayManagerWindowManagerAndInputReady
05-08 02:41:41.642 D/SystemServerTiming( 1875): DisplayManagerWindowManagerAndInputReady took to complete: 0ms
05-08 02:41:41.642 I/SystemServer( 1875): No Bluetooth Service (emulator)
05-08 02:41:41.642 I/SystemServer( 1875): IpConnectivityMetrics
05-08 02:41:41.642 I/SystemServiceManager( 1875): Starting com.android.server.connectivity.IpConnectivityMetrics
05-08 02:41:41.646 D/SystemServerTiming( 1875): IpConnectivityMetrics took to complete: 4ms
05-08 02:41:41.646 I/SystemServer( 1875): NetworkWatchlistService
05-08 02:41:41.646 I/SystemServiceManager( 1875): Starting com.android.server.net.watchlist.NetworkWatchlistService$Lifecycle
05-08 02:41:41.647 D/EventHub( 1875): No input device configuration file found for device 'Power Button'.
05-08 02:41:41.653 W/EventHub( 1875): Unable to disable kernel key repeat for /dev/input/event0: Function not implemented
05-08 02:41:41.653 I/EventHub( 1875): wakeMechanism=EPOLLWAKEUP, usingClockIoctl=true
05-08 02:41:41.654 I/EventHub( 1875): New device: id=1, fd=118, path='/dev/input/event0', name='Power Button', classes=0x1, configuration='', keyLayout='/system/usr/keylayout/Generic.kl', keyCharacterMap='/system/usr/keychars/Generic.kcm', builtinKeyboard=false, 
05-08 02:41:41.654 I/WatchlistLoggingHandler( 1875): Start aggregating watchlist records.
05-08 02:41:41.654 D/SystemServerTiming( 1875): NetworkWatchlistService took to complete: 8ms
05-08 02:41:41.654 I/SystemServer( 1875): PinnerService
05-08 02:41:41.654 I/SystemServiceManager( 1875): Starting com.android.server.PinnerService
05-08 02:41:41.656 D/SystemServerTiming( 1875): PinnerService took to complete: 1ms
05-08 02:41:41.656 I/SystemServer( 1875): IorapForwardingService
05-08 02:41:41.656 I/SystemServiceManager( 1875): Starting com.google.android.startop.iorap.IorapForwardingService
05-08 02:41:41.657 D/SystemServerTiming( 1875): IorapForwardingService took to complete: 1ms
05-08 02:41:41.657 I/SystemServer( 1875): SignedConfigService
05-08 02:41:41.657 D/SystemServerTiming( 1875): SignedConfigService took to complete: 0ms
05-08 02:41:41.659 W/EventHub( 1875): Unable to disable kernel key repeat for /dev/input/event1: Function not implemented
05-08 02:41:41.659 I/EventHub( 1875): wakeMechanism=EPOLLWAKEUP, usingClockIoctl=true
05-08 02:41:41.659 I/EventHub( 1875): New device: id=2, fd=122, path='/dev/input/event1', name='qwerty2', classes=0x97, configuration='/system/usr/idc/qwerty2.idc', keyLayout='/system/usr/keylayout/qwerty.kl', keyCharacterMap='/system/usr/keychars/qwerty2.kcm', builtinKeyboard=true, 
05-08 02:41:41.661 I/InputReader( 1875): Device added: id=-1, name='Virtual', sources=0x00000301
05-08 02:41:41.662 I/InputReader( 1875): Touch device 'qwerty2' could not query the properties of its associated display.  The device will be inoperable until the display size becomes available.
05-08 02:41:41.662 I/InputReader( 1875): Device added: id=0, name='qwerty2', sources=0x80001103
05-08 02:41:41.663 I/InputReader( 1875): Device added: id=1, name='Power Button', sources=0x00000101
05-08 02:41:41.664 I/WindowManager( 1875): SAFE MODE not enabled
05-08 02:41:41.664 I/SystemServer( 1875): StartInputMethodManagerLifecycle
05-08 02:41:41.664 I/SystemServiceManager( 1875): Starting com.android.server.inputmethod.InputMethodManagerService$Lifecycle
05-08 02:41:41.670 W/kworker/0:1(   34): type=1400 audit(0.0:86): avc: denied { module_request } for kmod="net-pf-16-proto-4-type-2-17" scontext=u:r:kernel:s0 tcontext=u:r:kernel:s0 tclass=system permissive=0
05-08 02:41:41.670 W/kworker/0:1(   34): type=1400 audit(0.0:87): avc: denied { module_request } for kmod="net-pf-16-proto-4-type-2-17" scontext=u:r:kernel:s0 tcontext=u:r:kernel:s0 tclass=system permissive=0
05-08 02:41:41.674 E/ipv6proxy( 1856): Failed to forward Router Advertisement from eth0 to wlan1: Network is unreachable
05-08 02:41:41.676 D/SystemServerTiming( 1875): StartInputMethodManagerLifecycle took to complete: 12ms
05-08 02:41:41.676 I/SystemServer( 1875): StartAccessibilityManagerService
05-08 02:41:41.677 I/SystemServiceManager( 1875): Starting com.android.server.accessibility.AccessibilityManagerService$Lifecycle
05-08 02:41:41.678 D/SystemServerTiming( 1875): StartAccessibilityManagerService took to complete: 2ms
05-08 02:41:41.678 I/SystemServer( 1875): MakeDisplayReady
05-08 02:41:41.679 W/InputReader( 1875): Device has associated, but no associated display id.
05-08 02:41:41.682 I/ActivityTaskManager( 1875): Config changes=20005df8 {1.0 ?mcc?mnc [en_US] ldltr sw411dp w411dp h659dp 560dpi nrml port ?uimode ?night finger qwerty/v/v -nav/h winConfig={ mBounds=Rect(0, 0 - 1440, 2560) mAppBounds=Rect(0, 0 - 1440, 2392) mWindowingMode=fullscreen mDisplayWindowingMode=fullscreen mActivityType=undefined mAlwaysOnTop=undefined mRotation=ROTATION_0} s.2}
05-08 02:41:41.685 I/ActivityTaskManager( 1875): Override config changes=60007dfc {1.0 ?mcc?mnc [en_US] ldltr sw411dp w411dp h659dp 560dpi nrml port ?uimode ?night finger qwerty/v/v -nav/h winConfig={ mBounds=Rect(0, 0 - 1440, 2560) mAppBounds=Rect(0, 0 - 1440, 2392) mWindowingMode=fullscreen mDisplayWindowingMode=fullscreen mActivityType=undefined mAlwaysOnTop=undefined mRotation=ROTATION_0} s.2} for displayId=0
05-08 02:41:41.700 D/SystemServerTiming( 1875): MakeDisplayReady took to complete: 22ms
05-08 02:41:41.700 I/SystemServer( 1875): StartStorageManagerService
05-08 02:41:41.700 I/SystemServiceManager( 1875): Starting com.android.server.StorageManagerService$Lifecycle
05-08 02:41:41.702 I/InputManager-JNI( 1875): Viewport [0] to add: local:0
05-08 02:41:41.703 I/InputReader( 1875): Reconfiguring input devices.  changes=0x00000004
05-08 02:41:41.703 I/InputReader( 1875): Device reconfigured: id=0, name='qwerty2', size 1440x2560, orientation 0, mode 1, display id 0
05-08 02:41:41.711 D/StorageManagerService( 1875): Thinking about init, mBootCompleted=false, mDaemonConnected=true
05-08 02:41:41.711 D/SystemServerTiming( 1875): StartStorageManagerService took to complete: 11ms
05-08 02:41:41.711 D/StorageManagerService( 1875): Thinking about reset, mBootCompleted=false, mDaemonConnected=true
05-08 02:41:41.711 I/SystemServer( 1875): StartStorageStatsService
05-08 02:41:41.711 I/SystemServiceManager( 1875): Starting com.android.server.usage.StorageStatsService$Lifecycle
05-08 02:41:41.713 D/installd( 1671): Found quota mount /dev/block/vdc at /data
05-08 02:41:41.714 D/installd( 1671): Found quota mount /dev/block/vdc at /data
05-08 02:41:41.715 D/SystemServerTiming( 1875): StartStorageStatsService took to complete: 4ms
05-08 02:41:41.715 I/SystemServer( 1875): StartUiModeManager
05-08 02:41:41.715 I/SystemServiceManager( 1875): Starting com.android.server.UiModeManagerService
05-08 02:41:41.716 D/SystemServerInitThreadPool( 1875): Started executing UiModeManager.onStart
05-08 02:41:41.717 I/ActivityTaskManager( 1875): Config changes=200 {1.0 ?mcc?mnc [en_US] ldltr sw411dp w411dp h659dp 560dpi nrml port finger qwerty/v/v -nav/h winConfig={ mBounds=Rect(0, 0 - 1440, 2560) mAppBounds=Rect(0, 0 - 1440, 2392) mWindowingMode=fullscreen mDisplayWindowingMode=fullscreen mActivityType=undefined mAlwaysOnTop=undefined mRotation=ROTATION_0} s.4}
05-08 02:41:41.719 I/ActivityTaskManager( 1875): Override config changes=200 {1.0 ?mcc?mnc [en_US] ldltr sw411dp w411dp h659dp 560dpi nrml port finger qwerty/v/v -nav/h winConfig={ mBounds=Rect(0, 0 - 1440, 2560) mAppBounds=Rect(0, 0 - 1440, 2392) mWindowingMode=fullscreen mDisplayWindowingMode=fullscreen mActivityType=undefined mAlwaysOnTop=undefined mRotation=ROTATION_0} s.4} for displayId=0
05-08 02:41:41.719 D/SystemServerInitThreadPool( 1875): Finished executing UiModeManager.onStart
05-08 02:41:41.727 D/SystemServerTiming( 1875): StartUiModeManager took to complete: 12ms
05-08 02:41:41.727 I/SystemServer( 1875): UpdatePackagesIfNeeded
05-08 02:41:41.736 I/system_server( 1875): The ClassLoaderContext is a special shared library.
05-08 02:41:41.799 I/chatty  ( 1875): uid=1000 system_server identical 116 lines
05-08 02:41:41.817 I/system_server( 1875): The ClassLoaderContext is a special shared library.
05-08 02:41:41.868 I/hostapd ( 1859): wlan1: interface state COUNTRY_UPDATE->HT_SCAN
05-08 02:41:41.869 W/system_server( 1875): ClassLoaderContext classpath element mismatch. expected=/system/framework/com.google.android.dialer.support.jar, found=/product/framework/com.google.android.dialer.support.jar (PCL[]{PCL[/system/framework/android.hidl.manager-V1.0-java.jar*523601159]{PCL[/system/framework/android.hidl.base-V1.0-java.jar*3673133259]}#PCL[/system/framework/android.hidl.base-V1.0-java.jar*3673133259]#PCL[/system/framework/com.google.android.dialer.support.jar*1925416281]#PCL[/system/framework/org.apache.http.legacy.jar*1474190620]} | PCL[]{PCL[/system/framework/android.hidl.manager-V1.0-java.jar*523601159]{PCL[/system/framework/android.hidl.base-V1.0-java.jar*3673133259]}#PCL[/system/framework/android.hidl.base-V1.0-java.jar*3673133259]#PCL[/product/framework/com.google.android.dialer.support.jar*1925416281]#PCL[/system/framework/org.apache.http.legacy.jar*1474190620]})
05-08 02:41:41.870 I/PackageManager.DexOptimizer( 1875): Running dexopt (dexoptNeeded=1) on: /system/product/priv-app/GoogleDialer/GoogleDialer.apk pkg=com.google.android.dialer isa=x86 dexoptFlags=public,enable_hidden_api_checks targetFilter=quicken oatDir=null classLoaderContext=PCL[]{PCL[/system/framework/android.hidl.manager-V1.0-java.jar]{PCL[/system/framework/android.hidl.base-V1.0-java.jar]}#PCL[/system/framework/android.hidl.base-V1.0-java.jar]#PCL[/product/framework/com.google.android.dialer.support.jar]#PCL[/system/framework/org.apache.http.legacy.jar]}
05-08 02:41:41.871 V/installd( 1671): DexInv: --- BEGIN '/system/product/priv-app/GoogleDialer/GoogleDialer.apk' ---
05-08 02:41:41.935 W/dex2oat ( 2001): Unexpected CPU variant for X86 using defaults: x86
05-08 02:41:41.945 W/dex2oat ( 2001): Mismatch between dex2oat instruction set features to use (ISA: X86 Feature string: -ssse3,-sse4.1,-sse4.2,-avx,-avx2,-popcnt) and those from CPP defines (ISA: X86 Feature string: ssse3,-sse4.1,-sse4.2,-avx,-avx2,-popcnt) for the command line:
05-08 02:41:41.945 W/dex2oat ( 2001): /apex/com.android.runtime/bin/dex2oat --zip-fd=8 --zip-location=GoogleDialer.apk --input-vdex-fd=-1 --output-vdex-fd=10 --oat-fd=9 --oat-location=/data/dalvik-cache/x86/system@product@priv-app@GoogleDialer@GoogleDialer.apk@classes.dex --instruction-set=x86 --instruction-set-variant=x86 --instruction-set-features=default --runtime-arg -Xbootclasspath:/apex/com.android.runtime/javalib/core-oj.jar:/apex/com.android.runtime/javalib/core-libart.jar:/apex/com.android.runtime/javalib/okhttp.jar:/apex/com.android.runtime/javalib/bouncycastle.jar:/apex/com.android.runtime/javalib/apache-xml.jar:/system/framework/framework.jar:/system/framework/ext.jar:/system/framework/telephony-common.jar:/system/framework/voip-common.jar:/system/framework/ims-common.jar:/system/framework/android.test.base.jar --runtime-arg -Xms64m --runtime-arg -Xmx512m --compiler-filter=quicken --swap-fd=11 --classpath-dir=/system/product/priv-app/GoogleDialer --class-loader-context=PCL[]{PCL[/system/framework/android.hidl.manager-V1.0-java.jar]{P
05-08 02:41:41.945 I/dex2oat ( 2001): /apex/com.android.runtime/bin/dex2oat --input-vdex-fd=-1 --output-vdex-fd=10 --compiler-filter=quicken --classpath-dir=/system/product/priv-app/GoogleDialer --class-loader-context=PCL[]{PCL[/system/framework/android.hidl.manager-V1.0-java.jar]{PCL[/system/framework/android.hidl.base-V1.0-java.jar]}#PCL[/system/framework/android.hidl.base-V1.0-java.jar]#PCL[/product/framework/com.google.android.dialer.support.jar]#PCL[/system/framework/org.apache.http.legacy.jar]} --generate-mini-debug-info --compact-dex-level=none --compilation-reason=first-boot
05-08 02:41:41.947 I/dex2oat ( 2001): setting boot class path to /apex/com.android.runtime/javalib/core-oj.jar:/apex/com.android.runtime/javalib/core-libart.jar:/apex/com.android.runtime/javalib/okhttp.jar:/apex/com.android.runtime/javalib/bouncycastle.jar:/apex/com.android.runtime/javalib/apache-xml.jar:/system/framework/framework.jar:/system/framework/ext.jar:/system/framework/telephony-common.jar:/system/framework/voip-common.jar:/system/framework/ims-common.jar:/system/framework/android.test.base.jar
05-08 02:41:42.710 W/kworker/0:1(   34): type=1400 audit(0.0:92): avc: denied { module_request } for kmod="net-pf-16-proto-4-type-2-17" scontext=u:r:kernel:s0 tcontext=u:r:kernel:s0 tclass=system permissive=0
05-08 02:41:43.300 W/kworker/0:1(   34): type=1400 audit(0.0:96): avc: denied { module_request } for kmod="net-pf-16-proto-4-type-2-17" scontext=u:r:kernel:s0 tcontext=u:r:kernel:s0 tclass=system permissive=0
05-08 02:41:43.304 E/hostapd ( 1859): Using interface wlan1 with hwaddr 02:00:00:00:01:00 and ssid "AndroidWifi"
05-08 02:41:43.308 I/hostapd ( 1859): wlan1: interface state HT_SCAN->ENABLED
05-08 02:41:43.308 I/hostapd ( 1859): wlan1: AP-ENABLED 
05-08 02:41:44.660 I/dex2oat ( 2001): dex2oat took 2.727s (4.007s cpu) (threads: 2) arena alloc=58KB (59512B) java alloc=5307KB (5434384B) native alloc=6900KB (7066056B) free=667KB (683576B)
05-08 02:41:44.665 V/installd( 1671): DexInv: --- END '/system/product/priv-app/GoogleDialer/GoogleDialer.apk' (success) ---
05-08 02:41:44.675 I/system_server( 1875): The ClassLoaderContext is a special shared library.
05-08 02:41:45.028 I/system_server( 1875): The ClassLoaderContext is a special shared library.
05-08 02:41:45.029 I/PackageManager.DexOptimizer( 1875): Running dexopt (dexoptNeeded=1) on: /system/product/app/ModuleMetadata/ModuleMetadata.apk pkg=com.android.modulemetadata isa=x86 dexoptFlags=public,enable_hidden_api_checks targetFilter=quicken oatDir=null classLoaderContext=PCL[]{PCL[/system/framework/android.hidl.manager-V1.0-java.jar]{PCL[/system/framework/android.hidl.base-V1.0-java.jar]}#PCL[/system/framework/android.hidl.base-V1.0-java.jar]}
05-08 02:41:45.031 V/installd( 1671): DexInv: --- BEGIN '/system/product/app/ModuleMetadata/ModuleMetadata.apk' ---
05-08 02:41:45.054 W/dex2oat ( 2016): Unexpected CPU variant for X86 using defaults: x86
05-08 02:41:45.054 W/dex2oat ( 2016): Mismatch between dex2oat instruction set features to use (ISA: X86 Feature string: -ssse3,-sse4.1,-sse4.2,-avx,-avx2,-popcnt) and those from CPP defines (ISA: X86 Feature string: ssse3,-sse4.1,-sse4.2,-avx,-avx2,-popcnt) for the command line:
05-08 02:41:45.054 W/dex2oat ( 2016): /apex/com.android.runtime/bin/dex2oat --zip-fd=8 --zip-location=ModuleMetadata.apk --input-vdex-fd=-1 --output-vdex-fd=10 --oat-fd=9 --oat-location=/data/dalvik-cache/x86/system@product@app@ModuleMetadata@ModuleMetadata.apk@classes.dex --instruction-set=x86 --instruction-set-variant=x86 --instruction-set-features=default --runtime-arg -Xbootclasspath:/apex/com.android.runtime/javalib/core-oj.jar:/apex/com.android.runtime/javalib/core-libart.jar:/apex/com.android.runtime/javalib/okhttp.jar:/apex/com.android.runtime/javalib/bouncycastle.jar:/apex/com.android.runtime/javalib/apache-xml.jar:/system/framework/framework.jar:/system/framework/ext.jar:/system/framework/telephony-common.jar:/system/framework/voip-common.jar:/system/framework/ims-common.jar:/system/framework/android.test.base.jar --runtime-arg -Xms64m --runtime-arg -Xmx512m --compiler-filter=quicken --swap-fd=11 --classpath-dir=/system/product/app/ModuleMetadata --class-loader-context=PCL[]{PCL[/system/framework/android.hidl.manager-V1.0-java.jar]{PCL
05-08 02:41:45.054 I/dex2oat ( 2016): /apex/com.android.runtime/bin/dex2oat --input-vdex-fd=-1 --output-vdex-fd=10 --compiler-filter=quicken --classpath-dir=/system/product/app/ModuleMetadata --class-loader-context=PCL[]{PCL[/system/framework/android.hidl.manager-V1.0-java.jar]{PCL[/system/framework/android.hidl.base-V1.0-java.jar]}#PCL[/system/framework/android.hidl.base-V1.0-java.jar]} --generate-mini-debug-info --compact-dex-level=none --compilation-reason=first-boot
05-08 02:41:45.056 I/dex2oat ( 2016): setting boot class path to /apex/com.android.runtime/javalib/core-oj.jar:/apex/com.android.runtime/javalib/core-libart.jar:/apex/com.android.runtime/javalib/okhttp.jar:/apex/com.android.runtime/javalib/bouncycastle.jar:/apex/com.android.runtime/javalib/apache-xml.jar:/system/framework/framework.jar:/system/framework/ext.jar:/system/framework/telephony-common.jar:/system/framework/voip-common.jar:/system/framework/ims-common.jar:/system/framework/android.test.base.jar
05-08 02:41:45.120 I/dex2oat ( 2016): dex2oat took 74.572ms (49.607ms cpu) (threads: 2) arena alloc=1576B (1576B) java alloc=16KB (16400B) native alloc=979KB (1003248B) free=460KB (471312B)
05-08 02:41:45.123 V/installd( 1671): DexInv: --- END '/system/product/app/ModuleMetadata/ModuleMetadata.apk' (success) ---
05-08 02:41:45.128 I/system_server( 1875): The ClassLoaderContext is a special shared library.
05-08 02:41:46.041 I/system_server( 1875): The ClassLoaderContext is a special shared library.
05-08 02:41:46.044 D/SystemServerTiming( 1875): UpdatePackagesIfNeeded took to complete: 4316ms
05-08 02:41:46.044 I/SystemServer( 1875): PerformFstrimIfNeeded
05-08 02:41:46.045 W/PackageManager( 1875): No disk maintenance in 1557283306045; running immediately
05-08 02:41:46.045 I/StorageManagerService( 1875): Running fstrim idle maintenance
05-08 02:41:46.047 D/SystemServerTiming( 1875): PerformFstrimIfNeeded took to complete: 2ms
05-08 02:41:46.047 I/SystemServer( 1875): StartLockSettingsService
05-08 02:41:46.047 I/SystemServiceManager( 1875): Starting com.android.server.locksettings.LockSettingsService$Lifecycle
05-08 02:41:46.048 D/vold    ( 1532): Starting trim of /data
05-08 02:41:46.048 W/vold    ( 1532): Trim failed on /data: Operation not supported on transport endpoint
05-08 02:41:46.097 D/SystemServerTiming( 1875): StartLockSettingsService took to complete: 50ms
05-08 02:41:46.097 I/hwservicemanager( 1514): getTransport: Cannot find entry android.hardware.oemlock@1.0::IOemLock/default in either framework or device manifest.
05-08 02:41:46.098 I/OemLock ( 1875): OemLock HAL not present on device
05-08 02:41:46.098 I/SystemServer( 1875): StartDeviceIdleController
05-08 02:41:46.098 I/SystemServiceManager( 1875): Starting com.android.server.DeviceIdleController
05-08 02:41:46.110 D/SystemServerTiming( 1875): StartDeviceIdleController took to complete: 12ms
05-08 02:41:46.110 I/SystemServer( 1875): StartDevicePolicyManager
05-08 02:41:46.110 I/SystemServiceManager( 1875): Starting com.android.server.devicepolicy.DevicePolicyManagerService$Lifecycle
05-08 02:41:46.116 D/SystemServerTiming( 1875): StartDevicePolicyManager took to complete: 6ms
05-08 02:41:46.116 I/SystemServer( 1875): StartStatusBarManagerService
05-08 02:41:46.116 D/SystemServerTiming( 1875): StartStatusBarManagerService took to complete: 1ms
05-08 02:41:46.117 I/SystemServer( 1875): StartContentCaptureService
05-08 02:41:46.117 I/SystemServiceManager( 1875): Starting com.android.server.contentcapture.ContentCaptureManagerService
05-08 02:41:46.120 I/ContentCaptureHelper( 1875): Setting logging level to DEBUG
05-08 02:41:46.120 D/ContentCaptureManagerService( 1875): log history size: 20
05-08 02:41:46.130 D/SystemServerTiming( 1875): StartContentCaptureService took to complete: 14ms
05-08 02:41:46.131 D/SystemServer( 1875): AttentionService is not configured on this device
05-08 02:41:46.131 I/SystemServer( 1875): StartAppPredictionService
05-08 02:41:46.132 I/SystemServiceManager( 1875): Starting com.android.server.appprediction.AppPredictionManagerService
05-08 02:41:46.132 D/SystemServerTiming( 1875): StartAppPredictionService took to complete: 1ms
05-08 02:41:46.132 I/SystemServer( 1875): StartContentSuggestionsService
05-08 02:41:46.133 I/SystemServiceManager( 1875): Starting com.android.server.contentsuggestions.ContentSuggestionsManagerService
05-08 02:41:46.134 D/SystemServerTiming( 1875): StartContentSuggestionsService took to complete: 1ms
05-08 02:41:46.134 I/SystemServer( 1875): StartClipboardService
05-08 02:41:46.134 I/SystemServiceManager( 1875): Starting com.android.server.clipboard.ClipboardService
05-08 02:41:46.136 D/SystemServerTiming( 1875): StartClipboardService took to complete: 3ms
05-08 02:41:46.137 I/SystemServer( 1875): InitNetworkStackClient
05-08 02:41:46.137 D/SystemServerTiming( 1875): InitNetworkStackClient took to complete: 1ms
05-08 02:41:46.137 I/SystemServer( 1875): StartNetworkManagementService
05-08 02:41:46.140 I/netd    ( 1609): registerUnsolicitedEventListener() <0.77191ms>
05-08 02:41:46.142 D/SystemServerTiming( 1875): StartNetworkManagementService took to complete: 4ms
05-08 02:41:46.142 I/SystemServer( 1875): StartIpSecService
05-08 02:41:46.142 D/SystemServerTiming( 1875): StartIpSecService took to complete: 1ms
05-08 02:41:46.142 I/SystemServer( 1875): StartTextServicesManager
05-08 02:41:46.143 I/SystemServiceManager( 1875): Starting com.android.server.textservices.TextServicesManagerService$Lifecycle
05-08 02:41:46.144 D/SystemServerTiming( 1875): StartTextServicesManager took to complete: 1ms
05-08 02:41:46.144 I/SystemServer( 1875): StartTextClassificationManagerService
05-08 02:41:46.144 I/SystemServiceManager( 1875): Starting com.android.server.textclassifier.TextClassificationManagerService$Lifecycle
05-08 02:41:46.146 D/SystemServerTiming( 1875): StartTextClassificationManagerService took to complete: 2ms
05-08 02:41:46.146 I/SystemServer( 1875): StartNetworkScoreService
05-08 02:41:46.146 I/SystemServiceManager( 1875): Starting com.android.server.NetworkScoreService$Lifecycle
05-08 02:41:46.154 I/NetworkScoreService( 1875): Registering network_score
05-08 02:41:46.156 D/SystemServerTiming( 1875): StartNetworkScoreService took to complete: 10ms
05-08 02:41:46.156 I/SystemServer( 1875): StartNetworkStatsService
05-08 02:41:46.159 D/SystemServerTiming( 1875): StartNetworkStatsService took to complete: 3ms
