05-08 02:41:35.019 D/LibBpfLoader( 1665): applying relo to instruction at byte offset: 1608, 	       insn offset 201 , insn 118
05-08 02:41:35.019 D/LibBpfLoader( 1665): applying relo to instruction at byte offset: 1736, 	       insn offset 217 , insn 118
05-08 02:41:35.019 D/LibBpfLoader( 1665): applying relo to instruction at byte offset: 1840, 	       insn offset 230 , insn 118
05-08 02:41:35.019 D/LibBpfLoader( 1665): applying relo to instruction at byte offset: 1880, 	       insn offset 235 , insn 118
05-08 02:41:35.024 I/livelock( 1704): started
05-08 02:41:35.024 W/livelock( 1704): [khungtaskd] not configurable
05-08 02:41:35.035 I/ServiceManagement( 1683): Registered android.hardware.radio@1.1::IRadio/slot1 (start delay of 502ms)
05-08 02:41:35.036 I/ServiceManagement( 1683): Registered android.hardware.radio.deprecated@1.0::IOemHook/slot1 (start delay of 502ms)
05-08 02:41:35.038 I//system/bin/tombstoned( 1701): tombstoned successfully initialized
05-08 02:41:35.039 I/livelock( 1704): ro.config.low_ram=false
05-08 02:41:35.040 I/livelock( 1704): ro.llk.sysrq_t=true
05-08 02:41:35.040 I/livelock( 1704): ro.llk.enable=true
05-08 02:41:35.040 I/livelock( 1704): ro.khungtask.enable=true
05-08 02:41:35.040 I/livelock( 1704): ro.llk.mlockall=true
05-08 02:41:35.040 I/livelock( 1704): ro.llk.killtest=true
05-08 02:41:35.040 I/livelock( 1704): ro.khungtask.timeout=720s
05-08 02:41:35.040 I/livelock( 1704): ro.llk.timeout_ms=600.000s
05-08 02:41:35.040 I/livelock( 1704): ro.llk.D.timeout_ms=600.000s
05-08 02:41:35.041 I/livelock( 1704): ro.llk.Z.timeout_ms=600.000s
05-08 02:41:35.041 I/livelock( 1704): ro.llk.stack.timeout_ms=600.000s
05-08 02:41:35.041 I/livelock( 1704): ro.llk.check_ms=120.000s
05-08 02:41:35.041 I/livelock( 1704): ro.llk.stack=wait_on_page_bit_killable,bit_wait_io,__get_user_pages,cma_alloc
05-08 02:41:35.041 I/livelock( 1704): ro.llk.blacklist.process.stack=apexd,ueventd,init,keystore,lmkd.llkd,llkd
05-08 02:41:35.041 I/livelock( 1704): ro.llk.blacklist.process=[watchdogd/0],[watchdog/1],watchdogd,[khungtaskd],lmkd,[watchdogd],[kthreadd],2,1704,0,1,init,llkd
05-08 02:41:35.041 I/livelock( 1704): ro.llk.blacklist.parent=[kthreadd],2,0,adbd&[setsid]
05-08 02:41:35.041 I/livelock( 1704): ro.llk.blacklist.uid=
05-08 02:41:35.055 D/EGL_emulation( 1646): eglMakeCurrent: 0xf4312c00: ver 3 1 (tinfo 0xf4307800)
05-08 02:41:35.060 D/LibBpfLoader( 1665): applying relo to instruction at byte offset: 1944, 	       insn offset 243 , insn 118
05-08 02:41:35.060 D/LibBpfLoader( 1665): applying relo to instruction at byte offset: 2048, 	       insn offset 256 , insn 118
05-08 02:41:35.060 D/LibBpfLoader( 1665): applying relo to instruction at byte offset: 2088, 	       insn offset 261 , insn 118
05-08 02:41:35.060 D/LibBpfLoader( 1665): applying relo to instruction at byte offset: 2176, 	       insn offset 272 , insn 118
05-08 02:41:35.061 D/LibBpfLoader( 1665): applying relo to instruction at byte offset: 2280, 	       insn offset 285 , insn 118
05-08 02:41:35.061 D/LibBpfLoader( 1665): applying relo to instruction at byte offset: 2320, 	       insn offset 290 , insn 118
05-08 02:41:35.061 E/eglCodecCommon( 1646): glUtilsParamSize: unknow param 0x000082da
05-08 02:41:35.061 D/LibBpfLoader( 1665): applying relo to instruction at byte offset: 616, 	       insn offset 77 , insn 118
05-08 02:41:35.061 D/LibBpfLoader( 1665): applying relo to instruction at byte offset: 688, 	       insn offset 86 , insn 118
05-08 02:41:35.061 D/LibBpfLoader( 1665): applying relo to instruction at byte offset: 944, 	       insn offset 118 , insn 118
05-08 02:41:35.061 E/eglCodecCommon( 1646): glUtilsParamSize: unknow param 0x000082da
05-08 02:41:35.062 D/LibBpfLoader( 1665): applying relo to instruction at byte offset: 1088, 	       insn offset 136 , insn 118
05-08 02:41:35.062 D/LibBpfLoader( 1665): applying relo to instruction at byte offset: 1168, 	       insn offset 146 , insn 118
05-08 02:41:35.062 D/LibBpfLoader( 1665): applying relo to instruction at byte offset: 1272, 	       insn offset 159 , insn 118
05-08 02:41:35.062 D/LibBpfLoader( 1665): applying relo to instruction at byte offset: 1376, 	       insn offset 172 , insn 118
05-08 02:41:35.062 D/LibBpfLoader( 1665): applying relo to instruction at byte offset: 1416, 	       insn offset 177 , insn 118
05-08 02:41:35.062 D/LibBpfLoader( 1665): applying relo to instruction at byte offset: 1480, 	       insn offset 185 , insn 118
05-08 02:41:35.062 D/LibBpfLoader( 1665): applying relo to instruction at byte offset: 1584, 	       insn offset 198 , insn 118
05-08 02:41:35.062 D/LibBpfLoader( 1665): applying relo to instruction at byte offset: 1624, 	       insn offset 203 , insn 118
05-08 02:41:35.062 D/LibBpfLoader( 1665): applying relo to instruction at byte offset: 1752, 	       insn offset 219 , insn 118
05-08 02:41:35.063 D/LibBpfLoader( 1665): applying relo to instruction at byte offset: 1856, 	       insn offset 232 , insn 118
05-08 02:41:35.064 D/LibBpfLoader( 1665): applying relo to instruction at byte offset: 1896, 	       insn offset 237 , insn 118
05-08 02:41:35.064 D/LibBpfLoader( 1665): applying relo to instruction at byte offset: 1960, 	       insn offset 245 , insn 118
05-08 02:41:35.064 D/LibBpfLoader( 1665): applying relo to instruction at byte offset: 2064, 	       insn offset 258 , insn 118
05-08 02:41:35.064 D/LibBpfLoader( 1665): applying relo to instruction at byte offset: 2104, 	       insn offset 263 , insn 118
05-08 02:41:35.064 D/LibBpfLoader( 1665): applying relo to instruction at byte offset: 2192, 	       insn offset 274 , insn 118
05-08 02:41:35.064 D/LibBpfLoader( 1665): applying relo to instruction at byte offset: 2296, 	       insn offset 287 , insn 118
05-08 02:41:35.064 D/LibBpfLoader( 1665): applying relo to instruction at byte offset: 2336, 	       insn offset 292 , insn 118
05-08 02:41:35.064 D/LibBpfLoader( 1665): applying relo to instruction at byte offset: 40, 	       insn offset 5 , insn 118
05-08 02:41:35.065 D/LibBpfLoader( 1665): applying relo to instruction at byte offset: 144, 	       insn offset 18 , insn 118
05-08 02:41:35.065 D/LibBpfLoader( 1665): applying relo to instruction at byte offset: 184, 	       insn offset 23 , insn 118
05-08 02:41:35.065 D/LibBpfLoader( 1665): applying relo to instruction at byte offset: 40, 	       insn offset 5 , insn 118
05-08 02:41:35.065 D/LibBpfLoader( 1665): applying relo to instruction at byte offset: 144, 	       insn offset 18 , insn 118
05-08 02:41:35.065 D/LibBpfLoader( 1665): applying relo to instruction at byte offset: 184, 	       insn offset 23 , insn 118
05-08 02:41:35.065 D/LibBpfLoader( 1665): applying relo to instruction at byte offset: 80, 	       insn offset 10 , insn 118
05-08 02:41:35.065 D/LibBpfLoader( 1665): applying relo to instruction at byte offset: 32, 	       insn offset 4 , insn 118
05-08 02:41:35.065 D/LibBpfLoader( 1665): applying relo to instruction at byte offset: 80, 	       insn offset 10 , insn 118
05-08 02:41:35.086 I/RenderEngine( 1646): OpenGL ES informations:
05-08 02:41:35.086 I/RenderEngine( 1646): vendor    : Google (NVIDIA Corporation)
05-08 02:41:35.086 I/RenderEngine( 1646): renderer  : Android Emulator OpenGL ES Translator (GeForce GTX 1050/PCIe/SSE2)
05-08 02:41:35.086 I/RenderEngine( 1646): version   : OpenGL ES 3.1 (4.5.0 NVIDIA 391.35)
05-08 02:41:35.086 I/RenderEngine( 1646): extensions: GL_EXT_debug_marker GL_EXT_robustness GL_OES_EGL_image GL_OES_EGL_image_external GL_OES_depth24 GL_OES_depth32 GL_OES_element_index_uint GL_OES_texture_float GL_OES_texture_float_linear GL_OES_compressed_paletted_texture GL_OES_compressed_ETC1_RGB8_texture GL_OES_depth_texture GL_OES_texture_half_float GL_OES_texture_half_float_linear GL_OES_packed_depth_stencil GL_OES_vertex_half_float GL_OES_texture_npot GL_OES_rgb8_rgba8 GL_EXT_color_buffer_float GL_EXT_texture_format_BGRA8888 GL_APPLE_texture_format_BGRA8888 ANDROID_EMU_CHECKSUM_HELPER_v1 ANDROID_EMU_native_sync_v2 ANDROID_EMU_native_sync_v3 ANDROID_EMU_dma_v1 ANDROID_EMU_host_composition_v1 GL_OES_EGL_image_external_essl3 GL_OES_vertex_array_object GL_KHR_texture_compression_astc_ldr ANDROID_EMU_gles_max_version_3_1 
05-08 02:41:35.087 I/RenderEngine( 1646): GL_MAX_TEXTURE_SIZE = 32768
05-08 02:41:35.087 I/RenderEngine( 1646): GL_MAX_VIEWPORT_DIMS = 32768
05-08 02:41:35.088 D/android.hardware.biometrics.fingerprint@2.1-service( 1703): Opening fingerprint hal library...
05-08 02:41:35.099 I/hwservicemanager( 1514): getTransport: Cannot find entry android.hardware.graphics.mapper@3.0::IMapper/default in either framework or device manifest.
05-08 02:41:35.099 D/FingerprintHal( 1703): ----------------> fingerprint_open ----------------->
05-08 02:41:35.099 W/ComposerHal( 1626): failed to get mapper 3.0 service
05-08 02:41:35.099 D/FingerprintHal( 1703): ----------------> set_notify_callback ----------------->
05-08 02:41:35.099 D/FingerprintHal( 1703): fingerprint callback notification set
05-08 02:41:35.100 I/ServiceManagement( 1703): Registered android.hardware.biometrics.fingerprint@2.1::IBiometricsFingerprint/default (start delay of 307ms)
05-08 02:41:35.100 I/ServiceManagement( 1703): Removing namespace from process name android.hardware.biometrics.fingerprint@2.1-service to fingerprint@2.1-service.
05-08 02:41:35.101 D/FingerprintHal( 1703): ----------------> listenerFunction ----------------->
05-08 02:41:35.117 I/HWComposer( 1646): Switching to legacy multi-display mode
05-08 02:41:35.129 V/MediaUtils( 1675): physMem: 2089623552
05-08 02:41:35.129 V/MediaUtils( 1675): requested limit: 417924700
05-08 02:41:35.129 I/libc    ( 1675): malloc_limit: Allocation limit enabled, max size 417924700 bytes
05-08 02:41:35.134 I/hwservicemanager( 1514): getTransport: Cannot find entry android.hardware.graphics.mapper@3.0::IMapper/default in either framework or device manifest.
05-08 02:41:35.134 W//system/bin/mediaextractor( 1675): Could not read additional policy file '/vendor/etc/seccomp_policy/mediaextractor.policy'
05-08 02:41:35.134 W/Gralloc3( 1646): mapper 3.x is not supported
05-08 02:41:35.135 W//system/bin/mediaextractor( 1675): libminijail[1675]: failed to get path of fd 5: No such file or directory
05-08 02:41:35.135 W//system/bin/mediaextractor( 1675): libminijail[1675]: allowing syscall: socketcall
05-08 02:41:35.135 W//system/bin/mediaextractor( 1675): libminijail[1675]: allowing syscall: writev
05-08 02:41:35.135 W//system/bin/mediaextractor( 1675): libminijail[1675]: allowing syscall: fcntl64
05-08 02:41:35.135 W//system/bin/mediaextractor( 1675): libminijail[1675]: allowing syscall: clock_gettime
05-08 02:41:35.135 I/gatekeeperd( 1694): Starting gatekeeperd...
05-08 02:41:35.138 I/hwservicemanager( 1514): getTransport: Cannot find entry android.hardware.graphics.allocator@3.0::IAllocator/default in either framework or device manifest.
05-08 02:41:35.138 W/Gralloc3( 1646): allocator 3.x is not supported
05-08 02:41:35.138 W//system/bin/mediaextractor( 1675): libminijail[1675]: logging seccomp filter failures
05-08 02:41:35.141 D/        ( 1625): HostComposition ext ANDROID_EMU_CHECKSUM_HELPER_v1 ANDROID_EMU_native_sync_v2 ANDROID_EMU_native_sync_v3 ANDROID_EMU_dma_v1 ANDROID_EMU_host_composition_v1 GL_OES_EGL_image_external_essl3 GL_OES_vertex_array_object GL_KHR_texture_compression_astc_ldr ANDROID_EMU_gles_max_version_3_1 
05-08 02:41:35.141 D/gralloc_ranchu( 1625): gralloc_alloc: Creating ashmem region of size 14749696
05-08 02:41:35.169 D/        ( 1646): createUnique: call
05-08 02:41:35.170 D/        ( 1646): HostConnection::get() New Host Connection established 0xf4317db0, tid 1646
05-08 02:41:35.171 D/        ( 1646): HostComposition ext ANDROID_EMU_CHECKSUM_HELPER_v1 ANDROID_EMU_native_sync_v2 ANDROID_EMU_native_sync_v3 ANDROID_EMU_dma_v1 ANDROID_EMU_host_composition_v1 GL_OES_EGL_image_external_essl3 GL_OES_vertex_array_object GL_KHR_texture_compression_astc_ldr ANDROID_EMU_gles_max_version_3_1 
05-08 02:41:35.173 I/hwservicemanager( 1514): getTransport: Cannot find entry android.hardware.keymaster@4.0::IKeymasterDevice/default in either framework or device manifest.
05-08 02:41:35.229 I/mediametrics( 1676): ServiceManager: 0xeba79700
05-08 02:41:35.229 D/MediaAnalyticsService( 1676): MediaAnalyticsService created
05-08 02:41:35.229 D/gralloc_ranchu( 1625): gralloc_alloc: Creating ashmem region of size 14749696
05-08 02:41:35.240 W/storaged( 1679): type=1400 audit(0.0:13): avc: denied { write } for name="tasks" dev="tmpfs" ino=7629 scontext=u:r:storaged:s0 tcontext=u:object_r:device:s0 tclass=file permissive=0
05-08 02:41:35.249 D/gralloc_ranchu( 1625): gralloc_alloc: Creating ashmem region of size 14749696
05-08 02:41:35.250 I/cameraserver( 1667): ServiceManager: 0xedd08b80
05-08 02:41:35.251 I/CameraService( 1667): CameraService started (pid=1667)
05-08 02:41:35.251 I/CameraService( 1667): CameraService process starting
05-08 02:41:35.252 W/BatteryNotifier( 1667): batterystats service unavailable!
05-08 02:41:35.253 W/BatteryNotifier( 1667): batterystats service unavailable!
05-08 02:41:35.270 I/keystore( 1673): found android.hardware.keymaster@3.0::IKeymasterDevice with interface name default and seclevel SOFTWARE
05-08 02:41:35.270 W/keystore( 1673): No secure Keymaster implementation found, but device offers insecure Keymaster HAL. Using as default.
05-08 02:41:35.270 W/cmd     ( 1735): Can't find service settings
05-08 02:41:35.272 D/LibBpfLoader( 1665): New bpf core prog_load for /system/etc/bpf/netd.o (cgroupskb_ingress_stats) returned: 20
05-08 02:41:35.274 D/LibBpfLoader( 1665): New bpf core prog_load for /system/etc/bpf/netd.o (cgroupskb_egress_stats) returned: 21
05-08 02:41:35.276 I/CameraProviderManager( 1667): Connecting to new camera provider: legacy/0, isRemote? 1
05-08 02:41:35.278 D/LibBpfLoader( 1665): New bpf core prog_load for /system/etc/bpf/netd.o (skfilter_egress_xtbpf) returned: 22
05-08 02:41:35.279 I/CameraProviderManager( 1667): Enumerating new camera device: device@3.3/legacy/0
05-08 02:41:35.281 D/LibBpfLoader( 1665): New bpf core prog_load for /system/etc/bpf/netd.o (skfilter_ingress_xtbpf) returned: 23
05-08 02:41:35.282 I/ServiceManagement( 1673): Registered android.system.wifi.keystore@1.0::IKeystore/default (start delay of 769ms)
05-08 02:41:35.284 D/LibBpfLoader( 1665): New bpf core prog_load for /system/etc/bpf/netd.o (skfilter_whitelist_xtbpf) returned: 24
05-08 02:41:35.285 E/CameraProviderManager( 1667): DeviceInfo3: Converted ICameraDevice instance to nullptr
05-08 02:41:35.285 I/CameraProviderManager( 1667): Enumerating new camera device: device@3.3/legacy/1
05-08 02:41:35.286 I/ServiceManager( 1679): Waiting for service 'package_native' on '/dev/binder'...
05-08 02:41:35.287 E/CameraProviderManager( 1667): DeviceInfo3: Converted ICameraDevice instance to nullptr
05-08 02:41:35.287 I/CameraProviderManager( 1667): Camera provider legacy/0 ready with 2 camera devices
05-08 02:41:35.288 I/hwservicemanager( 1514): getTransport: Cannot find entry android.hardware.camera.provider@2.4::ICameraProvider/external/0 in either framework or device manifest.
05-08 02:41:35.288 W/CameraProviderManager( 1667): addProviderLocked: Camera provider HAL with name 'legacy/0' already registered
05-08 02:41:35.289 D/LibBpfLoader( 1665): New bpf core prog_load for /system/etc/bpf/netd.o (skfilter_blacklist_xtbpf) returned: 25
05-08 02:41:35.290 D/LibBpfLoader( 1665): New bpf core prog_load for /system/etc/bpf/netd.o (cgroupsock_inet_create) returned: 26
05-08 02:41:35.290 I/CameraHardwareInterface( 1667): Opening camera 1
05-08 02:41:35.291 E/CameraHardwareInterface( 1667): initialize: openSession failed! No such file or directory (-2)
05-08 02:41:35.291 E/CameraFlashlight( 1667): connectCameraDevice: initializing camera 1 failed
05-08 02:41:35.291 I/CameraHardwareInterface( 1667): Destroying camera 1
05-08 02:41:35.291 E/CameraFlashlight( 1667): findFlashUnits: failed to check if camera 1 has a flash unit. No such file or directory (-2)
05-08 02:41:35.291 I/CameraHardwareInterface( 1667): Opening camera 0
05-08 02:41:35.291 E/CameraHardwareInterface( 1667): initialize: openSession failed! No such file or directory (-2)
05-08 02:41:35.291 E/CameraFlashlight( 1667): connectCameraDevice: initializing camera 0 failed
05-08 02:41:35.291 I/CameraHardwareInterface( 1667): Destroying camera 0
05-08 02:41:35.291 E/CameraFlashlight( 1667): findFlashUnits: failed to check if camera 0 has a flash unit. No such file or directory (-2)
05-08 02:41:35.292 I/CameraService( 1667): onDeviceStatusChanged: Status changed for cameraId=1, newStatus=1
05-08 02:41:35.292 I/CameraService( 1667): onDeviceStatusChanged: Status changed for cameraId=1, newStatus=1
05-08 02:41:35.292 I/CameraService( 1667): onDeviceStatusChanged: Unknown camera ID 1, a new camera is added
05-08 02:41:35.292 I/CameraService( 1667): onDeviceStatusChanged: Unknown camera ID 1, a new camera is added
05-08 02:41:35.292 I/CameraService( 1667): onDeviceStatusChanged: Status changed for cameraId=0, newStatus=1
05-08 02:41:35.292 I/CameraService( 1667): onDeviceStatusChanged: Status changed for cameraId=0, newStatus=1
05-08 02:41:35.292 I/CameraService( 1667): onDeviceStatusChanged: Unknown camera ID 0, a new camera is added
05-08 02:41:35.292 I/CameraService( 1667): onDeviceStatusChanged: Unknown camera ID 0, a new camera is added
05-08 02:41:35.292 I/bpfloader( 1665): Attempted load object: /system/etc/bpf/netd.o, ret: Success
05-08 02:41:35.295 D/TetherController( 1609): Setting IP forward enable = 0
05-08 02:41:35.295 D/FirewallController( 1609): Could not read /proc/self/uid_map, max uid defaulting to 4294967294
05-08 02:41:35.304 I/        ( 1667): Waiting for activity service
05-08 02:41:35.342 I/media.codec( 1682): mediacodecservice starting
05-08 02:41:35.344 W/media.codec( 1682): Could not read additional policy file '/vendor/etc/seccomp_policy/mediacodec.policy'
05-08 02:41:35.344 W/media.codec( 1682): libminijail[1682]: failed to get path of fd 5: No such file or directory
05-08 02:41:35.344 W/media.codec( 1682): libminijail[1682]: allowing syscall: socketcall
05-08 02:41:35.344 W/media.codec( 1682): libminijail[1682]: allowing syscall: writev
05-08 02:41:35.344 W/media.codec( 1682): libminijail[1682]: allowing syscall: fcntl64
05-08 02:41:35.344 W/media.codec( 1682): libminijail[1682]: allowing syscall: clock_gettime
05-08 02:41:35.344 W/media.codec( 1682): libminijail[1682]: compile_file: <fd>(34): nonexistent syscall 'newfstatat'
05-08 02:41:35.344 W/media.codec( 1682): libminijail[1682]: logging seccomp filter failures
05-08 02:41:35.357 W/MediaCodecsXmlParser( 1682): unable to open media codecs configuration xml file: /data/misc/media/media_codecs_profiling_results.xml
05-08 02:41:35.357 W/MediaCodecsXmlParser( 1682): parseTopLevelXMLFile(/data/misc/media/media_codecs_profiling_results.xml) failed
05-08 02:41:35.363 I/netd    ( 1609): Creating child chains: 66.4ms
05-08 02:41:35.364 I/netd    ( 1609): Setting up OEM hooks: 0.3ms
05-08 02:41:35.364 I/netd    ( 1609): Setting up FirewallController hooks: 0.2ms
05-08 02:41:35.365 I/netd    ( 1609): Setting up TetherController hooks: 1.2ms
05-08 02:41:35.366 I/netd    ( 1609): Setting up BandwidthController hooks: 0.7ms
05-08 02:41:35.366 I/netd    ( 1609): Setting up IdletimerController hooks: 0.1ms
05-08 02:41:35.374 I/ServiceManagement( 1682): Registered android.hardware.media.omx@1.0::IOmxStore/default (start delay of 840ms)
05-08 02:41:35.374 I/ServiceManagement( 1682): Removing namespace from process name android.hardware.media.omx@1.0-service to omx@1.0-service.
05-08 02:41:35.406 E/vndksupport( 1682): Could not load libstagefrighthw.so from default namespace: dlopen failed: library "libstagefrighthw.so" not found.
05-08 02:41:35.416 I/ServiceManager( 1679): Waiting for service 'package_native' on '/dev/binder'...
05-08 02:41:35.417 W/MediaCodecsXmlParser( 1682): unable to open media codecs configuration xml file: /data/misc/media/media_codecs_profiling_results.xml
05-08 02:41:35.419 W/MediaCodecsXmlParser( 1682): parseTopLevelXMLFile(/data/misc/media/media_codecs_profiling_results.xml) failed
05-08 02:41:35.426 I/ServiceManagement( 1682): Registered android.hardware.media.omx@1.0::IOmx/default (start delay of 893ms)
05-08 02:41:35.426 I/ServiceManagement( 1682): Removing namespace from process name android.hardware.media.omx@1.0-service to omx@1.0-service.
05-08 02:41:35.426 I/media.codec( 1682): IOmx HAL service created.
05-08 02:41:35.455 I/mediaserver( 1677): ServiceManager: 0xeaa08ba0
05-08 02:41:35.455 W/BatteryNotifier( 1677): batterystats service unavailable!
05-08 02:41:35.524 I/ServiceManager( 1679): Waiting for service 'package_native' on '/dev/binder'...
05-08 02:41:35.625 I/ServiceManager( 1679): Waiting for service 'package_native' on '/dev/binder'...
05-08 02:41:35.684 I//apex/com.android.media.swcodec/bin/mediaswcodec( 1690): media swcodec service starting
05-08 02:41:35.685 I/FastMixerState( 1640): sMaxFastTracks = 8
05-08 02:41:35.687 V/MediaUtils( 1640): physMem: 2089623552
05-08 02:41:35.687 V/MediaUtils( 1640): requested limit: 417924700
05-08 02:41:35.688 I/libc    ( 1640): malloc_limit: Allocation limit enabled, max size 417924700 bytes
05-08 02:41:35.688 I/audioserver( 1640): ServiceManager: 0xf5a08b80
05-08 02:41:35.688 W/BatteryNotifier( 1640): batterystats service unavailable!
05-08 02:41:35.689 I/hwservicemanager( 1514): getTransport: Cannot find entry android.hardware.audio@5.0::IDevicesFactory/default in either framework or device manifest.
05-08 02:41:35.691 I/hwservicemanager( 1514): getTransport: Cannot find entry android.hardware.audio@4.0::IDevicesFactory/msd in either framework or device manifest.
05-08 02:41:35.692 I/hwservicemanager( 1514): getTransport: Cannot find entry android.hardware.audio.effect@5.0::IEffectsFactory/default in either framework or device manifest.
05-08 02:41:35.693 I/AudioFlinger( 1640): Using default 3000 mSec as standby time.
05-08 02:41:35.694 W//apex/com.android.media.swcodec/bin/mediaswcodec( 1690): Could not read additional policy file '/vendor/etc/seccomp_policy/mediaswcodec.policy'
05-08 02:41:35.697 W//apex/com.android.media.swcodec/bin/mediaswcodec( 1690): libminijail[1690]: failed to get path of fd 5: No such file or directory
05-08 02:41:35.697 W//apex/com.android.media.swcodec/bin/mediaswcodec( 1690): libminijail[1690]: allowing syscall: socketcall
05-08 02:41:35.697 W//apex/com.android.media.swcodec/bin/mediaswcodec( 1690): libminijail[1690]: allowing syscall: writev
05-08 02:41:35.698 W//apex/com.android.media.swcodec/bin/mediaswcodec( 1690): libminijail[1690]: allowing syscall: fcntl64
05-08 02:41:35.698 W//apex/com.android.media.swcodec/bin/mediaswcodec( 1690): libminijail[1690]: allowing syscall: clock_gettime
05-08 02:41:35.698 W//apex/com.android.media.swcodec/bin/mediaswcodec( 1690): libminijail[1690]: compile_file: <fd>(34): nonexistent syscall 'newfstatat'
05-08 02:41:35.698 W//apex/com.android.media.swcodec/bin/mediaswcodec( 1690): libminijail[1690]: logging seccomp filter failures
05-08 02:41:35.699 I/CodecServiceRegistrant( 1690): Creating software Codec2 service...
05-08 02:41:35.704 E/APM::Serializer( 1640): deserialize: Could not parse /odm/etc/audio_policy_configuration.xml document.
05-08 02:41:35.706 I/ServiceManagement( 1690): Registered android.hardware.media.c2@1.0::IComponentStore/software (start delay of 1083ms)
05-08 02:41:35.707 I/CodecServiceRegistrant( 1690): Software Codec2 service created.
05-08 02:41:35.714 E/APM::AudioPolicyEngine/Config( 1640): parse: Could not parse document /vendor/etc/audio_policy_engine_configuration.xml
05-08 02:41:35.715 W/APM::AudioPolicyEngine/Base( 1640): loadAudioPolicyEngineConfig: No configuration found, using default matching phone experience.
05-08 02:41:35.715 E/APM::AudioPolicyEngine/Config( 1640): parseLegacyVolumeFile: Could not parse document /odm/etc/audio_policy_configuration.xml
05-08 02:41:35.721 D/audio_hw_generic( 1615): Emulator host-side ALSA audio emulation detected.
05-08 02:41:35.721 D/audio_hw_generic( 1615): mixer 0 name Master Playback Volume
05-08 02:41:35.721 D/audio_hw_generic( 1615): set ctl 0 to 100
05-08 02:41:35.722 D/audio_hw_generic( 1615): set ctl 1 to 100
05-08 02:41:35.722 D/audio_hw_generic( 1615): mixer 1 name Master Playback Switch
05-08 02:41:35.722 D/audio_hw_generic( 1615): set ctl 0 to 1
05-08 02:41:35.722 D/audio_hw_generic( 1615): set ctl 1 to 1
05-08 02:41:35.722 D/audio_hw_generic( 1615): mixer 2 name Capture Volume
05-08 02:41:35.722 D/audio_hw_generic( 1615): set ctl 0 to 100
05-08 02:41:35.722 D/audio_hw_generic( 1615): set ctl 1 to 100
05-08 02:41:35.723 D/audio_hw_generic( 1615): mixer 3 name Capture Switch
05-08 02:41:35.723 D/audio_hw_generic( 1615): set ctl 0 to 1
05-08 02:41:35.723 D/audio_hw_generic( 1615): set ctl 1 to 1
05-08 02:41:35.723 D/audio_hw_generic( 1615): mixer 4 name Line Phantom Jack
05-08 02:41:35.723 D/audio_hw_generic( 1615): mixer 5 name Line Out Phantom Jack
05-08 02:41:35.727 I/ServiceManager( 1679): Waiting for service 'package_native' on '/dev/binder'...
05-08 02:41:35.727 D/audio_hw_generic( 1615): mixer 6 name Playback Channel Map
05-08 02:41:35.727 D/audio_hw_generic( 1615): mixer 7 name Capture Channel Map
05-08 02:41:35.727 W/DeviceHAL( 1615): Error from HAL Device in function get_master_volume: Function not implemented
05-08 02:41:35.728 W/DeviceHAL( 1615): Error from HAL Device in function get_master_mute: Function not implemented
05-08 02:41:35.728 W/DeviceHAL( 1615): Error from HAL Device in function set_master_volume: Function not implemented
05-08 02:41:35.728 W/DeviceHAL( 1615): Error from HAL Device in function set_master_mute: Function not implemented
05-08 02:41:35.728 I/AudioFlinger( 1640): loadHwModule() Loaded primary audio interface, handle 10
05-08 02:41:35.728 I/AudioFlinger( 1640): openOutput() this 0xf5a38000, module 10 Device 0x2, SamplingRate 44100, Format 0x000001, Channels 0x3, flags 0x2
05-08 02:41:35.729 W/AudioFlinger( 1640): HAL output buffer size is 661 frames but AudioMixer requires multiples of 16 frames
05-08 02:41:35.729 I/AudioFlinger( 1640): HAL output buffer size 661 frames, normal sink buffer size 1056 frames
05-08 02:41:35.731 I/hwservicemanager( 1514): getTransport: Cannot find entry android.hardware.audio.effect@5.0::IEffectsFactory/default in either framework or device manifest.
05-08 02:41:35.759 I/BufferProvider( 1640): found effect "Multichannel Downmix To Stereo" from The Android Open Source Project
05-08 02:41:35.770 I/AudioFlinger( 1640): AudioFlinger's thread 0xf5a8ef00 tid=1784 ready to run
05-08 02:41:35.770 W/AudioFlinger( 1640): no wake lock to update, system not ready yet
05-08 02:41:35.773 I/AudioFlinger( 1640): Using module 10 as the primary audio interface
05-08 02:41:35.775 W/AudioFlinger( 1640): no wake lock to update, system not ready yet
05-08 02:41:35.776 V/APM_AudioPolicyManager( 1640): checkAndSetVolume cannot set volume group 3 volume with force use = 0 for comm
05-08 02:41:35.781 W/AudioFlinger( 1640): moveEffects() bad srcOutput 0
05-08 02:41:35.781 V/APM_AudioPolicyManager( 1640): selectOutputForMusicEffects selected output 13
05-08 02:41:35.781 V/APM_AudioPolicyManager( 1640): setOutputDevices device {type:0x2,@:} delayMs 0
05-08 02:41:35.781 V/APM_AudioPolicyManager( 1640): setOutputDevices() prevDevice {type:0x2,@:}
05-08 02:41:35.782 V/APM_AudioPolicyManager( 1640): setOutputDevices changing device to {type:0x2,@:}
05-08 02:41:35.783 V/APM_AudioPolicyManager( 1640): setOutputDevices() AF::createAudioPatch returned 0 patchHandle 12 num_sources 1 num_sinks 1
05-08 02:41:35.785 V/APM_AudioPolicyManager( 1640): checkAndSetVolume cannot set volume group 3 volume with force use = 0 for comm
05-08 02:41:35.794 I/AudioFlinger( 1640): AudioFlinger's thread 0xf161dd00 tid=1788 ready to run
05-08 02:41:35.798 I/r_submix( 1615): adev_open(name=audio_hw_if)
05-08 02:41:35.799 I/r_submix( 1615): adev_init_check()
05-08 02:41:35.799 W/DeviceHAL( 1615): Error from HAL Device in function set_master_volume: Function not implemented
05-08 02:41:35.799 W/DeviceHAL( 1615): Error from HAL Device in function set_master_mute: Function not implemented
05-08 02:41:35.799 I/AudioFlinger( 1640): loadHwModule() Loaded r_submix audio interface, handle 18
05-08 02:41:35.799 D/r_submix( 1615): adev_open_input_stream(addr=0)
05-08 02:41:35.799 D/r_submix( 1615): submix_audio_device_create_pipe_l(addr=0, idx=9)
05-08 02:41:35.799 D/r_submix( 1615):   now using address 0 for route 9
05-08 02:41:35.809 I/AudioFlinger( 1640): AudioFlinger's thread 0xf161d600 tid=1791 ready to run
05-08 02:41:35.810 D/r_submix( 1615): adev_close_input_stream()
05-08 02:41:35.810 D/r_submix( 1615): submix_audio_device_release_pipe_l(idx=9) addr=0
05-08 02:41:35.810 D/r_submix( 1615): submix_audio_device_destroy_pipe_l(): pipe destroyed
05-08 02:41:35.811 I/netd    ( 1609): Setting up StrictController hooks: 445.2ms
05-08 02:41:35.811 I/ClatdController( 1609): 4.9+ kernel and device shipped with P - clat ebpf might work.
05-08 02:41:35.811 I/netd    ( 1609): Initializing ClatdController: 0.1ms
05-08 02:41:35.812 I/netd    ( 1609): Initializing traffic control: 0.5ms
05-08 02:41:35.813 I/        ( 1640): Waiting for activity service
05-08 02:41:35.832 I/ServiceManager( 1679): Waiting for service 'package_native' on '/dev/binder'...
05-08 02:41:35.840 W/kworker/1:2(  698): type=1400 audit(0.0:14): avc: denied { module_request } for kmod="net-pf-16-proto-4-type-2-17" scontext=u:r:kernel:s0 tcontext=u:r:kernel:s0 tclass=system permissive=0
05-08 02:41:35.850 W/Binder:1609_3( 1609): type=1400 audit(0.0:15): avc: denied { write } for name="tasks" dev="tmpfs" ino=7629 scontext=u:r:netd:s0 tcontext=u:object_r:device:s0 tclass=file permissive=0
05-08 02:41:35.850 W/netd    ( 1609): type=1400 audit(0.0:16): avc: denied { write } for name="tasks" dev="tmpfs" ino=7629 scontext=u:r:netd:s0 tcontext=u:object_r:device:s0 tclass=file permissive=0
05-08 02:41:35.851 I/netd    ( 1609): Enabling bandwidth control: 39.0ms
05-08 02:41:35.851 E/Netd    ( 1609): cannot find interface dummy0
05-08 02:41:35.851 I/netd    ( 1609): Initializing RouteController: 0.5ms
05-08 02:41:35.852 D/XfrmController( 1609): XfrmController::ipSecAddXfrmInterface, line=1379
05-08 02:41:35.852 D/XfrmController( 1609): XfrmController::ipSecRemoveTunnelInterface, line=1592
05-08 02:41:35.852 D/XfrmController( 1609): deviceName=ipsec_test
05-08 02:41:35.852 D/XfrmController( 1609): Sending Netlink XFRM Message: XFRM_MSG_FLUSHSA
05-08 02:41:35.852 D/XfrmController( 1609): Sending Netlink XFRM Message: XFRM_MSG_FLUSHPOLICY
05-08 02:41:35.852 I/netd    ( 1609): Initializing XfrmController: 0.6ms
05-08 02:41:35.852 E/Netd    ( 1609): Unable to create netlink socket for family 5: Protocol not supported
05-08 02:41:35.852 W/Netd    ( 1609): Unable to open qlog quota socket, check if xt_quota2 can send via UeventHandler
05-08 02:41:35.853 W/cmd     ( 1796): Can't find service settings
05-08 02:41:35.856 D/ICU     ( 1610): Time zone APEX file found: /apex/com.android.tzdata/etc/icu/icu_tzdata.dat
05-08 02:41:35.856 I/libnetd_resolv( 1609): resolv_init: Initializing resolver
05-08 02:41:35.856 I/res_debug( 1609): logSeverityStrToEnum: 3
05-08 02:41:35.858 D/MDnsDS  ( 1609): MDnsSdListener::Hander starting up
05-08 02:41:35.858 I/netd    ( 1609): Registering NetdNativeService: 0.2ms
05-08 02:41:35.858 I/netd    ( 1609): Starting CommandListener: 0.2ms
05-08 02:41:35.859 I/ServiceManagement( 1609): Registered android.system.net.netd@1.1::INetd/default (start delay of 2116ms)
05-08 02:41:35.859 I/netd    ( 1609): Registering NetdHwService: 0.8ms
05-08 02:41:35.859 I/netd    ( 1609): Netd started in 1807ms
05-08 02:41:35.860 W/kworker/0:1(   34): type=1400 audit(0.0:17): avc: denied { module_request } for kmod="net-pf-16-proto-4-type-2-17" scontext=u:r:kernel:s0 tcontext=u:r:kernel:s0 tclass=system permissive=0
05-08 02:41:35.860 W/kworker/0:1(   34): type=1400 audit(0.0:18): avc: denied { module_request } for kmod="net-pf-16-proto-4-type-2-17" scontext=u:r:kernel:s0 tcontext=u:r:kernel:s0 tclass=system permissive=0
05-08 02:41:35.860 D/MDnsDS  ( 1609): MDnsSdListener starting to monitor
05-08 02:41:35.861 D/MDnsDS  ( 1609): Going to poll with pollCount 1
05-08 02:41:35.896 D/RenderEngine( 1646): shader cache generated - 48 shaders in 624.841736 ms
05-08 02:41:35.898 I/ServiceManagement( 1646): Registered android.frameworks.displayservice@1.0::IDisplayService/default (start delay of 1774ms)
05-08 02:41:35.898 D/SurfaceFlinger( 1646): Setting power mode 2 on display 0
05-08 02:41:35.899 D/SurfaceFlinger( 1646): Finished setting power mode 2 on display 0
05-08 02:41:35.919 E/netmgr  ( 1813): Failed to open QEMU pipe 'qemud:network': Invalid argument
05-08 02:41:35.919 E/netmgr  ( 1813): WifiForwarder unable to open QEMU pipe: Invalid argument
05-08 02:41:35.936 I/ServiceManager( 1679): Waiting for service 'package_native' on '/dev/binder'...
05-08 02:41:35.956 W/zygote  ( 1610): Unexpected CPU variant for X86 using defaults: x86
05-08 02:41:36.043 I/ServiceManager( 1679): Waiting for service 'package_native' on '/dev/binder'...
05-08 02:41:36.048 D/BootAnimation( 1816): BootAnimationStartTiming start time: 4694ms
05-08 02:41:36.048 D/BootAnimation( 1816): BootAnimationPreloadTiming start time: 4695ms
05-08 02:41:36.143 I/ServiceManager( 1679): Waiting for service 'package_native' on '/dev/binder'...
05-08 02:41:36.185 W/zygote  ( 1610): JNI RegisterNativeMethods: attempt to register 0 native methods for android.media.AudioAttributes
05-08 02:41:36.208 D/Zygote  ( 1610): begin preload
05-08 02:41:36.216 I/Zygote  ( 1610): Calling ZygoteHooks.beginPreload()
05-08 02:41:36.244 I/ServiceManager( 1679): Waiting for service 'package_native' on '/dev/binder'...
05-08 02:41:36.244 D/Zygote32Timing( 1610): BeginPreload took to complete: 36ms
05-08 02:41:36.245 I/Zygote  ( 1610): Preloading classes...
05-08 02:41:36.250 W/Zygote  ( 1610): Class not found for preloading: android.app.ActivityThread$2
05-08 02:41:36.250 D/BootAnimation( 1816): BootAnimationPreloadStopTiming start time: 4896ms
05-08 02:41:36.250 E/SurfaceFlinger( 1646): ro.sf.lcd_density must be defined as a build property
05-08 02:41:36.259 D/libEGL  ( 1816): Emulator has host GPU support, qemu.gles is set to 1.
05-08 02:41:36.260 E/vndksupport( 1816): Could not load /vendor/lib/egl/libGLES_emulation.so from sphal namespace: dlopen failed: library "/vendor/lib/egl/libGLES_emulation.so" not found.
05-08 02:41:36.260 E/libEGL  ( 1816): load_driver(/vendor/lib/egl/libGLES_emulation.so): unknown
05-08 02:41:36.264 D/libEGL  ( 1816): loaded /vendor/lib/egl/libEGL_emulation.so
05-08 02:41:36.265 D/libEGL  ( 1816): loaded /vendor/lib/egl/libGLESv1_CM_emulation.so
05-08 02:41:36.266 D/libEGL  ( 1816): loaded /vendor/lib/egl/libGLESv2_emulation.so
05-08 02:41:36.274 D/        ( 1816): HostConnection::get() New Host Connection established 0xf25204a0, tid 1846
05-08 02:41:36.275 D/        ( 1816): HostComposition ext ANDROID_EMU_CHECKSUM_HELPER_v1 ANDROID_EMU_native_sync_v2 ANDROID_EMU_native_sync_v3 ANDROID_EMU_dma_v1 ANDROID_EMU_host_composition_v1 GL_OES_EGL_image_external_essl3 GL_OES_vertex_array_object GL_KHR_texture_compression_astc_ldr ANDROID_EMU_gles_max_version_3_1 
05-08 02:41:36.276 E/EGL_emulation( 1816): tid 1846: eglQueryString(923): error 0x3008 (EGL_BAD_DISPLAY)
05-08 02:41:36.279 D/gralloc_ranchu( 1625): gralloc_alloc: Creating ashmem region of size 14749696
05-08 02:41:36.292 D/        ( 1646): HostConnection::get() New Host Connection established 0xf2008550, tid 1724
05-08 02:41:36.293 D/        ( 1646): HostComposition ext ANDROID_EMU_CHECKSUM_HELPER_v1 ANDROID_EMU_native_sync_v2 ANDROID_EMU_native_sync_v3 ANDROID_EMU_dma_v1 ANDROID_EMU_host_composition_v1 GL_OES_EGL_image_external_essl3 GL_OES_vertex_array_object GL_KHR_texture_compression_astc_ldr ANDROID_EMU_gles_max_version_3_1 
05-08 02:41:36.294 I/hwservicemanager( 1514): getTransport: Cannot find entry android.hardware.graphics.mapper@3.0::IMapper/default in either framework or device manifest.
05-08 02:41:36.294 W/Gralloc3( 1816): mapper 3.x is not supported
05-08 02:41:36.297 D/        ( 1816): createUnique: call
05-08 02:41:36.297 D/        ( 1816): HostConnection::get() New Host Connection established 0xf25204f0, tid 1846
05-08 02:41:36.298 D/        ( 1816): HostComposition ext ANDROID_EMU_CHECKSUM_HELPER_v1 ANDROID_EMU_native_sync_v2 ANDROID_EMU_native_sync_v3 ANDROID_EMU_dma_v1 ANDROID_EMU_host_composition_v1 GL_OES_EGL_image_external_essl3 GL_OES_vertex_array_object GL_KHR_texture_compression_astc_ldr ANDROID_EMU_gles_max_version_3_1 
05-08 02:41:36.309 W/Zygote  ( 1610): Class not found for preloading: android.app.role.IRoleManagerCallback$Stub
05-08 02:41:36.309 W/Zygote  ( 1610): Class not found for preloading: android.app.role.IRoleManagerCallback
05-08 02:41:36.356 I/PackageBackwardCompatibility( 1610): Could not find android.content.pm.AndroidTestBaseUpdater, ignoring
05-08 02:41:36.369 I/ServiceManager( 1679): Waiting for service 'package_native' on '/dev/binder'...
05-08 02:41:36.370 W/Zygote  ( 1610): Class not found for preloading: android.content.pm.PackageParser$2
05-08 02:41:36.370 W/Zygote  ( 1610): Class not found for preloading: android.content.pm.PackageParser$AbstractVersionsAccessor
05-08 02:41:36.374 D/eglCodecCommon( 1816): setVertexArrayObject: set vao to 0 (0) 0 0
05-08 02:41:36.374 D/EGL_emulation( 1816): eglCreateContext: 0xf253f4e0: maj 1 min 0 rcv 1
05-08 02:41:36.398 D/EGL_emulation( 1816): eglMakeCurrent: 0xf253f4e0: ver 1 0 (tinfo 0xf25000c0)
05-08 02:41:36.459 D/BootAnimation( 1816): BootAnimationShownTiming start time: 5105ms
05-08 02:41:36.459 E/BootAnimation( 1816): Could not add watch for /data/system
05-08 02:41:36.470 I/ServiceManager( 1679): Waiting for service 'package_native' on '/dev/binder'...
05-08 02:41:36.473 D/gralloc_ranchu( 1625): gralloc_alloc: Creating ashmem region of size 14749696
05-08 02:41:36.504 I/SurfaceFlinger( 1646): Enter boot animation
05-08 02:41:36.509 D/        ( 1646): HostConnection::get() New Host Connection established 0xf4317fe0, tid 1706
05-08 02:41:36.509 D/        ( 1646): HostComposition ext ANDROID_EMU_CHECKSUM_HELPER_v1 ANDROID_EMU_native_sync_v2 ANDROID_EMU_native_sync_v3 ANDROID_EMU_dma_v1 ANDROID_EMU_host_composition_v1 GL_OES_EGL_image_external_essl3 GL_OES_vertex_array_object GL_KHR_texture_compression_astc_ldr ANDROID_EMU_gles_max_version_3_1 
05-08 02:41:36.543 D/        ( 1626): createUnique: call
05-08 02:41:36.544 D/        ( 1626): HostConnection::get() New Host Connection established 0xea416640, tid 1656
05-08 02:41:36.544 D/        ( 1626): HostComposition ext ANDROID_EMU_CHECKSUM_HELPER_v1 ANDROID_EMU_native_sync_v2 ANDROID_EMU_native_sync_v3 ANDROID_EMU_dma_v1 ANDROID_EMU_host_composition_v1 GL_OES_EGL_image_external_essl3 GL_OES_vertex_array_object GL_KHR_texture_compression_astc_ldr ANDROID_EMU_gles_max_version_3_1 
05-08 02:41:36.545 D/gralloc_ranchu( 1626): gralloc_alloc: Creating ashmem region of size 14749696
05-08 02:41:36.570 I/EmuHWC2 ( 1626): targetCb 11
05-08 02:41:36.570 I/ServiceManager( 1679): Waiting for service 'package_native' on '/dev/binder'...
05-08 02:41:36.671 I/chatty  ( 1679): uid=0(root) /system/bin/storaged identical 6 lines
05-08 02:41:36.771 I/ServiceManager( 1679): Waiting for service 'package_native' on '/dev/binder'...
05-08 02:41:36.850 W/kworker/0:1(   34): type=1400 audit(0.0:63): avc: denied { module_request } for kmod="net-pf-16-proto-4-type-2-17" scontext=u:r:kernel:s0 tcontext=u:r:kernel:s0 tclass=system permissive=0
05-08 02:41:36.850 W/kworker/0:1(   34): type=1400 audit(0.0:64): avc: denied { module_request } for kmod="net-pf-16-proto-4-type-2-17" scontext=u:r:kernel:s0 tcontext=u:r:kernel:s0 tclass=system permissive=0
05-08 02:41:36.850 W/kworker/0:1(   34): type=1400 audit(0.0:65): avc: denied { module_request } for kmod="net-pf-16-proto-4-type-2-17" scontext=u:r:kernel:s0 tcontext=u:r:kernel:s0 tclass=system permissive=0
05-08 02:41:36.850 I/chatty  (   34): uid=0(root) identical 11 lines
05-08 02:41:36.850 W/kworker/0:1(   34): type=1400 audit(0.0:67): avc: denied { module_request } for kmod="net-pf-16-proto-4-type-2-17" scontext=u:r:kernel:s0 tcontext=u:r:kernel:s0 tclass=system permissive=0
05-08 02:41:36.861 E/hostapd ( 1859): Configuration file: /data/vendor/wifi/hostapd/hostapd.conf
05-08 02:41:36.863 I/hostapd ( 1859): rfkill: Cannot get wiphy information
05-08 02:41:36.864 I/hostapd ( 1859): wlan1: interface state UNINITIALIZED->COUNTRY_UPDATE
05-08 02:41:36.870 W/cmd     ( 1865): Can't find service settings
05-08 02:41:36.872 I/ServiceManager( 1679): Waiting for service 'package_native' on '/dev/binder'...
05-08 02:41:36.975 I/ServiceManager( 1679): Waiting for service 'package_native' on '/dev/binder'...
05-08 02:41:36.981 E/ActivityRecognitionHardware( 1610): activity_recognition HAL is deprecated. class_init is effectively a no-op
05-08 02:41:37.039 I/zygote  ( 1610): Thread[1,tid=1610,Native,Thread*=0xf7934e00,peer=0x12c021a8,"main"] recursive attempt to load library "libmedia_jni.so"
05-08 02:41:37.039 D/MtpDeviceJNI( 1610): register_android_mtp_MtpDevice
05-08 02:41:37.040 I/zygote  ( 1610): Thread[1,tid=1610,Native,Thread*=0xf7934e00,peer=0x12c021a8,"main"] recursive attempt to load library "libmedia_jni.so"
05-08 02:41:37.040 I/zygote  ( 1610): Thread[1,tid=1610,Native,Thread*=0xf7934e00,peer=0x12c021a8,"main"] recursive attempt to load library "libmedia_jni.so"
05-08 02:41:37.049 W/Zygote  ( 1610): Class not found for preloading: android.media.session.ControllerCallbackLink$CallbackStub
05-08 02:41:37.064 W/Zygote  ( 1610): Class not found for preloading: android.media.session.SessionCallbackLink
05-08 02:41:37.064 W/Zygote  ( 1610): Class not found for preloading: android.media.session.SessionLink
05-08 02:41:37.066 W/Zygote  ( 1610): Class not found for preloading: android.net.IpMemoryStore
05-08 02:41:37.069 W/Zygote  ( 1610): Class not found for preloading: android.net.UidRangeParcel$1
05-08 02:41:37.069 W/Zygote  ( 1610): Class not found for preloading: android.net.UidRangeParcel
05-08 02:41:37.074 W/zygote  ( 1610): Core platform API violation: Ljava/nio/NIOAccess;->getBasePointer(Ljava/nio/Buffer;)J from Landroid/opengl/EGL15; using JNI
05-08 02:41:37.074 W/zygote  ( 1610): Core platform API violation: Ljava/nio/NIOAccess;->getBaseArray(Ljava/nio/Buffer;)Ljava/lang/Object; from Landroid/opengl/EGL15; using JNI
05-08 02:41:37.074 W/zygote  ( 1610): Core platform API violation: Ljava/nio/NIOAccess;->getBaseArrayOffset(Ljava/nio/Buffer;)I from Landroid/opengl/EGL15; using JNI
05-08 02:41:37.074 W/zygote  ( 1610): Core platform API violation: Ljava/nio/Buffer;->position:I from Landroid/opengl/EGL15; using JNI
05-08 02:41:37.074 W/zygote  ( 1610): Core platform API violation: Ljava/nio/Buffer;->limit:I from Landroid/opengl/EGL15; using JNI
05-08 02:41:37.074 W/zygote  ( 1610): Core platform API violation: Ljava/nio/Buffer;->_elementSizeShift:I from Landroid/opengl/EGL15; using JNI
05-08 02:41:37.076 I/ServiceManager( 1679): Waiting for service 'package_native' on '/dev/binder'...
05-08 02:41:37.084 W/Zygote  ( 1610): Class not found for preloading: android.rolecontrollerservice.IRoleControllerService$Stub
05-08 02:41:37.084 W/Zygote  ( 1610): Class not found for preloading: android.rolecontrollerservice.IRoleControllerService
05-08 02:41:37.162 W/Zygote  ( 1610): Class not found for preloading: android.telephony.DataSpecificRegistrationStates$1
05-08 02:41:37.162 W/Zygote  ( 1610): Class not found for preloading: android.telephony.DataSpecificRegistrationStates
05-08 02:41:37.162 W/Zygote  ( 1610): Class not found for preloading: android.telephony.DebugEventReporter
05-08 02:41:37.162 W/Zygote  ( 1610): Class not found for preloading: android.telephony.NetworkRegistrationState$1
05-08 02:41:37.162 W/Zygote  ( 1610): Class not found for preloading: android.telephony.NetworkRegistrationState
05-08 02:41:37.167 W/Zygote  ( 1610): Class not found for preloading: android.telephony.VoiceSpecificRegistrationStates$1
05-08 02:41:37.168 W/Zygote  ( 1610): Class not found for preloading: android.telephony.VoiceSpecificRegistrationStates
05-08 02:41:37.177 I/ServiceManager( 1679): Waiting for service 'package_native' on '/dev/binder'...
05-08 02:41:37.179 W/Zygote  ( 1610): Class not found for preloading: android.view.autofill.-$$Lambda$AutofillManager$AutofillManagerClient$V-s28jF4_S72cRk4llkGpwbJnmk
05-08 02:41:37.180 W/Zygote  ( 1610): Class not found for preloading: android.view.textclassifier.IntentFactory
05-08 02:41:37.181 W/Zygote  ( 1610): Class not found for preloading: android.view.textclassifier.LegacyIntentFactory
05-08 02:41:37.181 W/Zygote  ( 1610): Class not found for preloading: android.view.textclassifier.TemplateClassificationIntentFactory
05-08 02:41:37.181 W/Zygote  ( 1610): Class not found for preloading: android.view.textclassifier.TemplateIntentFactory
05-08 02:41:37.190 W/Zygote  ( 1610): Class not found for preloading: com.android.internal.net.NetworkStatsFactory
05-08 02:41:37.196 W/Zygote  ( 1610): Class not found for preloading: com.android.internal.telephony.-$$Lambda$TelephonyComponentFactory$InjectedComponents$JvIoCy0AgfF5fVN1H6UnTpH4kxc
05-08 02:41:37.197 W/Zygote  ( 1610): Class not found for preloading: com.android.internal.telephony.-$$Lambda$TelephonyComponentFactory$InjectedComponents$lPb9esCECA9I6VLqv3Aq2ZDh9Iw
05-08 02:41:37.197 W/Zygote  ( 1610): Class not found for preloading: com.android.internal.telephony.-$$Lambda$TelephonyComponentFactory$InjectedComponents$tidvzo4mrKSDaluwYNp7qAWJEV8
05-08 02:41:37.220 W/Zygote  ( 1610): Class not found for preloading: com.android.internal.telephony.PhoneConfigurationModels
05-08 02:41:37.226 W/Zygote  ( 1610): Class not found for preloading: com.android.internal.telephony.UiccSmsController
05-08 02:41:37.245 W/Zygote  ( 1610): Class not found for preloading: dalvik.system.-$$Lambda$DexPathList$8b_maZ6RkV67r03QVmaVjC7Wj6M
05-08 02:41:37.261 I/Zygote  ( 1610): ...preloaded 7486 classes in 1016ms.
05-08 02:41:37.262 I/zygote  ( 1610): VMRuntime.preloadDexCaches starting
05-08 02:41:37.277 I/ServiceManager( 1679): Waiting for service 'package_native' on '/dev/binder'...
05-08 02:41:37.284 I/zygote  ( 1610): VMRuntime.preloadDexCaches strings total=379488 before=10153 after=10153
05-08 02:41:37.284 I/zygote  ( 1610): VMRuntime.preloadDexCaches types total=35950 before=7504 after=7935
05-08 02:41:37.284 I/zygote  ( 1610): VMRuntime.preloadDexCaches fields total=159761 before=8423 after=8625
05-08 02:41:37.284 I/zygote  ( 1610): VMRuntime.preloadDexCaches methods total=282927 before=11397 after=11829
05-08 02:41:37.284 I/zygote  ( 1610): VMRuntime.preloadDexCaches finished
05-08 02:41:37.285 D/Zygote32Timing( 1610): PreloadClasses took to complete: 1040ms
05-08 02:41:37.289 I/zygote  ( 1610): The ClassLoaderContext is a special shared library.
05-08 02:41:37.290 D/ApplicationLoaders( 1610): Created zygote-cached class loader: /system/framework/android.hidl.base-V1.0-java.jar
05-08 02:41:37.294 I/zygote  ( 1610): The ClassLoaderContext is a special shared library.
05-08 02:41:37.294 D/ApplicationLoaders( 1610): Created zygote-cached class loader: /system/framework/android.hidl.manager-V1.0-java.jar
05-08 02:41:37.294 D/Zygote32Timing( 1610): CacheNonBootClasspathClassLoaders took to complete: 10ms
05-08 02:41:37.383 I/ServiceManager( 1679): Waiting for service 'package_native' on '/dev/binder'...
05-08 02:41:37.591 I/ServiceManager( 1679): Waiting for service 'package_native' on '/dev/binder'...
05-08 02:41:37.604 I/Zygote  ( 1610): Preloading resources...
05-08 02:41:37.613 W/Resources( 1610): Preloaded drawable resource #0x1080274 (android:drawable/dialog_background_material) that varies with configuration!!
05-08 02:41:37.621 I/Zygote  ( 1610): ...preloaded 64 resources in 17ms.
05-08 02:41:37.629 I/Zygote  ( 1610): ...preloaded 41 resources in 8ms.
05-08 02:41:37.630 D/Zygote32Timing( 1610): PreloadResources took to complete: 335ms
05-08 02:41:37.634 I/Zygote  ( 1610): Preloading shared libraries...
05-08 02:41:37.642 I/Zygote  ( 1610): Called ZygoteHooks.endPreload()
05-08 02:41:37.642 I/Zygote  ( 1610): Installed AndroidKeyStoreProvider in 0ms.
05-08 02:41:37.645 I/Zygote  ( 1610): Warmed up JCA providers in 3ms.
05-08 02:41:37.646 D/Zygote  ( 1610): end preload
05-08 02:41:37.646 D/Zygote32Timing( 1610): ZygotePreload took to complete: 1437ms
05-08 02:41:37.646 I/zygote  ( 1610): Waiting for a blocking GC Explicit
05-08 02:41:37.651 I/zygote  ( 1610): WaitForGcToComplete blocked Explicit on None for 5.537ms
05-08 02:41:37.659 I/zygote  ( 1610): Explicit concurrent copying GC freed 6714(233KB) AllocSpace objects, 0(0B) LOS objects, 72% free, 2360KB/8504KB, paused 387us total 7.421ms
05-08 02:41:37.667 I/zygote  ( 1610): Explicit concurrent copying GC freed 13(32KB) AllocSpace objects, 0(0B) LOS objects, 72% free, 2360KB/8504KB, paused 303us total 7.340ms
05-08 02:41:37.667 D/Zygote32Timing( 1610): PostZygoteInitGC took to complete: 21ms
05-08 02:41:37.667 D/Zygote32Timing( 1610): ZygoteInit took to complete: 1459ms
05-08 02:41:37.692 I/ServiceManager( 1679): Waiting for service 'package_native' on '/dev/binder'...
05-08 02:41:37.737 I/zygote  ( 1610): Ignoring open file descriptor 31
05-08 02:41:37.738 D/Zygote  ( 1610): Forked child process 1875
05-08 02:41:37.738 I/Zygote  ( 1610): System server process 1875 has been created
05-08 02:41:37.738 I/Zygote  ( 1610): Accepting command socket connections
05-08 02:41:37.745 I/system_server( 1875): The ClassLoaderContext is a special shared library.
05-08 02:41:37.783 I/system_server( 1875): The ClassLoaderContext is a special shared library.
05-08 02:41:37.805 I/ServiceManager( 1679): Waiting for service 'package_native' on '/dev/binder'...
