05-08 02:41:37.806 I/system_server( 1875): The ClassLoaderContext is a special shared library.
05-08 02:41:37.812 I/system_server( 1875): The ClassLoaderContext is a special shared library.
05-08 02:41:37.815 W/system_server( 1875): Unexpected CPU variant for X86 using defaults: x86
05-08 02:41:37.868 W/cmd     ( 1894): Can't find service settings
05-08 02:41:37.868 I/SystemServer( 1875): InitBeforeStartServices
05-08 02:41:37.872 W/SystemServer( 1875): Timezone not set; setting to GMT.
05-08 02:41:37.876 I/SystemServer( 1875): Entered the Android system server!
05-08 02:41:37.905 I/ServiceManager( 1679): Waiting for service 'package_native' on '/dev/binder'...
05-08 02:41:37.920 W/kworker/0:1(   34): type=1400 audit(0.0:78): avc: denied { module_request } for kmod="net-pf-16-proto-4-type-2-17" scontext=u:r:kernel:s0 tcontext=u:r:kernel:s0 tclass=system permissive=0
05-08 02:41:37.924 E/ipv6proxy( 1856): Failed to forward Router Advertisement from eth0 to wlan1: Network is unreachable
05-08 02:41:37.925 E/ipv6proxy( 1856): Failed to forward Router Advertisement from eth0 to radio0-peer: Cannot assign requested address
05-08 02:41:38.007 I/ServiceManager( 1679): Waiting for service 'package_native' on '/dev/binder'...
05-08 02:41:38.015 D/gralloc_ranchu( 1625): gralloc_alloc: Creating ashmem region of size 14749696
05-08 02:41:38.115 I/ServiceManager( 1679): Waiting for service 'package_native' on '/dev/binder'...
05-08 02:41:38.140 E/UsbAlsaJackDetectorJNI( 1875): Can't register UsbAlsaJackDetector native methods
05-08 02:41:38.175 D/SystemServerTiming( 1875): InitBeforeStartServices took to complete: 306ms
05-08 02:41:38.175 I/SystemServer( 1875): StartServices
05-08 02:41:38.175 I/SystemServer( 1875): Reading configuration...
05-08 02:41:38.175 I/SystemServer( 1875): ReadingSystemConfig
05-08 02:41:38.176 D/SystemServerTiming( 1875): ReadingSystemConfig took to complete: 1ms
05-08 02:41:38.177 I/SystemServer( 1875): StartInstaller
05-08 02:41:38.177 I/SystemServiceManager( 1875): Starting com.android.server.pm.Installer
05-08 02:41:38.178 D/SystemServerInitThreadPool( 1875): Started executing ReadingSystemConfig
05-08 02:41:38.185 D/installd( 1671): Found quota mount /dev/block/vdc at /data
05-08 02:41:38.186 D/SystemServerTiming( 1875): StartInstaller took to complete: 10ms
05-08 02:41:38.187 I/SystemServer( 1875): DeviceIdentifiersPolicyService
05-08 02:41:38.187 I/SystemServiceManager( 1875): Starting com.android.server.os.DeviceIdentifiersPolicyService
05-08 02:41:38.187 D/SystemServerTiming( 1875): DeviceIdentifiersPolicyService took to complete: 1ms
05-08 02:41:38.187 I/SystemServer( 1875): UriGrantsManagerService
05-08 02:41:38.188 I/SystemServiceManager( 1875): Starting com.android.server.uri.UriGrantsManagerService$Lifecycle
05-08 02:41:38.205 D/SystemServerTiming( 1875): UriGrantsManagerService took to complete: 18ms
05-08 02:41:38.205 I/SystemServer( 1875): StartActivityManager
05-08 02:41:38.205 I/SystemServiceManager( 1875): Starting com.android.server.wm.ActivityTaskManagerService$Lifecycle
05-08 02:41:38.217 I/ServiceManager( 1679): Waiting for service 'package_native' on '/dev/binder'...
05-08 02:41:38.222 I/SystemServiceManager( 1875): Starting com.android.server.am.ActivityManagerService$Lifecycle
05-08 02:41:38.240 I/SystemConfig( 1875): Adding association: com.google.android.as <- com.android.providers.telephony
05-08 02:41:38.240 I/SystemConfig( 1875): Adding association: com.google.android.as <- com.android.providers.contacts
05-08 02:41:38.241 I/SystemConfig( 1875): Adding association: com.google.android.as <- com.google.android.gms
05-08 02:41:38.241 I/SystemConfig( 1875): Adding association: com.google.android.as <- com.google.android.gsf
05-08 02:41:38.241 I/SystemConfig( 1875): Adding association: com.google.android.as <- com.google.android.apps.nexuslauncher
05-08 02:41:38.241 I/SystemConfig( 1875): Adding association: com.google.android.as <- com.google.android.googlequicksearchbox
05-08 02:41:38.241 I/SystemConfig( 1875): Adding association: com.google.android.as <- com.android.providers.media
05-08 02:41:38.241 I/SystemConfig( 1875): Adding association: com.google.android.as <- com.android.systemui.navbarhint
05-08 02:41:38.241 I/SystemConfig( 1875): Adding association: com.google.android.as <- com.android.systemui
05-08 02:41:38.262 W/SystemConfig( 1875): No directory /product_services/etc/sysconfig, skipping
05-08 02:41:38.263 W/SystemConfig( 1875): No directory /product_services/etc/permissions, skipping
05-08 02:41:38.264 D/SystemServerInitThreadPool( 1875): Finished executing ReadingSystemConfig
05-08 02:41:38.264 I/ActivityManager( 1875): Memory class: 512
05-08 02:41:38.277 D/BatteryStatsImpl( 1875): Reading daily items from /data/system/batterystats-daily.xml
05-08 02:41:38.288 E/BatteryStatsImpl( 1875): Error reading battery statistics
05-08 02:41:38.288 E/BatteryStatsImpl( 1875): java.io.FileNotFoundException: /data/system/batterystats.bin: open failed: ENOENT (No such file or directory)
05-08 02:41:38.288 E/BatteryStatsImpl( 1875): 	at libcore.io.IoBridge.open(IoBridge.java:496)
05-08 02:41:38.288 E/BatteryStatsImpl( 1875): 	at java.io.FileInputStream.<init>(FileInputStream.java:159)
05-08 02:41:38.288 E/BatteryStatsImpl( 1875): 	at com.android.internal.os.AtomicFile.openRead(AtomicFile.java:157)
05-08 02:41:38.288 E/BatteryStatsImpl( 1875): 	at com.android.internal.os.AtomicFile.readFully(AtomicFile.java:162)
05-08 02:41:38.288 E/BatteryStatsImpl( 1875): 	at com.android.internal.os.BatteryStatsImpl.readLocked(BatteryStatsImpl.java:13349)
05-08 02:41:38.288 E/BatteryStatsImpl( 1875): 	at com.android.server.am.ActivityManagerService.<init>(ActivityManagerService.java:2386)
05-08 02:41:38.288 E/BatteryStatsImpl( 1875): 	at com.android.server.am.ActivityManagerService$Lifecycle.<init>(ActivityManagerService.java:2117)
05-08 02:41:38.288 E/BatteryStatsImpl( 1875): 	at java.lang.reflect.Constructor.newInstance0(Native Method)
05-08 02:41:38.288 E/BatteryStatsImpl( 1875): 	at java.lang.reflect.Constructor.newInstance(Constructor.java:343)
05-08 02:41:38.288 E/BatteryStatsImpl( 1875): 	at com.android.server.SystemServiceManager.startService(SystemServiceManager.java:101)
05-08 02:41:38.288 E/BatteryStatsImpl( 1875): 	at com.android.server.am.ActivityManagerService$Lifecycle.startService(ActivityManagerService.java:2123)
05-08 02:41:38.288 E/BatteryStatsImpl( 1875): 	at com.android.server.SystemServer.startBootstrapServices(SystemServer.java:653)
05-08 02:41:38.288 E/BatteryStatsImpl( 1875): 	at com.android.server.SystemServer.run(SystemServer.java:510)
05-08 02:41:38.288 E/BatteryStatsImpl( 1875): 	at com.android.server.SystemServer.main(SystemServer.java:349)
05-08 02:41:38.288 E/BatteryStatsImpl( 1875): 	at java.lang.reflect.Method.invoke(Native Method)
05-08 02:41:38.288 E/BatteryStatsImpl( 1875): 	at com.android.internal.os.RuntimeInit$MethodAndArgsCaller.run(RuntimeInit.java:492)
05-08 02:41:38.288 E/BatteryStatsImpl( 1875): 	at com.android.internal.os.ZygoteInit.main(ZygoteInit.java:903)
05-08 02:41:38.288 E/BatteryStatsImpl( 1875): Caused by: android.system.ErrnoException: open failed: ENOENT (No such file or directory)
05-08 02:41:38.288 E/BatteryStatsImpl( 1875): 	at libcore.io.Linux.open(Native Method)
05-08 02:41:38.288 E/BatteryStatsImpl( 1875): 	at libcore.io.ForwardingOs.open(ForwardingOs.java:167)
05-08 02:41:38.288 E/BatteryStatsImpl( 1875): 	at libcore.io.BlockGuardOs.open(BlockGuardOs.java:237)
05-08 02:41:38.288 E/BatteryStatsImpl( 1875): 	at libcore.io.IoBridge.open(IoBridge.java:482)
05-08 02:41:38.288 E/BatteryStatsImpl( 1875): 	... 16 more
05-08 02:41:38.293 E/BluetoothAdapter( 1875): Bluetooth binder is null
05-08 02:41:38.295 E/BatteryExternalStatsWorker( 1875): no controller energy info supplied for telephony
05-08 02:41:38.299 E/KernelCpuUidFreqTimeReader( 1875): Failed to read /proc/uid_time_in_state: java.nio.file.NoSuchFileException: /proc/uid_time_in_state
05-08 02:41:38.301 W/KernelCpuProcStringReader( 1875): File not found. It's normal if not implemented: /proc/uid_time_in_state
05-08 02:41:38.301 W/KernelCpuProcStringReader( 1875): File not found. It's normal if not implemented: /proc/uid_concurrent_active_time
05-08 02:41:38.301 W/KernelCpuProcStringReader( 1875): File not found. It's normal if not implemented: /proc/uid_concurrent_policy_time
05-08 02:41:38.302 E/KernelCpuSpeedReader( 1875): Failed to read cpu-freq: /sys/devices/system/cpu/cpu0/cpufreq/stats/time_in_state: open failed: ENOENT (No such file or directory)
05-08 02:41:38.302 W/KernelMemoryBandwidthStats( 1875): No kernel memory bandwidth stats available
05-08 02:41:38.304 I/hwservicemanager( 1514): getTransport: Cannot find entry android.hardware.power.stats@1.0::IPowerStats/default in either framework or device manifest.
05-08 02:41:38.306 I/BatteryStatsService( 1875): Using power HAL
05-08 02:41:38.307 I/PowerManagerService-JNI( 1875): Loaded power HAL 1.0 service
05-08 02:41:38.308 I/PowerManagerService-JNI( 1875): Loaded power HAL 1.1 service
05-08 02:41:38.311 I/hwservicemanager( 1514): getTransport: Cannot find entry android.hardware.power.stats@1.0::IPowerStats/default in either framework or device manifest.
05-08 02:41:38.312 I/BatteryStatsService( 1875): Using power HAL
05-08 02:41:38.312 E/BatteryStatsService( 1875): Unable to load Power.Stats.HAL. Setting rail availability to false
05-08 02:41:38.318 I/ServiceManager( 1679): Waiting for service 'package_native' on '/dev/binder'...
05-08 02:41:38.326 I/hwservicemanager( 1514): getTransport: Cannot find entry android.hardware.memtrack@1.0::IMemtrack/default in either framework or device manifest.
05-08 02:41:38.327 E/memtrack( 1875): Couldn't load memtrack module
05-08 02:41:38.327 W/android.os.Debug( 1875): failed to get memory consumption info: -1
05-08 02:41:38.333 I/AppOps  ( 1875): No existing app ops /data/system/appops.xml; starting empty
05-08 02:41:38.347 I/IntentFirewall( 1875): Read new rules (A:0 B:0 S:0)
05-08 02:41:38.382 D/AppOps  ( 1875): AppOpsService published
05-08 02:41:38.396 D/SystemServerTiming( 1875): StartActivityManager took to complete: 191ms
05-08 02:41:38.396 I/SystemServer( 1875): StartPowerManager
05-08 02:41:38.397 I/SystemServiceManager( 1875): Starting com.android.server.power.PowerManagerService
05-08 02:41:38.408 D/SystemServerTiming( 1875): StartPowerManager took to complete: 12ms
05-08 02:41:38.409 I/SystemServer( 1875): StartThermalManager
05-08 02:41:38.409 I/SystemServiceManager( 1875): Starting com.android.server.power.ThermalManagerService
05-08 02:41:38.410 D/SystemServerTiming( 1875): StartThermalManager took to complete: 1ms
05-08 02:41:38.410 I/SystemServer( 1875): InitPowerManagement
05-08 02:41:38.410 D/SystemServerTiming( 1875): InitPowerManagement took to complete: 0ms
05-08 02:41:38.411 I/SystemServer( 1875): StartRecoverySystemService
05-08 02:41:38.411 I/SystemServiceManager( 1875): Starting com.android.server.RecoverySystemService
05-08 02:41:38.411 D/SystemServerTiming( 1875): StartRecoverySystemService took to complete: 1ms
05-08 02:41:38.412 V/RescueParty( 1875): Disabled because of manual property
05-08 02:41:38.412 I/SystemServer( 1875): StartLightsService
05-08 02:41:38.412 I/SystemServiceManager( 1875): Starting com.android.server.lights.LightsService
05-08 02:41:38.420 I/ServiceManager( 1679): Waiting for service 'package_native' on '/dev/binder'...
05-08 02:41:38.423 D/SystemServerTiming( 1875): StartLightsService took to complete: 12ms
05-08 02:41:38.423 I/SystemServer( 1875): StartSidekickService
05-08 02:41:38.424 D/SystemServerTiming( 1875): StartSidekickService took to complete: 0ms
05-08 02:41:38.424 I/SystemServer( 1875): StartDisplayManager
05-08 02:41:38.424 I/SystemServiceManager( 1875): Starting com.android.server.display.DisplayManagerService
05-08 02:41:38.428 D/SystemServerTiming( 1875): StartDisplayManager took to complete: 3ms
05-08 02:41:38.428 I/SystemServer( 1875): WaitForDisplay
05-08 02:41:38.428 I/SystemServiceManager( 1875): Starting phase 100
05-08 02:41:38.429 E/SurfaceFlinger( 1646): ro.sf.lcd_density must be defined as a build property
05-08 02:41:38.435 I/DisplayManagerService( 1875): Display device added: DisplayDeviceInfo{"Built-in Screen": uniqueId="local:0", 1440 x 2560, modeId 1, defaultModeId 1, supportedModes [{id=1, width=1440, height=2560, fps=60.000004}], colorMode 0, supportedColorModes [0], HdrCapabilities android.view.Display$HdrCapabilities@40f16308, density 560, 560.0 x 560.0 dpi, appVsyncOff 1000000, presDeadline 16666666, touch INTERNAL, rotation 0, type BUILT_IN, state UNKNOWN, FLAG_DEFAULT_DISPLAY, FLAG_ROTATES_WITH_CONTENT, FLAG_SECURE, FLAG_SUPPORTS_PROTECTED_BUFFERS}
05-08 02:41:38.444 D/SurfaceFlinger( 1646): Setting power mode 2 on display 0
05-08 02:41:38.445 I/hwservicemanager( 1514): getTransport: Cannot find entry android.hardware.light@2.0::ILight/default in either framework or device manifest.
05-08 02:41:38.445 D/SystemServerTiming( 1875): WaitForDisplay took to complete: 17ms
05-08 02:41:38.446 I/SystemServer( 1875): StartPackageManagerService
05-08 02:41:38.446 W/StrictMode( 1875): No activity manager; failed to Dropbox violation.
05-08 02:41:38.454 I/chatty  ( 1875): uid=1000(system) android.display identical 4 lines
05-08 02:41:38.455 W/StrictMode( 1875): No activity manager; failed to Dropbox violation.
05-08 02:41:38.455 I/DisplayManagerService( 1875): Display device changed state: "Built-in Screen", ON
05-08 02:41:38.506 W/FileUtils( 1875): Failed to chmod(/data/system/packages.list): android.system.ErrnoException: chmod failed: ENOENT (No such file or directory)
05-08 02:41:38.514 D/SELinuxMMAC( 1875): Using policy file /system/etc/selinux/plat_mac_permissions.xml
05-08 02:41:38.517 D/SELinuxMMAC( 1875): Using policy file /vendor/etc/selinux/vendor_mac_permissions.xml
05-08 02:41:38.519 D/FallbackCategoryProvider( 1875): Found 387 fallback categories
05-08 02:41:38.519 I/PackageManager( 1875): No settings file; creating initial state
05-08 02:41:38.521 I/ServiceManager( 1679): Waiting for service 'package_native' on '/dev/binder'...
05-08 02:41:38.523 D/PackageManager( 1875): No files in app dir /vendor/overlay
05-08 02:41:38.541 I/PackageManager( 1875): /system/product/overlay/IconPackFilledAndroid changed; collecting certs
05-08 02:41:38.593 I/PackageManager( 1875): /system/product/overlay/IconShapeTeardrop changed; collecting certs
05-08 02:41:38.595 I/PackageManager( 1875): /system/product/overlay/IconPackRoundedSystemUI changed; collecting certs
05-08 02:41:38.597 I/PackageManager( 1875): /system/product/overlay/IconPackFilledSystemUI changed; collecting certs
05-08 02:41:38.600 I/PackageManager( 1875): /system/product/overlay/IconPackFilledPixelLauncher changed; collecting certs
05-08 02:41:38.603 I/PackageManager( 1875): /system/product/overlay/AccentColorPurple changed; collecting certs
05-08 02:41:38.607 I/PackageManager( 1875): /system/product/overlay/IconPackCircularSettings changed; collecting certs
05-08 02:41:38.608 I/PackageManager( 1875): /system/product/overlay/IconShapeSquare changed; collecting certs
05-08 02:41:38.613 I/PackageManager( 1875): /system/product/overlay/NavigationBarMode3Button changed; collecting certs
05-08 02:41:38.614 I/PackageManager( 1875): /system/product/overlay/IconPackRoundedPixelLauncher changed; collecting certs
05-08 02:41:38.619 I/PackageManager( 1875): /system/product/overlay/DisplayCutoutEmulationEmu01 changed; collecting certs
05-08 02:41:38.620 I/PackageManager( 1875): /system/product/overlay/EmulatorConfigOverlay.apk changed; collecting certs
05-08 02:41:38.622 I/PackageManager( 1875): /system/product/overlay/DisplayCutoutEmulationTall changed; collecting certs
05-08 02:41:38.623 I/ServiceManager( 1679): Waiting for service 'package_native' on '/dev/binder'...
05-08 02:41:38.664 I/PackageManager( 1875): /system/product/overlay/PixelDocumentsUIOverlay changed; collecting certs
05-08 02:41:38.666 I/PackageManager( 1875): /system/product/overlay/GoogleConfigOverlay.apk changed; collecting certs
05-08 02:41:38.669 I/PackageManager( 1875): /system/product/overlay/FontArvoLato changed; collecting certs
05-08 02:41:38.671 I/PackageManager( 1875): /system/product/overlay/IconPackCircularAndroid changed; collecting certs
05-08 02:41:38.673 I/PackageManager( 1875): /system/product/overlay/IconPackRoundedSettings changed; collecting certs
05-08 02:41:38.677 I/PackageManager( 1875): /system/product/overlay/DisplayCutoutEmulationCorner changed; collecting certs
05-08 02:41:38.678 I/PackageManager( 1875): /system/product/overlay/PixelConfigOverlay2017.apk changed; collecting certs
05-08 02:41:38.681 I/PackageManager( 1875): /system/product/overlay/IconPackCircularPixelLauncher changed; collecting certs
05-08 02:41:38.685 I/PackageManager( 1875): /system/product/overlay/DisplayCutoutEmulationDouble changed; collecting certs
05-08 02:41:38.686 I/PackageManager( 1875): /system/product/overlay/IconPackRoundedAndroid changed; collecting certs
05-08 02:41:38.687 I/PackageManager( 1875): /system/product/overlay/FontRubikRubik changed; collecting certs
05-08 02:41:38.688 I/PackageManager( 1875): /system/product/overlay/IconShapeSquircle changed; collecting certs
05-08 02:41:38.689 I/PackageManager( 1875): /system/product/overlay/FontArbutusSource changed; collecting certs
05-08 02:41:38.689 I/PackageManager( 1875): /system/product/overlay/IconPackFilledSettings changed; collecting certs
05-08 02:41:38.690 I/PackageManager( 1875): /system/product/overlay/IconShapeRoundedRect changed; collecting certs
05-08 02:41:38.691 I/PackageManager( 1875): /system/product/overlay/IconPackCircularSystemUI changed; collecting certs
05-08 02:41:38.692 I/PackageManager( 1875): /system/product/overlay/NavigationBarMode2Button changed; collecting certs
05-08 02:41:38.693 I/PackageManager( 1875): /system/product/overlay/AccentColorGreen changed; collecting certs
05-08 02:41:38.694 I/PackageManager( 1875): /system/product/overlay/AccentColorBlack changed; collecting certs
05-08 02:41:38.695 I/PackageManager( 1875): /system/product/overlay/NavigationBarModeGestural changed; collecting certs
05-08 02:41:38.696 I/PackageManager( 1875): /system/product/overlay/PixelConfigOverlayCommon.apk changed; collecting certs
05-08 02:41:38.698 I/PackageManager( 1875): /system/product/overlay/PixelConfigOverlay2018.apk changed; collecting certs
05-08 02:41:38.702 D/PackageManager( 1875): No files in app dir /product_services/overlay
05-08 02:41:38.702 D/PackageManager( 1875): No files in app dir /odm/overlay
05-08 02:41:38.704 W/PackageManager( 1875): Failed to parse /system/framework/x86: Missing base APK in /system/framework/x86
05-08 02:41:38.705 W/PackageManager( 1875): Failed to parse /system/framework/oat: Missing base APK in /system/framework/oat
05-08 02:41:38.728 I/ServiceManager( 1679): Waiting for service 'package_native' on '/dev/binder'...
05-08 02:41:38.743 I/PackageManager( 1875): /system/framework/framework-res.apk changed; collecting certs
05-08 02:41:38.745 E/PackageManager( 1875): Adding duplicate shared id: 1000 name=android
05-08 02:41:38.755 I/PackageManager( 1875): New shared user android.uid.shared: id=10035
05-08 02:41:38.755 I/PackageManager( 1875): /system/priv-app/BlockedNumberProvider changed; collecting certs
05-08 02:41:38.756 E/PackageManager( 1875): Adding duplicate app id: 10035 name=com.android.providers.blockednumber
05-08 02:41:38.759 I/PackageManager( 1875): /system/priv-app/SettingsProvider changed; collecting certs
05-08 02:41:38.760 E/PackageManager( 1875): Adding duplicate shared id: 1000 name=com.android.providers.settings
05-08 02:41:38.761 I/PackageManager( 1875): /system/priv-app/InputDevices changed; collecting certs
05-08 02:41:38.762 E/PackageManager( 1875): Adding duplicate shared id: 1000 name=com.android.inputdevices
05-08 02:41:38.781 I/PackageManager( 1875): /system/priv-app/FusedLocation changed; collecting certs
05-08 02:41:38.784 E/PackageManager( 1875): Adding duplicate shared id: 1000 name=com.android.location.fused
05-08 02:41:38.789 I/PackageManager( 1875): /system/priv-app/ContactsProvider changed; collecting certs
05-08 02:41:38.792 E/PackageManager( 1875): Adding duplicate app id: 10035 name=com.android.providers.contacts
05-08 02:41:38.793 I/PackageManager( 1875): /system/priv-app/GoogleSdkSetup changed; collecting certs
05-08 02:41:38.796 I/PackageManager( 1875): New shared user android.media: id=10037
05-08 02:41:38.797 I/PackageManager( 1875): /system/priv-app/DownloadProviderUi changed; collecting certs
05-08 02:41:38.806 E/PackageManager( 1875): Adding duplicate app id: 10037 name=com.android.providers.downloads.ui
05-08 02:41:38.810 I/PackageManager( 1875): /system/priv-app/GoogleExtServices changed; collecting certs
05-08 02:41:38.829 I/ServiceManager( 1679): Waiting for service 'package_native' on '/dev/binder'...
05-08 02:41:38.851 W/cmd     ( 1932): Can't find service settings
05-08 02:41:38.852 I/PackageManager( 1875): /system/priv-app/VpnDialogs changed; collecting certs
05-08 02:41:38.856 I/PackageManager( 1875): /system/priv-app/LocalTransport changed; collecting certs
05-08 02:41:38.869 E/PackageManager( 1875): Adding duplicate shared id: 1000 name=com.android.localtransport
05-08 02:41:38.875 I/PackageManager( 1875): /system/priv-app/BackupRestoreConfirmation changed; collecting certs
05-08 02:41:38.877 I/PackageManager( 1875): /system/priv-app/DynamicSystemInstallationService changed; collecting certs
05-08 02:41:38.894 E/PackageManager( 1875): Adding duplicate shared id: 1000 name=com.android.dynsystem
05-08 02:41:38.894 I/PackageManager( 1875): /system/priv-app/ONS changed; collecting certs
05-08 02:41:38.913 E/PackageManager( 1875): Adding duplicate shared id: 1001 name=com.android.ons
05-08 02:41:38.917 I/PackageManager( 1875): /system/priv-app/GooglePackageInstaller changed; collecting certs
05-08 02:41:38.932 I/ServiceManager( 1679): Waiting for service 'package_native' on '/dev/binder'...
05-08 02:41:38.935 I/PackageManager( 1875): /system/priv-app/MediaProvider changed; collecting certs
05-08 02:41:38.937 E/PackageManager( 1875): Adding duplicate app id: 10037 name=com.android.providers.media
05-08 02:41:38.939 I/PackageManager( 1875): /system/priv-app/CtsShimPrivPrebuilt changed; collecting certs
05-08 02:41:38.989 I/PackageParser( 1875): Parse times for '/system/priv-app/Telecom': parse=105ms, update_cache=3 ms
05-08 02:41:39.007 I/PackageManager( 1875): /system/priv-app/GooglePermissionController changed; collecting certs
05-08 02:41:39.012 I/PackageParser( 1875): Parse times for '/system/priv-app/TeleService': parse=129ms, update_cache=5 ms
05-08 02:41:39.013 I/PackageManager( 1875): /system/priv-app/NetworkStack changed; collecting certs
05-08 02:41:39.015 E/PackageManager( 1875): Adding duplicate shared id: 1073 name=com.android.networkstack
05-08 02:41:39.018 I/PackageManager( 1875): New shared user android.uid.calendar: id=10044
05-08 02:41:39.029 I/PackageManager( 1875): /system/priv-app/CalendarProvider changed; collecting certs
05-08 02:41:39.030 W/Binder:1671_2( 1671): type=1400 audit(0.0:79): avc: denied { write } for name="tasks" dev="tmpfs" ino=7629 scontext=u:r:installd:s0 tcontext=u:object_r:device:s0 tclass=file permissive=0
05-08 02:41:39.033 I/ServiceManager( 1679): Waiting for service 'package_native' on '/dev/binder'...
05-08 02:41:39.033 E/PackageManager( 1875): Adding duplicate app id: 10044 name=com.android.providers.calendar
05-08 02:41:39.034 I/PackageManager( 1875): /system/priv-app/DefaultContainerService changed; collecting certs
05-08 02:41:39.037 I/PackageManager( 1875): /system/priv-app/MusicFX changed; collecting certs
05-08 02:41:39.039 I/PackageManager( 1875): /system/priv-app/TimeZoneUpdater changed; collecting certs
05-08 02:41:39.040 I/PackageManager( 1875): /system/priv-app/DownloadProvider changed; collecting certs
05-08 02:41:39.041 E/PackageManager( 1875): Adding duplicate app id: 10037 name=com.android.providers.downloads
05-08 02:41:39.043 I/PackageManager( 1875): /system/priv-app/ExternalStorageProvider changed; collecting certs
05-08 02:41:39.044 I/PackageManager( 1875): /system/priv-app/UserDictionaryProvider changed; collecting certs
05-08 02:41:39.045 E/PackageManager( 1875): Adding duplicate app id: 10035 name=com.android.providers.userdictionary
05-08 02:41:39.047 I/PackageManager( 1875): /system/priv-app/StatementService changed; collecting certs
05-08 02:41:39.050 I/PackageManager( 1875): /system/priv-app/SharedStorageBackup changed; collecting certs
05-08 02:41:39.051 I/PackageManager( 1875): /system/priv-app/Telecom changed; collecting certs
05-08 02:41:39.052 E/PackageManager( 1875): Adding duplicate shared id: 1000 name=com.android.server.telecom
05-08 02:41:39.052 I/PackageManager( 1875): /system/priv-app/ManagedProvisioning changed; collecting certs
05-08 02:41:39.054 I/PackageManager( 1875): /system/priv-app/ProxyHandler changed; collecting certs
05-08 02:41:39.055 I/PackageManager( 1875): /system/priv-app/TeleService changed; collecting certs
05-08 02:41:39.062 E/PackageManager( 1875): Adding duplicate shared id: 1001 name=com.android.phone
05-08 02:41:39.064 I/PackageManager( 1875): /system/priv-app/CallLogBackup changed; collecting certs
05-08 02:41:39.066 E/PackageManager( 1875): Adding duplicate app id: 10035 name=com.android.calllogbackup
05-08 02:41:39.081 W/ResourceType( 1935): CREATING STRING CACHE OF 56 bytes
05-08 02:41:39.084 W/PackageParser( 1875): Ignoring duplicate uses-permissions/uses-permissions-sdk-m: android.permission.INSTALL_GRANT_RUNTIME_PERMISSIONS in package: com.android.shell at: Binary XML file line #126
05-08 02:41:39.086 I/PackageManager( 1875): /system/priv-app/DocumentsUI changed; collecting certs
05-08 02:41:39.089 I/PackageManager( 1875): /system/priv-app/MtpDocumentsProvider changed; collecting certs
05-08 02:41:39.090 E/PackageManager( 1875): Adding duplicate app id: 10037 name=com.android.mtp
05-08 02:41:39.092 I/PackageManager( 1875): /system/priv-app/MmsService changed; collecting certs
05-08 02:41:39.102 E/PackageManager( 1875): Adding duplicate shared id: 1001 name=com.android.mms.service
05-08 02:41:39.111 I/PackageManager( 1875): /system/priv-app/Shell changed; collecting certs
05-08 02:41:39.124 E/PackageManager( 1875): Adding duplicate shared id: 2000 name=com.android.shell
05-08 02:41:39.126 I/PackageManager( 1875): /system/priv-app/NetworkPermissionConfig changed; collecting certs
05-08 02:41:39.133 E/PackageManager( 1875): Adding duplicate shared id: 1073 name=com.android.networkstack.permissionconfig
05-08 02:41:39.134 I/ServiceManager( 1679): Waiting for service 'package_native' on '/dev/binder'...
05-08 02:41:39.137 I/PackageManager( 1875): /system/priv-app/Tag changed; collecting certs
05-08 02:41:39.140 W/PackageParser( 1875): No actions in intent filter at /system/priv-app/GoogleRestorePrebuilt/GoogleRestorePrebuilt.apk Binary XML file line #93
05-08 02:41:39.142 I/PackageManager( 1875): /system/priv-app/TelephonyProvider changed; collecting certs
05-08 02:41:39.144 E/PackageManager( 1875): Adding duplicate shared id: 1001 name=com.android.providers.telephony
05-08 02:41:39.144 I/PackageManager( 1875): /system/priv-app/GoogleRestorePrebuilt changed; collecting certs
05-08 02:41:39.176 I/PackageManager( 1875): /system/priv-app/CellBroadcastReceiver changed; collecting certs
05-08 02:41:39.190 I/PackageManager( 1875): /system/app/GooglePrintRecommendationService changed; collecting certs
05-08 02:41:39.194 W/PackageParser( 1875): Ignoring duplicate uses-permissions/uses-permissions-sdk-m: android.permission.CHANGE_WIFI_STATE in package: com.android.nfc at: Binary XML file line #52
05-08 02:41:39.195 W/PackageParser( 1875): Ignoring duplicate uses-permissions/uses-permissions-sdk-m: android.permission.ACCESS_WIFI_STATE in package: com.android.nfc at: Binary XML file line #53
05-08 02:41:39.206 I/PackageManager( 1875): /system/app/CtsShimPrebuilt changed; collecting certs
05-08 02:41:39.212 I/PackageManager( 1875): /system/app/NfcNci changed; collecting certs
05-08 02:41:39.220 E/PackageManager( 1875): Adding duplicate shared id: 1027 name=com.android.nfc
05-08 02:41:39.222 I/PackageManager( 1875): /system/app/PacProcessor changed; collecting certs
05-08 02:41:39.229 I/PackageManager( 1875): /system/app/SimAppDialog changed; collecting certs
05-08 02:41:39.237 I/PackageManager( 1875): /system/app/BluetoothMidiService changed; collecting certs
05-08 02:41:39.275 I/PackageManager( 1875): /system/app/GoogleHindiIME changed; collecting certs
05-08 02:41:39.300 I/PackageManager( 1875): /system/app/BookmarkProvider changed; collecting certs
05-08 02:41:39.310 W/PackageParser( 1875): No actions in intent filter at /system/app/CarrierDefaultApp/CarrierDefaultApp.apk Binary XML file line #43
05-08 02:41:39.316 I/PackageManager( 1875): /system/app/RcsService changed; collecting certs
05-08 02:41:39.319 E/PackageManager( 1875): Adding duplicate shared id: 1001 name=com.android.service.ims
05-08 02:41:39.321 W/PackageParser( 1875): Ignoring duplicate uses-permissions/uses-permissions-sdk-m: android.permission.READ_CONTACTS in package: com.android.bluetooth at: Binary XML file line #67
05-08 02:41:39.322 W/PackageParser( 1875): No actions in intent filter at /system/app/Bluetooth/Bluetooth.apk Binary XML file line #262
05-08 02:41:39.323 I/PackageManager( 1875): /system/app/Stk changed; collecting certs
05-08 02:41:39.332 E/PackageManager( 1875): Adding duplicate shared id: 1001 name=com.android.stk
05-08 02:41:39.336 I/PackageManager( 1875): /system/app/EasterEgg changed; collecting certs
05-08 02:41:39.338 I/PackageManager( 1875): /system/app/GoogleExtShared changed; collecting certs
05-08 02:41:39.340 I/PackageManager( 1875): /system/app/PartnerBookmarksProvider changed; collecting certs
05-08 02:41:39.356 I/PackageManager( 1875): /system/app/CaptivePortalLogin changed; collecting certs
05-08 02:41:39.364 I/PackageManager( 1875): /system/app/WallpapersUsTwo changed; collecting certs
05-08 02:41:39.367 I/PackageManager( 1875): /system/app/Traceur changed; collecting certs
05-08 02:41:39.372 I/PackageManager( 1875): /system/app/CompanionDeviceManager changed; collecting certs
05-08 02:41:39.376 I/PackageManager( 1875): /system/app/CarrierDefaultApp changed; collecting certs
05-08 02:41:39.378 I/PackageManager( 1875): /system/app/PrintSpooler changed; collecting certs
05-08 02:41:39.386 I/PackageManager( 1875): /system/app/HTMLViewer changed; collecting certs
05-08 02:41:39.387 I/PackageManager( 1875): /system/app/WAPPushManager changed; collecting certs
05-08 02:41:39.388 I/PackageManager( 1875): /system/app/BuiltInPrintService changed; collecting certs
05-08 02:41:39.403 I/PackageManager( 1875): /system/app/Bluetooth changed; collecting certs
05-08 02:41:39.416 E/PackageManager( 1875): Adding duplicate shared id: 1002 name=com.android.bluetooth
05-08 02:41:39.418 I/PackageManager( 1875): /system/app/OsuLogin changed; collecting certs
05-08 02:41:39.420 I/PackageManager( 1875): /system/app/CertInstaller changed; collecting certs
05-08 02:41:39.422 I/PackageManager( 1875): /system/app/BasicDreams changed; collecting certs
05-08 02:41:39.423 I/PackageManager( 1875): /system/app/WallpaperBackup changed; collecting certs
05-08 02:41:39.424 E/PackageManager( 1875): Adding duplicate shared id: 1000 name=com.android.wallpaperbackup
05-08 02:41:39.425 I/PackageManager( 1875): /system/app/GooglePinyinIME changed; collecting certs
05-08 02:41:39.427 I/PackageManager( 1875): /system/app/SafetyRegulatoryInfo changed; collecting certs
05-08 02:41:39.429 I/PackageManager( 1875): /system/app/PresencePolling changed; collecting certs
05-08 02:41:39.431 E/PackageManager( 1875): Adding duplicate shared id: 1001 name=com.android.service.ims.presence
05-08 02:41:39.431 I/PackageManager( 1875): /system/app/SecureElement changed; collecting certs
05-08 02:41:39.432 E/PackageManager( 1875): Adding duplicate shared id: 1068 name=com.android.se
05-08 02:41:39.433 I/PackageManager( 1875): /system/app/LicenseChecker changed; collecting certs
05-08 02:41:39.434 I/PackageManager( 1875): /system/app/KeyChain changed; collecting certs
05-08 02:41:39.435 E/PackageManager( 1875): Adding duplicate shared id: 1000 name=com.android.keychain
05-08 02:41:39.435 I/PackageManager( 1875): /system/app/LiveWallpapersPicker changed; collecting certs
05-08 02:41:39.436 I/PackageManager( 1875): /system/app/KoreanIME changed; collecting certs
05-08 02:41:39.438 I/ServiceManager( 1679): Waiting for service 'package_native' on '/dev/binder'...
05-08 02:41:39.442 D/PackageManager( 1875): No files in app dir /vendor/priv-app
05-08 02:41:39.443 D/PackageManager( 1875): No files in app dir /vendor/app
05-08 02:41:39.443 D/PackageManager( 1875): No files in app dir /odm/priv-app
05-08 02:41:39.443 D/PackageManager( 1875): No files in app dir /odm/app
05-08 02:41:39.443 D/PackageManager( 1875): No files in app dir /oem/app
05-08 02:41:39.480 I/PackageManager( 1875): /system/product/priv-app/GoogleOneTimeInitializer changed; collecting certs
05-08 02:41:39.482 I/PackageManager( 1875): /system/product/priv-app/TipsPrebuilt changed; collecting certs
05-08 02:41:39.504 I/PackageManager( 1875): /system/product/priv-app/NexusLauncherRelease changed; collecting certs
05-08 02:41:39.509 W/PackageParser( 1875): Ignoring duplicate uses-permissions/uses-permissions-sdk-m: android.permission.READ_PRIVILEGED_PHONE_STATE in package: com.google.android.partnersetup at: Binary XML file line #56
05-08 02:41:39.523 I/PackageManager( 1875): /system/product/priv-app/WallpaperPickerGooglePrebuilt changed; collecting certs
05-08 02:41:39.530 I/PackageManager( 1875): /system/product/priv-app/GooglePartnerSetup changed; collecting certs
05-08 02:41:39.540 I/ServiceManager( 1679): Waiting for service 'package_native' on '/dev/binder'...
05-08 02:41:39.542 I/PackageManager( 1875): /system/product/priv-app/CarrierConfig changed; collecting certs
05-08 02:41:39.547 I/PackageManager( 1875): /system/product/priv-app/MatchmakerPrebuiltP2Plus changed; collecting certs
05-08 02:41:39.562 I/PackageManager( 1875): /system/product/priv-app/AndroidMigratePrebuilt changed; collecting certs
05-08 02:41:39.596 W/PackageParser( 1875): No actions in intent filter at /system/product/priv-app/Contacts/Contacts.apk Binary XML file line #411
05-08 02:41:39.599 I/PackageManager( 1875): /system/product/priv-app/Contacts changed; collecting certs
05-08 02:41:39.614 W/PackageParser( 1875): Unknown element under <manifest>: meta-data at /system/product/priv-app/GoogleDialer/GoogleDialer.apk Binary XML file line #97
05-08 02:41:39.636 I/PackageManager( 1875): /system/product/priv-app/SettingsIntelligenceGooglePrebuilt changed; collecting certs
05-08 02:41:39.639 W/PackageManager( 1875): Skipping provider name com.google.android.settings.intelligence (in package com.google.android.settings.intelligence): name already used by com.google.android.settings.intelligence
05-08 02:41:39.652 I/PackageParser( 1875): Parse times for '/system/product/priv-app/GoogleDialer': parse=132ms, update_cache=12 ms
05-08 02:41:39.652 I/PackageManager( 1875): /system/product/priv-app/GoogleDialer changed; collecting certs
05-08 02:41:39.677 I/PackageManager( 1875): /system/product/priv-app/ConfigUpdater changed; collecting certs
05-08 02:41:39.774 I/PackageManager( 1875): /system/product/priv-app/SetupWizardPrebuilt changed; collecting certs
05-08 02:41:39.815 I/PackageManager( 1875): /system/product/priv-app/SafetyHubPrebuilt changed; collecting certs
05-08 02:41:39.828 W/PackageManager( 1875): Skipping provider name com.google.android.apps.safetyhub (in package com.google.android.apps.safetyhub): name already used by com.google.android.apps.safetyhub
05-08 02:41:39.845 I/ServiceManager( 1679): Waiting for service 'package_native' on '/dev/binder'...
05-08 02:41:39.867 W/cmd     ( 1949): Can't find service settings
05-08 02:41:39.918 I/PackageManager( 1875): /system/product/priv-app/WellbeingPrebuilt changed; collecting certs
05-08 02:41:39.947 I/ServiceManager( 1679): Waiting for service 'package_native' on '/dev/binder'...
05-08 02:41:39.965 W/PackageParser( 1875): No actions in intent filter at /system/product/priv-app/Velvet/Velvet.apk Binary XML file line #3327
05-08 02:41:39.966 I/PackageParser( 1875): Parse times for '/system/product/priv-app/PrebuiltGmsCore': parse=244ms, update_cache=87 ms
05-08 02:41:39.966 I/PackageManager( 1875): New shared user com.google.uid.shared: id=10099
05-08 02:41:39.966 I/PackageManager( 1875): /system/product/priv-app/PrebuiltGmsCore changed; collecting certs
05-08 02:41:39.984 E/PackageManager( 1875): Adding duplicate app id: 10099 name=com.google.android.gms
05-08 02:41:39.996 I/PackageParser( 1875): Parse times for '/system/product/priv-app/Velvet': parse=355ms, update_cache=31 ms
05-08 02:41:39.997 I/PackageManager( 1875): /system/product/priv-app/Velvet changed; collecting certs
05-08 02:41:40.021 I/PackageParser( 1875): Parse times for '/system/product/priv-app/SettingsGoogle': parse=466ms, update_cache=24 ms
05-08 02:41:40.021 I/PackageManager( 1875): /system/product/priv-app/GoogleServicesFramework changed; collecting certs
05-08 02:41:40.032 E/PackageManager( 1875): Adding duplicate app id: 10099 name=com.google.android.gsf
05-08 02:41:40.037 I/PackageManager( 1875): /system/product/priv-app/SettingsGoogle changed; collecting certs
05-08 02:41:40.040 E/PackageManager( 1875): Adding duplicate shared id: 1000 name=com.android.settings
05-08 02:41:40.044 I/PackageManager( 1875): /system/product/priv-app/GoogleANGLE changed; collecting certs
05-08 02:41:40.048 I/system_server( 1875): Background young concurrent copying GC freed 110920(10231KB) AllocSpace objects, 112(2708KB) LOS objects, 49% free, 6292KB/12MB, paused 969us total 221.257ms
05-08 02:41:40.050 I/ServiceManager( 1679): Waiting for service 'package_native' on '/dev/binder'...
05-08 02:41:40.053 I/PackageManager( 1875): /system/product/priv-app/GoogleFeedback changed; collecting certs
05-08 02:41:40.092 W/PackageParser( 1875): Unknown element under <manifest>: meta-data at /system/product/priv-app/EuiccGoogle/EuiccGoogle.apk Binary XML file line #45
05-08 02:41:40.094 I/PackageManager( 1875): /system/product/priv-app/EuiccSupportPixel changed; collecting certs
05-08 02:41:40.114 W/PackageParser( 1875): Ignoring duplicate uses-permissions/uses-permissions-sdk-m: android.permission.CONFIGURE_WIFI_DISPLAY in package: com.android.systemui at: Binary XML file line #155
05-08 02:41:40.116 I/PackageManager( 1875): /system/product/priv-app/StorageManagerGoogle changed; collecting certs
05-08 02:41:40.129 I/PackageParser( 1875): Parse times for '/system/product/priv-app/SystemUIGoogle': parse=192ms, update_cache=5 ms
05-08 02:41:40.130 I/PackageManager( 1875): /system/product/priv-app/EuiccGoogle changed; collecting certs
05-08 02:41:40.141 I/PackageManager( 1875): New shared user android.uid.systemui: id=10106
05-08 02:41:40.141 I/PackageManager( 1875): /system/product/priv-app/SystemUIGoogle changed; collecting certs
05-08 02:41:40.144 E/PackageManager( 1875): Adding duplicate app id: 10106 name=com.android.systemui
05-08 02:41:40.150 I/ServiceManager( 1679): Waiting for service 'package_native' on '/dev/binder'...
05-08 02:41:40.211 I/PackageManager( 1875): /system/product/app/Camera2 changed; collecting certs
05-08 02:41:40.218 I/PackageManager( 1875): /system/product/app/MarkupGoogle changed; collecting certs
05-08 02:41:40.251 I/PackageManager( 1875): /system/product/app/TrichromeWebView changed; collecting certs
05-08 02:41:40.251 I/ServiceManager( 1679): Waiting for service 'package_native' on '/dev/binder'...
05-08 02:41:40.286 I/PackageManager( 1875): /system/product/app/GoogleTTS changed; collecting certs
05-08 02:41:40.307 I/PackageManager( 1875): /system/product/app/DiagnosticsToolPrebuilt changed; collecting certs
05-08 02:41:40.316 I/PackageManager( 1875): /system/product/app/ModuleMetadata changed; collecting certs
05-08 02:41:40.348 I/PackageParser( 1875): Parse times for '/system/product/app/Music2': parse=154ms, update_cache=39 ms
05-08 02:41:40.350 W/PackageParser( 1875): No actions in intent filter at /system/product/app/PrebuiltBugle/PrebuiltBugle.apk Binary XML file line #1024
05-08 02:41:40.360 W/storaged( 1679): type=1400 audit(0.0:80): avc: denied { write } for name="tasks" dev="tmpfs" ino=7629 scontext=u:r:storaged:s0 tcontext=u:object_r:device:s0 tclass=file permissive=0
05-08 02:41:40.362 W/ServiceManager( 1679): Service package_native didn't start. Returning NULL
05-08 02:41:40.363 E/storaged( 1679): getService package_native failed
05-08 02:41:40.363 I/PackageParser( 1875): Parse times for '/system/product/app/PrebuiltBugle': parse=204ms, update_cache=11 ms
05-08 02:41:40.371 I/storaged( 1679): storaged: Start
05-08 02:41:40.372 I/ServiceManager( 1679): Waiting for service 'package_native' on '/dev/binder'...
05-08 02:41:40.381 I/PackageManager( 1875): /system/product/app/Browser2 changed; collecting certs
05-08 02:41:40.382 I/PackageManager( 1875): /system/product/app/Music2 changed; collecting certs
05-08 02:41:40.398 I/PackageManager( 1875): /system/product/app/PrebuiltBugle changed; collecting certs
05-08 02:41:40.424 I/PackageManager( 1875): /system/product/app/TrichromeLibrary changed; collecting certs
05-08 02:41:40.479 I/ServiceManager( 1679): Waiting for service 'package_native' on '/dev/binder'...
05-08 02:41:40.501 I/PackageParser( 1875): Parse times for '/system/product/app/Maps': parse=157ms, update_cache=20 ms
05-08 02:41:40.502 I/PackageManager( 1875): New shared user com.google.android.apps.maps: id=10117
05-08 02:41:40.502 I/PackageManager( 1875): /system/product/app/Maps changed; collecting certs
05-08 02:41:40.509 E/PackageManager( 1875): Adding duplicate app id: 10117 name=com.google.android.apps.maps
05-08 02:41:40.543 I/PackageParser( 1875): Parse times for '/system/product/app/Chrome': parse=168ms, update_cache=12 ms
05-08 02:41:40.544 I/PackageManager( 1875): /system/product/app/Chrome changed; collecting certs
05-08 02:41:40.545 W/PackageParser( 1875): Unknown element under <manifest>: meta-data at /system/product/app/Drive/Drive.apk Binary XML file line #114
05-08 02:41:40.549 W/PackageParser( 1875): No actions in intent filter at /system/product/app/Drive/Drive.apk Binary XML file line #1638
05-08 02:41:40.555 I/PackageParser( 1875): Parse times for '/system/product/app/Drive': parse=233ms, update_cache=5 ms
05-08 02:41:40.555 I/PackageManager( 1875): /system/product/app/Drive changed; collecting certs
05-08 02:41:40.573 I/PackageManager( 1875): /system/product/app/NexusWallpapersStubPrebuilt2018 changed; collecting certs
05-08 02:41:40.580 I/ServiceManager( 1679): Waiting for service 'package_native' on '/dev/binder'...
05-08 02:41:40.682 I/ServiceManager( 1679): Waiting for service 'package_native' on '/dev/binder'...
05-08 02:41:40.685 W/PackageParser( 1875): No actions in intent filter at /system/product/app/PrebuiltGmail/PrebuiltGmail.apk Binary XML file line #701
05-08 02:41:40.685 W/PackageParser( 1875): No actions in intent filter at /system/product/app/PrebuiltGmail/PrebuiltGmail.apk Binary XML file line #766
05-08 02:41:40.692 I/PackageParser( 1875): Parse times for '/system/product/app/PrebuiltGmail': parse=184ms, update_cache=5 ms
05-08 02:41:40.692 I/PackageManager( 1875): /system/product/app/PrebuiltGmail changed; collecting certs
05-08 02:41:40.710 I/PackageParser( 1875): Parse times for '/system/product/app/YouTube': parse=326ms, update_cache=4 ms
05-08 02:41:40.710 I/PackageManager( 1875): /system/product/app/YouTube changed; collecting certs
05-08 02:41:40.725 W/PackageParser( 1875): No actions in intent filter at /system/product/app/CalendarGooglePrebuilt/CalendarGooglePrebuilt.apk Binary XML file line #1001
05-08 02:41:40.729 I/PackageParser( 1875): Parse times for '/system/product/app/CalendarGooglePrebuilt': parse=165ms, update_cache=4 ms
05-08 02:41:40.729 I/PackageManager( 1875): New shared user com.google.android.calendar.uid.shared: id=10123
05-08 02:41:40.729 I/PackageManager( 1875): /system/product/app/CalendarGooglePrebuilt changed; collecting certs
05-08 02:41:40.733 E/PackageManager( 1875): Adding duplicate app id: 10123 name=com.google.android.calendar
05-08 02:41:40.735 W/PackageParser( 1875): No actions in intent filter at /system/product/app/AndroidAutoPrebuilt/AndroidAutoPrebuilt.apk Binary XML file line #1132
05-08 02:41:40.741 I/PackageParser( 1875): Parse times for '/system/product/app/AndroidAutoPrebuilt': parse=181ms, update_cache=6 ms
05-08 02:41:40.742 I/PackageManager( 1875): New shared user com.google.android.projection.gearhead: id=10124
05-08 02:41:40.742 I/PackageManager( 1875): /system/product/app/AndroidAutoPrebuilt changed; collecting certs
05-08 02:41:40.747 E/PackageManager( 1875): Adding duplicate app id: 10124 name=com.google.android.projection.gearhead
05-08 02:41:40.765 I/PackageManager( 1875): /system/product/app/GoogleContactsSyncAdapter changed; collecting certs
05-08 02:41:40.779 I/PackageManager( 1875): /system/product/app/WallpapersBReel2018 changed; collecting certs
05-08 02:41:40.783 I/ServiceManager( 1679): Waiting for service 'package_native' on '/dev/binder'...
05-08 02:41:40.805 I/PackageManager( 1875): /system/product/app/PrebuiltDeskClockGoogle changed; collecting certs
05-08 02:41:40.874 W/cmd     ( 1961): Can't find service settings
05-08 02:41:40.883 I/ServiceManager( 1679): Waiting for service 'package_native' on '/dev/binder'...
05-08 02:41:40.915 I/PackageParser( 1875): Parse times for '/system/product/app/Videos': parse=134ms, update_cache=3 ms
05-08 02:41:40.916 I/PackageManager( 1875): /system/product/app/Videos changed; collecting certs
05-08 02:41:40.955 I/PackageParser( 1875): Parse times for '/system/product/app/LatinIMEGooglePrebuilt': parse=194ms, update_cache=3 ms
05-08 02:41:40.955 I/PackageManager( 1875): /system/product/app/LatinIMEGooglePrebuilt changed; collecting certs
05-08 02:41:40.957 W/PackageParser( 1875): No actions in intent filter at /system/product/app/Photos/Photos.apk Binary XML file line #1841
05-08 02:41:40.965 I/PackageParser( 1875): Parse times for '/system/product/app/Photos': parse=247ms, update_cache=8 ms
05-08 02:41:40.965 I/PackageManager( 1875): /system/product/app/Photos changed; collecting certs
05-08 02:41:40.969 D/PackageManager( 1875): No files in app dir /product_services/priv-app
05-08 02:41:40.970 D/PackageManager( 1875): No files in app dir /product_services/app
05-08 02:41:40.970 I/PackageManager( 1875): Finished scanning system apps. Time: 2450 ms, packageCount: 161 , timePerPackage: 15 , cached: 0
05-08 02:41:40.970 D/PackageManager( 1875): No files in app dir /data/app
05-08 02:41:40.970 I/PackageManager( 1875): Finished scanning non-system apps. Time: 0 ms, packageCount: 0 , timePerPackage: 0 , cached: 0
05-08 02:41:40.975 E/installd( 1671): Invalid path /system/product/priv-app/GoogleServicesFramework: No such file or directory
05-08 02:41:40.978 I/PackageManager( 1875): Time to scan packages: 2.458 seconds
05-08 02:41:40.980 I/PackageManager( 1875): Un-granting permission android.permission.MANAGE_DOCUMENTS from package com.google.android.youtube (protectionLevel=262146 flags=0x305bbe45)
05-08 02:41:40.989 I/ServiceManager( 1679): Waiting for service 'package_native' on '/dev/binder'...
05-08 02:41:40.990 I/PackageManager( 1875): Un-granting permission com.google.android.googleapps.permission.GOOGLE_AUTH from package com.android.providers.calendar (protectionLevel=2 flags=0x30083e45)
05-08 02:41:40.990 I/PackageManager( 1875): Un-granting permission com.google.android.googleapps.permission.GOOGLE_AUTH.cl from package com.android.providers.calendar (protectionLevel=2 flags=0x30083e45)
05-08 02:41:40.991 I/PackageManager( 1875): Un-granting permission com.google.android.setupwizard.READ_DEVICE_ORIGIN from package com.google.android.apps.messaging (protectionLevel=18 flags=0x384bbe45)
05-08 02:41:40.991 I/PackageManager( 1875): Un-granting permission android.permission.BIND_WALLPAPER from package com.android.camera2 (protectionLevel=18 flags=0x2058bc45)
05-08 02:41:40.992 I/PackageManager( 1875): Un-granting permission android.permission.REQUEST_INSTALL_PACKAGES from package com.google.android.gm (protectionLevel=66 flags=0x384bbe45)
05-08 02:41:40.992 I/PackageManager( 1875): Un-granting permission android.permission.CLEAR_APP_USER_DATA from package com.google.android.permissioncontroller (protectionLevel=258 flags=0x20483e05)
05-08 02:41:40.992 I/PackageManager( 1875): Un-granting permission android.permission.GRANT_RUNTIME_PERMISSIONS from package com.google.android.permissioncontroller (protectionLevel=770 flags=0x20483e05)
05-08 02:41:40.992 I/PackageManager( 1875): Un-granting permission android.permission.REVOKE_RUNTIME_PERMISSIONS from package com.google.android.permissioncontroller (protectionLevel=770 flags=0x20483e05)
05-08 02:41:40.992 I/PackageManager( 1875): Un-granting permission android.permission.ADJUST_RUNTIME_PERMISSIONS_POLICY from package com.google.android.permissioncontroller (protectionLevel=258 flags=0x20483e05)
05-08 02:41:40.992 I/PackageManager( 1875): Un-granting permission android.permission.WHITELIST_RESTRICTED_PERMISSIONS from package com.google.android.permissioncontroller (protectionLevel=258 flags=0x20483e05)
05-08 02:41:40.993 I/PackageManager( 1875): Un-granting permission android.permission.INTERACT_ACROSS_USERS_FULL from package com.google.android.permissioncontroller (protectionLevel=258 flags=0x20483e05)
05-08 02:41:40.993 I/PackageManager( 1875): Un-granting permission android.permission.MANAGE_APP_OPS_MODES from package com.google.android.permissioncontroller (protectionLevel=770 flags=0x20483e05)
